Archive member included to satisfy reference by file (symbol)

/usr/lib/gcc/avr/5.4.0/avr5/libgcc.a(_exit.o)
                              /usr/lib/gcc/avr/5.4.0/../../../avr/lib/avr5/crtatmega32.o (exit)
/usr/lib/gcc/avr/5.4.0/avr5/libgcc.a(_copy_data.o)
                              ./Clock.o (__do_copy_data)
/usr/lib/gcc/avr/5.4.0/avr5/libgcc.a(_clear_bss.o)
                              ./Clock.o (__do_clear_bss)
/usr/lib/gcc/avr/5.4.0/avr5/libgcc.a(_umulhisi3.o)
                              ./LCD_program.o (__umulhisi3)
/usr/lib/gcc/avr/5.4.0/../../../avr/lib/avr5/libm.a(addsf3.o)
                              ./LCD_program.o (__addsf3)
/usr/lib/gcc/avr/5.4.0/../../../avr/lib/avr5/libm.a(addsf3x.o)
                              /usr/lib/gcc/avr/5.4.0/../../../avr/lib/avr5/libm.a(addsf3.o) (__addsf3x)
/usr/lib/gcc/avr/5.4.0/../../../avr/lib/avr5/libm.a(cmpsf2.o)
                              ./LCD_program.o (__ltsf2)
/usr/lib/gcc/avr/5.4.0/../../../avr/lib/avr5/libm.a(divsf3.o)
                              ./LCD_program.o (__divsf3)
/usr/lib/gcc/avr/5.4.0/../../../avr/lib/avr5/libm.a(divsf3x.o)
                              /usr/lib/gcc/avr/5.4.0/../../../avr/lib/avr5/libm.a(divsf3.o) (__divsf3x)
/usr/lib/gcc/avr/5.4.0/../../../avr/lib/avr5/libm.a(fixunssfsi.o)
                              ./LCD_program.o (__fixunssfsi)
/usr/lib/gcc/avr/5.4.0/../../../avr/lib/avr5/libm.a(fp_cmp.o)
                              /usr/lib/gcc/avr/5.4.0/../../../avr/lib/avr5/libm.a(cmpsf2.o) (__fp_cmp)
/usr/lib/gcc/avr/5.4.0/../../../avr/lib/avr5/libm.a(fp_inf.o)
                              /usr/lib/gcc/avr/5.4.0/../../../avr/lib/avr5/libm.a(addsf3x.o) (__fp_inf)
/usr/lib/gcc/avr/5.4.0/../../../avr/lib/avr5/libm.a(fp_nan.o)
                              /usr/lib/gcc/avr/5.4.0/../../../avr/lib/avr5/libm.a(addsf3x.o) (__fp_nan)
/usr/lib/gcc/avr/5.4.0/../../../avr/lib/avr5/libm.a(fp_pscA.o)
                              /usr/lib/gcc/avr/5.4.0/../../../avr/lib/avr5/libm.a(addsf3x.o) (__fp_pscA)
/usr/lib/gcc/avr/5.4.0/../../../avr/lib/avr5/libm.a(fp_pscB.o)
                              /usr/lib/gcc/avr/5.4.0/../../../avr/lib/avr5/libm.a(addsf3x.o) (__fp_pscB)
/usr/lib/gcc/avr/5.4.0/../../../avr/lib/avr5/libm.a(fp_round.o)
                              /usr/lib/gcc/avr/5.4.0/../../../avr/lib/avr5/libm.a(addsf3.o) (__fp_round)
/usr/lib/gcc/avr/5.4.0/../../../avr/lib/avr5/libm.a(fp_split3.o)
                              /usr/lib/gcc/avr/5.4.0/../../../avr/lib/avr5/libm.a(addsf3x.o) (__fp_split3)
/usr/lib/gcc/avr/5.4.0/../../../avr/lib/avr5/libm.a(fp_zero.o)
                              /usr/lib/gcc/avr/5.4.0/../../../avr/lib/avr5/libm.a(addsf3x.o) (__fp_zero)
/usr/lib/gcc/avr/5.4.0/../../../avr/lib/avr5/libm.a(gesf2.o)
                              ./LCD_program.o (__gtsf2)
/usr/lib/gcc/avr/5.4.0/../../../avr/lib/avr5/libm.a(mulsf3.o)
                              ./LCD_program.o (__mulsf3)
/usr/lib/gcc/avr/5.4.0/../../../avr/lib/avr5/libm.a(mulsf3x.o)
                              /usr/lib/gcc/avr/5.4.0/../../../avr/lib/avr5/libm.a(mulsf3.o) (__mulsf3x)
/usr/lib/gcc/avr/5.4.0/../../../avr/lib/avr5/libc.a(memcpy.o)
                              ./queue.o (memcpy)

Allocating common symbols
Common symbol       size              file

KBD_Au8ColsPins     0x4               ./KBD_program.o
KBD_Au8RowsPins     0x4               ./KBD_program.o
LCD                 0x2               ./Clock.o

Memory Configuration

Name             Origin             Length             Attributes
text             0x0000000000000000 0x0000000000020000 xr
data             0x0000000000800060 0x000000000000ffa0 rw !x
eeprom           0x0000000000810000 0x0000000000010000 rw !x
fuse             0x0000000000820000 0x0000000000000002 rw !x
lock             0x0000000000830000 0x0000000000000400 rw !x
signature        0x0000000000840000 0x0000000000000400 rw !x
user_signatures  0x0000000000850000 0x0000000000000400 rw !x
*default*        0x0000000000000000 0xffffffffffffffff

Linker script and memory map

LOAD /usr/lib/gcc/avr/5.4.0/../../../avr/lib/avr5/crtatmega32.o
LOAD ./Clock.o
LOAD ./DIO_Program.o
LOAD ./KBD_program.o
LOAD ./LCD_program.o
LOAD ./croutine.o
LOAD ./event_groups.o
LOAD ./heap_1.o
LOAD ./list.o
LOAD ./main.o
LOAD ./port.o
LOAD ./queue.o
LOAD ./tasks.o
LOAD ./timers.o
START GROUP
LOAD /usr/lib/gcc/avr/5.4.0/avr5/libgcc.a
LOAD /usr/lib/gcc/avr/5.4.0/../../../avr/lib/avr5/libm.a
LOAD /usr/lib/gcc/avr/5.4.0/../../../avr/lib/avr5/libc.a
LOAD /usr/lib/gcc/avr/5.4.0/../../../avr/lib/avr5/libatmega32.a
END GROUP
                0x0000000000020000                __TEXT_REGION_LENGTH__ = DEFINED (__TEXT_REGION_LENGTH__)?__TEXT_REGION_LENGTH__:0x20000
                0x000000000000ffa0                __DATA_REGION_LENGTH__ = DEFINED (__DATA_REGION_LENGTH__)?__DATA_REGION_LENGTH__:0xffa0
                0x0000000000010000                __EEPROM_REGION_LENGTH__ = DEFINED (__EEPROM_REGION_LENGTH__)?__EEPROM_REGION_LENGTH__:0x10000
                [0x0000000000000002]                __FUSE_REGION_LENGTH__ = DEFINED (__FUSE_REGION_LENGTH__)?__FUSE_REGION_LENGTH__:0x400
                0x0000000000000400                __LOCK_REGION_LENGTH__ = DEFINED (__LOCK_REGION_LENGTH__)?__LOCK_REGION_LENGTH__:0x400
                0x0000000000000400                __SIGNATURE_REGION_LENGTH__ = DEFINED (__SIGNATURE_REGION_LENGTH__)?__SIGNATURE_REGION_LENGTH__:0x400
                0x0000000000000400                __USER_SIGNATURE_REGION_LENGTH__ = DEFINED (__USER_SIGNATURE_REGION_LENGTH__)?__USER_SIGNATURE_REGION_LENGTH__:0x400

.hash
 *(.hash)

.dynsym
 *(.dynsym)

.dynstr
 *(.dynstr)

.gnu.version
 *(.gnu.version)

.gnu.version_d
 *(.gnu.version_d)

.gnu.version_r
 *(.gnu.version_r)

.rel.init
 *(.rel.init)

.rela.init
 *(.rela.init)

.rel.text
 *(.rel.text)
 *(.rel.text.*)
 *(.rel.gnu.linkonce.t*)

.rela.text
 *(.rela.text)
 *(.rela.text.*)
 *(.rela.gnu.linkonce.t*)

.rel.fini
 *(.rel.fini)

.rela.fini
 *(.rela.fini)

.rel.rodata
 *(.rel.rodata)
 *(.rel.rodata.*)
 *(.rel.gnu.linkonce.r*)

.rela.rodata
 *(.rela.rodata)
 *(.rela.rodata.*)
 *(.rela.gnu.linkonce.r*)

.rel.data
 *(.rel.data)
 *(.rel.data.*)
 *(.rel.gnu.linkonce.d*)

.rela.data
 *(.rela.data)
 *(.rela.data.*)
 *(.rela.gnu.linkonce.d*)

.rel.ctors
 *(.rel.ctors)

.rela.ctors
 *(.rela.ctors)

.rel.dtors
 *(.rel.dtors)

.rela.dtors
 *(.rela.dtors)

.rel.got
 *(.rel.got)

.rela.got
 *(.rela.got)

.rel.bss
 *(.rel.bss)

.rela.bss
 *(.rela.bss)

.rel.plt
 *(.rel.plt)

.rela.plt
 *(.rela.plt)

.text           0x0000000000000000     0x6436
 *(.vectors)
 .vectors       0x0000000000000000       0x54 /usr/lib/gcc/avr/5.4.0/../../../avr/lib/avr5/crtatmega32.o
                0x0000000000000000                __vectors
                0x0000000000000000                __vector_default
 *(.vectors)
 *(.progmem.gcc*)
                0x0000000000000054                . = ALIGN (0x2)
                0x0000000000000054                __trampolines_start = .
 *(.trampolines)
 .trampolines   0x0000000000000054        0x0 linker stubs
 *(.trampolines*)
                0x0000000000000054                __trampolines_end = .
 *libprintf_flt.a:*(.progmem.data)
 *libc.a:*(.progmem.data)
 *(.progmem*)
                0x0000000000000054                . = ALIGN (0x2)
 *(.jumptables)
 *(.jumptables*)
 *(.lowtext)
 *(.lowtext*)
                0x0000000000000054                __ctors_start = .
 *(.ctors)
                0x0000000000000054                __ctors_end = .
                0x0000000000000054                __dtors_start = .
 *(.dtors)
                0x0000000000000054                __dtors_end = .
 SORT(*)(.ctors)
 SORT(*)(.dtors)
 *(.init0)
 .init0         0x0000000000000054        0x0 /usr/lib/gcc/avr/5.4.0/../../../avr/lib/avr5/crtatmega32.o
                0x0000000000000054                __init
 *(.init0)
 *(.init1)
 *(.init1)
 *(.init2)
 .init2         0x0000000000000054        0xc /usr/lib/gcc/avr/5.4.0/../../../avr/lib/avr5/crtatmega32.o
 *(.init2)
 *(.init3)
 *(.init3)
 *(.init4)
 .init4         0x0000000000000060       0x16 /usr/lib/gcc/avr/5.4.0/avr5/libgcc.a(_copy_data.o)
                0x0000000000000060                __do_copy_data
 .init4         0x0000000000000076       0x10 /usr/lib/gcc/avr/5.4.0/avr5/libgcc.a(_clear_bss.o)
                0x0000000000000076                __do_clear_bss
 *(.init4)
 *(.init5)
 *(.init5)
 *(.init6)
 *(.init6)
 *(.init7)
 *(.init7)
 *(.init8)
 *(.init8)
 *(.init9)
 .init9         0x0000000000000086        0x8 /usr/lib/gcc/avr/5.4.0/../../../avr/lib/avr5/crtatmega32.o
 *(.init9)
 *(.text)
 .text          0x000000000000008e        0x4 /usr/lib/gcc/avr/5.4.0/../../../avr/lib/avr5/crtatmega32.o
                0x000000000000008e                __vector_1
                0x000000000000008e                __vector_12
                0x000000000000008e                __bad_interrupt
                0x000000000000008e                __vector_6
                0x000000000000008e                __vector_3
                0x000000000000008e                __vector_11
                0x000000000000008e                __vector_13
                0x000000000000008e                __vector_17
                0x000000000000008e                __vector_19
                0x000000000000008e                __vector_5
                0x000000000000008e                __vector_4
                0x000000000000008e                __vector_9
                0x000000000000008e                __vector_2
                0x000000000000008e                __vector_15
                0x000000000000008e                __vector_8
                0x000000000000008e                __vector_14
                0x000000000000008e                __vector_10
                0x000000000000008e                __vector_16
                0x000000000000008e                __vector_18
                0x000000000000008e                __vector_20
 .text          0x0000000000000092        0x0 ./Clock.o
 .text          0x0000000000000092        0x0 ./DIO_Program.o
 .text          0x0000000000000092        0x0 ./KBD_program.o
 .text          0x0000000000000092        0x0 ./LCD_program.o
 .text          0x0000000000000092        0x0 ./croutine.o
 .text          0x0000000000000092        0x0 ./event_groups.o
 .text          0x0000000000000092        0x0 ./heap_1.o
 .text          0x0000000000000092        0x0 ./list.o
 .text          0x0000000000000092        0x0 ./main.o
 .text          0x0000000000000092        0x0 ./port.o
 .text          0x0000000000000092        0x0 ./queue.o
 .text          0x0000000000000092        0x0 ./tasks.o
 .text          0x0000000000000092        0x0 ./timers.o
 .text          0x0000000000000092        0x0 /usr/lib/gcc/avr/5.4.0/avr5/libgcc.a(_exit.o)
 .text          0x0000000000000092        0x0 /usr/lib/gcc/avr/5.4.0/avr5/libgcc.a(_copy_data.o)
 .text          0x0000000000000092        0x0 /usr/lib/gcc/avr/5.4.0/avr5/libgcc.a(_clear_bss.o)
 .text          0x0000000000000092        0x0 /usr/lib/gcc/avr/5.4.0/avr5/libgcc.a(_umulhisi3.o)
 .text          0x0000000000000092        0x0 /usr/lib/gcc/avr/5.4.0/../../../avr/lib/avr5/libm.a(addsf3.o)
 .text          0x0000000000000092        0x0 /usr/lib/gcc/avr/5.4.0/../../../avr/lib/avr5/libm.a(addsf3x.o)
 .text          0x0000000000000092        0x0 /usr/lib/gcc/avr/5.4.0/../../../avr/lib/avr5/libm.a(cmpsf2.o)
 .text          0x0000000000000092        0x0 /usr/lib/gcc/avr/5.4.0/../../../avr/lib/avr5/libm.a(divsf3.o)
 .text          0x0000000000000092        0x0 /usr/lib/gcc/avr/5.4.0/../../../avr/lib/avr5/libm.a(divsf3x.o)
 .text          0x0000000000000092        0x0 /usr/lib/gcc/avr/5.4.0/../../../avr/lib/avr5/libm.a(fixunssfsi.o)
 .text          0x0000000000000092        0x0 /usr/lib/gcc/avr/5.4.0/../../../avr/lib/avr5/libm.a(fp_cmp.o)
 .text          0x0000000000000092        0x0 /usr/lib/gcc/avr/5.4.0/../../../avr/lib/avr5/libm.a(fp_inf.o)
 .text          0x0000000000000092        0x0 /usr/lib/gcc/avr/5.4.0/../../../avr/lib/avr5/libm.a(fp_nan.o)
 .text          0x0000000000000092        0x0 /usr/lib/gcc/avr/5.4.0/../../../avr/lib/avr5/libm.a(fp_pscA.o)
 .text          0x0000000000000092        0x0 /usr/lib/gcc/avr/5.4.0/../../../avr/lib/avr5/libm.a(fp_pscB.o)
 .text          0x0000000000000092        0x0 /usr/lib/gcc/avr/5.4.0/../../../avr/lib/avr5/libm.a(fp_round.o)
 .text          0x0000000000000092        0x0 /usr/lib/gcc/avr/5.4.0/../../../avr/lib/avr5/libm.a(fp_split3.o)
 .text          0x0000000000000092        0x0 /usr/lib/gcc/avr/5.4.0/../../../avr/lib/avr5/libm.a(fp_zero.o)
 .text          0x0000000000000092        0x0 /usr/lib/gcc/avr/5.4.0/../../../avr/lib/avr5/libm.a(gesf2.o)
 .text          0x0000000000000092        0x0 /usr/lib/gcc/avr/5.4.0/../../../avr/lib/avr5/libm.a(mulsf3.o)
 .text          0x0000000000000092        0x0 /usr/lib/gcc/avr/5.4.0/../../../avr/lib/avr5/libm.a(mulsf3x.o)
 .text          0x0000000000000092        0x0 /usr/lib/gcc/avr/5.4.0/../../../avr/lib/avr5/libc.a(memcpy.o)
                0x0000000000000092                . = ALIGN (0x2)
 *(.text.*)
 .text.Clock_Print_Default_Interface
                0x0000000000000092       0x46 ./Clock.o
                0x0000000000000092                Clock_Print_Default_Interface
 .text.Clock_Second
                0x00000000000000d8       0xa6 ./Clock.o
                0x00000000000000d8                Clock_Second
 .text.Clock_Minute
                0x000000000000017e       0x98 ./Clock.o
                0x000000000000017e                Clock_Minute
 .text.Clock_Hours
                0x0000000000000216       0xb8 ./Clock.o
                0x0000000000000216                Clock_Hours
 .text.Clock_Check_KPD
                0x00000000000002ce       0x6e ./Clock.o
                0x00000000000002ce                Clock_Check_KPD
 .text.Clock_Enter_Typing_Mode
                0x000000000000033c       0xd4 ./Clock.o
                0x000000000000033c                Clock_Enter_Typing_Mode
 .text.DIO_voidInitialize
                0x0000000000000410       0x30 ./DIO_Program.o
                0x0000000000000410                DIO_voidInitialize
 .text.DIO_u8SetPinDirection
                0x0000000000000440      0x1ec ./DIO_Program.o
                0x0000000000000440                DIO_u8SetPinDirection
 .text.DIO_u8SetPinValue
                0x000000000000062c      0x1ec ./DIO_Program.o
                0x000000000000062c                DIO_u8SetPinValue
 .text.DIO_u8SetPortDirection
                0x0000000000000818       0x80 ./DIO_Program.o
                0x0000000000000818                DIO_u8SetPortDirection
 .text.DIO_u8SetPortValue
                0x0000000000000898       0x80 ./DIO_Program.o
                0x0000000000000898                DIO_u8SetPortValue
 .text.DIO_u8GetPinValue
                0x0000000000000918      0x114 ./DIO_Program.o
                0x0000000000000918                DIO_u8GetPinValue
 .text.DIO_u8GetPortValue
                0x0000000000000a2c       0x9c ./DIO_Program.o
                0x0000000000000a2c                DIO_u8GetPortValue
 .text.KBD_u8GetKeyPadState
                0x0000000000000ac8       0xe8 ./KBD_program.o
                0x0000000000000ac8                KBD_u8GetKeyPadState
 .text.KBD_u8Initialize
                0x0000000000000bb0      0x1f4 ./KBD_program.o
                0x0000000000000bb0                KBD_u8Initialize
 .text.KBD_keys_map
                0x0000000000000da4       0x54 ./KBD_program.o
                0x0000000000000da4                KBD_keys_map
 .text.LCD_Void_Write
                0x0000000000000df8      0x1a8 ./LCD_program.o
 .text.LCD_Void_Write_Cmd
                0x0000000000000fa0       0x24 ./LCD_program.o
                0x0000000000000fa0                LCD_Void_Write_Cmd
 .text.LCD_Void_Write_Data
                0x0000000000000fc4       0x24 ./LCD_program.o
                0x0000000000000fc4                LCD_Void_Write_Data
 .text.LCD_initialize
                0x0000000000000fe8      0x930 ./LCD_program.o
                0x0000000000000fe8                LCD_initialize
 .text.LCD_Void_Write_String
                0x0000000000001918       0x60 ./LCD_program.o
                0x0000000000001918                LCD_Void_Write_String
 .text.LCD_Void_Clear
                0x0000000000001978       0x16 ./LCD_program.o
                0x0000000000001978                LCD_Void_Clear
 .text.LCD_Void_Write_Blinking_String
                0x000000000000198e      0x148 ./LCD_program.o
                0x000000000000198e                LCD_Void_Write_Blinking_String
 .text.LCD_Set_Block
                0x0000000000001ad6       0x2e ./LCD_program.o
                0x0000000000001ad6                LCD_Set_Block
 .text.LCD_Void_Write_Moving_String
                0x0000000000001b04      0x16a ./LCD_program.o
                0x0000000000001b04                LCD_Void_Write_Moving_String
 .text.LCD_Void_Write_CGRAM
                0x0000000000001c6e       0x8a ./LCD_program.o
                0x0000000000001c6e                LCD_Void_Write_CGRAM
 .text.LCD_Void_Write_Number
                0x0000000000001cf8      0x126 ./LCD_program.o
                0x0000000000001cf8                LCD_Void_Write_Number
 .text.LCD_Void_Write_Number_2
                0x0000000000001e1e       0x52 ./LCD_program.o
                0x0000000000001e1e                LCD_Void_Write_Number_2
 .text.xEventGroupCreate
                0x0000000000001e70       0x40 ./event_groups.o
                0x0000000000001e70                xEventGroupCreate
 .text.xEventGroupSync
                0x0000000000001eb0      0x17a ./event_groups.o
                0x0000000000001eb0                xEventGroupSync
 .text.xEventGroupWaitBits
                0x000000000000202a      0x192 ./event_groups.o
                0x000000000000202a                xEventGroupWaitBits
 .text.xEventGroupClearBits
                0x00000000000021bc       0x72 ./event_groups.o
                0x00000000000021bc                xEventGroupClearBits
 .text.xEventGroupGetBitsFromISR
                0x000000000000222e       0x46 ./event_groups.o
                0x000000000000222e                xEventGroupGetBitsFromISR
 .text.xEventGroupSetBits
                0x0000000000002274      0x17a ./event_groups.o
                0x0000000000002274                xEventGroupSetBits
 .text.vEventGroupDelete
                0x00000000000023ee       0x68 ./event_groups.o
                0x00000000000023ee                vEventGroupDelete
 .text.vEventGroupSetBitsCallback
                0x0000000000002456       0x3c ./event_groups.o
                0x0000000000002456                vEventGroupSetBitsCallback
 .text.vEventGroupClearBitsCallback
                0x0000000000002492       0x3c ./event_groups.o
                0x0000000000002492                vEventGroupClearBitsCallback
 .text.prvTestWaitCondition
                0x00000000000024ce       0x64 ./event_groups.o
 .text.pvPortMalloc
                0x0000000000002532       0xaa ./heap_1.o
                0x0000000000002532                pvPortMalloc
 .text.vPortFree
                0x00000000000025dc       0x1a ./heap_1.o
                0x00000000000025dc                vPortFree
 .text.vPortInitialiseBlocks
                0x00000000000025f6       0x18 ./heap_1.o
                0x00000000000025f6                vPortInitialiseBlocks
 .text.xPortGetFreeHeapSize
                0x000000000000260e       0x22 ./heap_1.o
                0x000000000000260e                xPortGetFreeHeapSize
 .text.vListInitialise
                0x0000000000002630       0x6c ./list.o
                0x0000000000002630                vListInitialise
 .text.vListInitialiseItem
                0x000000000000269c       0x24 ./list.o
                0x000000000000269c                vListInitialiseItem
 .text.vListInsertEnd
                0x00000000000026c0       0x9e ./list.o
                0x00000000000026c0                vListInsertEnd
 .text.vListInsert
                0x000000000000275e       0xf0 ./list.o
                0x000000000000275e                vListInsert
 .text.uxListRemove
                0x000000000000284e       0xae ./list.o
                0x000000000000284e                uxListRemove
 .text.main     0x00000000000028fc       0xa8 ./main.o
                0x00000000000028fc                main
 .text.pxPortInitialiseStack
                0x00000000000029a4      0x352 ./port.o
                0x00000000000029a4                pxPortInitialiseStack
 .text.xPortStartScheduler
                0x0000000000002cf6       0x6a ./port.o
                0x0000000000002cf6                xPortStartScheduler
 .text.vPortEndScheduler
                0x0000000000002d60       0x10 ./port.o
                0x0000000000002d60                vPortEndScheduler
 .text.vPortYield
                0x0000000000002d70       0xb4 ./port.o
                0x0000000000002d70                vPortYield
 .text.vPortYieldFromTick
                0x0000000000002e24       0xbc ./port.o
                0x0000000000002e24                vPortYieldFromTick
 .text.prvSetupTimerInterrupt
                0x0000000000002ee0       0xc4 ./port.o
 .text.__vector_7
                0x0000000000002fa4        0x8 ./port.o
                0x0000000000002fa4                __vector_7
 .text.xQueueGenericReset
                0x0000000000002fac      0x126 ./queue.o
                0x0000000000002fac                xQueueGenericReset
 .text.xQueueGenericCreate
                0x00000000000030d2       0xa0 ./queue.o
                0x00000000000030d2                xQueueGenericCreate
 .text.prvInitialiseNewQueue
                0x0000000000003172       0x80 ./queue.o
 .text.prvInitialiseMutex
                0x00000000000031f2       0x50 ./queue.o
 .text.xQueueCreateMutex
                0x0000000000003242       0x40 ./queue.o
                0x0000000000003242                xQueueCreateMutex
 .text.xQueueGenericSend
                0x0000000000003282      0x162 ./queue.o
                0x0000000000003282                xQueueGenericSend
 .text.xQueueGenericSendFromISR
                0x00000000000033e4       0xbe ./queue.o
                0x00000000000033e4                xQueueGenericSendFromISR
 .text.xQueueGiveFromISR
                0x00000000000034a2       0xb4 ./queue.o
                0x00000000000034a2                xQueueGiveFromISR
 .text.xQueueReceive
                0x0000000000003556      0x162 ./queue.o
                0x0000000000003556                xQueueReceive
 .text.xQueueSemaphoreTake
                0x00000000000036b8      0x1c2 ./queue.o
                0x00000000000036b8                xQueueSemaphoreTake
 .text.xQueuePeek
                0x000000000000387a      0x170 ./queue.o
                0x000000000000387a                xQueuePeek
 .text.xQueueReceiveFromISR
                0x00000000000039ea       0xbe ./queue.o
                0x00000000000039ea                xQueueReceiveFromISR
 .text.xQueuePeekFromISR
                0x0000000000003aa8       0x78 ./queue.o
                0x0000000000003aa8                xQueuePeekFromISR
 .text.uxQueueMessagesWaiting
                0x0000000000003b20       0x32 ./queue.o
                0x0000000000003b20                uxQueueMessagesWaiting
 .text.uxQueueSpacesAvailable
                0x0000000000003b52       0x4e ./queue.o
                0x0000000000003b52                uxQueueSpacesAvailable
 .text.uxQueueMessagesWaitingFromISR
                0x0000000000003ba0       0x36 ./queue.o
                0x0000000000003ba0                uxQueueMessagesWaitingFromISR
 .text.vQueueDelete
                0x0000000000003bd6       0x30 ./queue.o
                0x0000000000003bd6                vQueueDelete
 .text.prvGetDisinheritPriorityAfterTimeout
                0x0000000000003c06       0x46 ./queue.o
 .text.prvCopyDataToQueue
                0x0000000000003c4c      0x1a0 ./queue.o
 .text.prvCopyDataFromQueue
                0x0000000000003dec       0xa2 ./queue.o
 .text.prvUnlockQueue
                0x0000000000003e8e       0xbc ./queue.o
 .text.prvIsQueueEmpty
                0x0000000000003f4a       0x3c ./queue.o
 .text.xQueueIsQueueEmptyFromISR
                0x0000000000003f86       0x40 ./queue.o
                0x0000000000003f86                xQueueIsQueueEmptyFromISR
 .text.prvIsQueueFull
                0x0000000000003fc6       0x44 ./queue.o
 .text.xQueueIsQueueFullFromISR
                0x000000000000400a       0x48 ./queue.o
                0x000000000000400a                xQueueIsQueueFullFromISR
 .text.xTaskCreate
                0x0000000000004052       0xfa ./tasks.o
                0x0000000000004052                xTaskCreate
 .text.prvInitialiseNewTask
                0x000000000000414c      0x1a8 ./tasks.o
 .text.prvAddNewTaskToReadyList
                0x00000000000042f4       0xfc ./tasks.o
 .text.vTaskDelete
                0x00000000000043f0       0xd2 ./tasks.o
                0x00000000000043f0                vTaskDelete
 .text.vTaskDelayUntil
                0x00000000000044c2       0xf4 ./tasks.o
                0x00000000000044c2                vTaskDelayUntil
 .text.vTaskDelay
                0x00000000000045b6       0x46 ./tasks.o
                0x00000000000045b6                vTaskDelay
 .text.vTaskSuspend
                0x00000000000045fc       0xda ./tasks.o
                0x00000000000045fc                vTaskSuspend
 .text.prvTaskIsTaskSuspended
                0x00000000000046d6       0x60 ./tasks.o
 .text.vTaskResume
                0x0000000000004736       0xd0 ./tasks.o
                0x0000000000004736                vTaskResume
 .text.xTaskResumeFromISR
                0x0000000000004806       0xce ./tasks.o
                0x0000000000004806                xTaskResumeFromISR
 .text.vTaskStartScheduler
                0x00000000000048d4       0x6a ./tasks.o
                0x00000000000048d4                vTaskStartScheduler
 .text.vTaskEndScheduler
                0x000000000000493e       0x1a ./tasks.o
                0x000000000000493e                vTaskEndScheduler
 .text.vTaskSuspendAll
                0x0000000000004958       0x1a ./tasks.o
                0x0000000000004958                vTaskSuspendAll
 .text.xTaskResumeAll
                0x0000000000004972      0x12e ./tasks.o
                0x0000000000004972                xTaskResumeAll
 .text.xTaskGetTickCount
                0x0000000000004aa0       0x2e ./tasks.o
                0x0000000000004aa0                xTaskGetTickCount
 .text.xTaskGetTickCountFromISR
                0x0000000000004ace       0x2a ./tasks.o
                0x0000000000004ace                xTaskGetTickCountFromISR
 .text.uxTaskGetNumberOfTasks
                0x0000000000004af8       0x12 ./tasks.o
                0x0000000000004af8                uxTaskGetNumberOfTasks
 .text.pcTaskGetName
                0x0000000000004b0a       0x3e ./tasks.o
                0x0000000000004b0a                pcTaskGetName
 .text.xTaskIncrementTick
                0x0000000000004b48      0x1da ./tasks.o
                0x0000000000004b48                xTaskIncrementTick
 .text.vTaskSwitchContext
                0x0000000000004d22       0xe8 ./tasks.o
                0x0000000000004d22                vTaskSwitchContext
 .text.vTaskPlaceOnEventList
                0x0000000000004e0a       0x46 ./tasks.o
                0x0000000000004e0a                vTaskPlaceOnEventList
 .text.vTaskPlaceOnUnorderedEventList
                0x0000000000004e50       0x64 ./tasks.o
                0x0000000000004e50                vTaskPlaceOnUnorderedEventList
 .text.xTaskRemoveFromEventList
                0x0000000000004eb4       0xda ./tasks.o
                0x0000000000004eb4                xTaskRemoveFromEventList
 .text.vTaskRemoveFromUnorderedEventList
                0x0000000000004f8e       0xc8 ./tasks.o
                0x0000000000004f8e                vTaskRemoveFromUnorderedEventList
 .text.vTaskSetTimeOutState
                0x0000000000005056       0x42 ./tasks.o
                0x0000000000005056                vTaskSetTimeOutState
 .text.vTaskInternalSetTimeOutState
                0x0000000000005098       0x38 ./tasks.o
                0x0000000000005098                vTaskInternalSetTimeOutState
 .text.xTaskCheckForTimeOut
                0x00000000000050d0       0xe6 ./tasks.o
                0x00000000000050d0                xTaskCheckForTimeOut
 .text.vTaskMissedYield
                0x00000000000051b6       0x16 ./tasks.o
                0x00000000000051b6                vTaskMissedYield
 .text.prvIdleTask
                0x00000000000051cc       0x20 ./tasks.o
 .text.prvInitialiseTaskLists
                0x00000000000051ec       0x84 ./tasks.o
 .text.prvCheckTasksWaitingTermination
                0x0000000000005270       0x62 ./tasks.o
 .text.prvDeleteTCB
                0x00000000000052d2       0x30 ./tasks.o
 .text.prvResetNextTaskUnblockTime
                0x0000000000005302       0x5e ./tasks.o
 .text.xTaskGetCurrentTaskHandle
                0x0000000000005360       0x24 ./tasks.o
                0x0000000000005360                xTaskGetCurrentTaskHandle
 .text.xTaskPriorityInherit
                0x0000000000005384      0x158 ./tasks.o
                0x0000000000005384                xTaskPriorityInherit
 .text.xTaskPriorityDisinherit
                0x00000000000054dc       0xfa ./tasks.o
                0x00000000000054dc                xTaskPriorityDisinherit
 .text.vTaskPriorityDisinheritAfterTimeout
                0x00000000000055d6      0x140 ./tasks.o
                0x00000000000055d6                vTaskPriorityDisinheritAfterTimeout
 .text.uxTaskResetEventItemValue
                0x0000000000005716       0x54 ./tasks.o
                0x0000000000005716                uxTaskResetEventItemValue
 .text.pvTaskIncrementMutexHeldCount
                0x000000000000576a       0x34 ./tasks.o
                0x000000000000576a                pvTaskIncrementMutexHeldCount
 .text.ulTaskNotifyTake
                0x000000000000579e       0xfa ./tasks.o
                0x000000000000579e                ulTaskNotifyTake
 .text.xTaskNotifyWait
                0x0000000000005898      0x14c ./tasks.o
                0x0000000000005898                xTaskNotifyWait
 .text.xTaskGenericNotify
                0x00000000000059e4      0x1c2 ./tasks.o
                0x00000000000059e4                xTaskGenericNotify
 .text.xTaskGenericNotifyFromISR
                0x0000000000005ba6      0x1f6 ./tasks.o
                0x0000000000005ba6                xTaskGenericNotifyFromISR
 .text.vTaskNotifyGiveFromISR
                0x0000000000005d9c      0x11a ./tasks.o
                0x0000000000005d9c                vTaskNotifyGiveFromISR
 .text.xTaskNotifyStateClear
                0x0000000000005eb6       0x64 ./tasks.o
                0x0000000000005eb6                xTaskNotifyStateClear
 .text.prvAddCurrentTaskToDelayedList
                0x0000000000005f1a       0xf4 ./tasks.o
 .text.libgcc.mul
                0x000000000000600e        0x0 /usr/lib/gcc/avr/5.4.0/avr5/libgcc.a(_exit.o)
 .text.libgcc.div
                0x000000000000600e        0x0 /usr/lib/gcc/avr/5.4.0/avr5/libgcc.a(_exit.o)
 .text.libgcc   0x000000000000600e        0x0 /usr/lib/gcc/avr/5.4.0/avr5/libgcc.a(_exit.o)
 .text.libgcc.prologue
                0x000000000000600e        0x0 /usr/lib/gcc/avr/5.4.0/avr5/libgcc.a(_exit.o)
 .text.libgcc.builtins
                0x000000000000600e        0x0 /usr/lib/gcc/avr/5.4.0/avr5/libgcc.a(_exit.o)
 .text.libgcc.fmul
                0x000000000000600e        0x0 /usr/lib/gcc/avr/5.4.0/avr5/libgcc.a(_exit.o)
 .text.libgcc.fixed
                0x000000000000600e        0x0 /usr/lib/gcc/avr/5.4.0/avr5/libgcc.a(_exit.o)
 .text.libgcc.mul
                0x000000000000600e        0x0 /usr/lib/gcc/avr/5.4.0/avr5/libgcc.a(_copy_data.o)
 .text.libgcc.div
                0x000000000000600e        0x0 /usr/lib/gcc/avr/5.4.0/avr5/libgcc.a(_copy_data.o)
 .text.libgcc   0x000000000000600e        0x0 /usr/lib/gcc/avr/5.4.0/avr5/libgcc.a(_copy_data.o)
 .text.libgcc.prologue
                0x000000000000600e        0x0 /usr/lib/gcc/avr/5.4.0/avr5/libgcc.a(_copy_data.o)
 .text.libgcc.builtins
                0x000000000000600e        0x0 /usr/lib/gcc/avr/5.4.0/avr5/libgcc.a(_copy_data.o)
 .text.libgcc.fmul
                0x000000000000600e        0x0 /usr/lib/gcc/avr/5.4.0/avr5/libgcc.a(_copy_data.o)
 .text.libgcc.fixed
                0x000000000000600e        0x0 /usr/lib/gcc/avr/5.4.0/avr5/libgcc.a(_copy_data.o)
 .text.libgcc.mul
                0x000000000000600e        0x0 /usr/lib/gcc/avr/5.4.0/avr5/libgcc.a(_clear_bss.o)
 .text.libgcc.div
                0x000000000000600e        0x0 /usr/lib/gcc/avr/5.4.0/avr5/libgcc.a(_clear_bss.o)
 .text.libgcc   0x000000000000600e        0x0 /usr/lib/gcc/avr/5.4.0/avr5/libgcc.a(_clear_bss.o)
 .text.libgcc.prologue
                0x000000000000600e        0x0 /usr/lib/gcc/avr/5.4.0/avr5/libgcc.a(_clear_bss.o)
 .text.libgcc.builtins
                0x000000000000600e        0x0 /usr/lib/gcc/avr/5.4.0/avr5/libgcc.a(_clear_bss.o)
 .text.libgcc.fmul
                0x000000000000600e        0x0 /usr/lib/gcc/avr/5.4.0/avr5/libgcc.a(_clear_bss.o)
 .text.libgcc.fixed
                0x000000000000600e        0x0 /usr/lib/gcc/avr/5.4.0/avr5/libgcc.a(_clear_bss.o)
 .text.libgcc.mul
                0x000000000000600e       0x1e /usr/lib/gcc/avr/5.4.0/avr5/libgcc.a(_umulhisi3.o)
                0x000000000000600e                __umulhisi3
 .text.libgcc.div
                0x000000000000602c        0x0 /usr/lib/gcc/avr/5.4.0/avr5/libgcc.a(_umulhisi3.o)
 .text.libgcc   0x000000000000602c        0x0 /usr/lib/gcc/avr/5.4.0/avr5/libgcc.a(_umulhisi3.o)
 .text.libgcc.prologue
                0x000000000000602c        0x0 /usr/lib/gcc/avr/5.4.0/avr5/libgcc.a(_umulhisi3.o)
 .text.libgcc.builtins
                0x000000000000602c        0x0 /usr/lib/gcc/avr/5.4.0/avr5/libgcc.a(_umulhisi3.o)
 .text.libgcc.fmul
                0x000000000000602c        0x0 /usr/lib/gcc/avr/5.4.0/avr5/libgcc.a(_umulhisi3.o)
 .text.libgcc.fixed
                0x000000000000602c        0x0 /usr/lib/gcc/avr/5.4.0/avr5/libgcc.a(_umulhisi3.o)
 .text.avr-libc.fplib
                0x000000000000602c        0xe /usr/lib/gcc/avr/5.4.0/../../../avr/lib/avr5/libm.a(addsf3.o)
                0x000000000000602c                __subsf3
                0x000000000000602e                __addsf3
 .text.avr-libc.fplib
                0x000000000000603a       0xcc /usr/lib/gcc/avr/5.4.0/../../../avr/lib/avr5/libm.a(addsf3x.o)
                0x000000000000605c                __addsf3x
 .text.avr-libc.fplib
                0x0000000000006106        0xa /usr/lib/gcc/avr/5.4.0/../../../avr/lib/avr5/libm.a(cmpsf2.o)
                0x0000000000006106                __lesf2
                0x0000000000006106                __nesf2
                0x0000000000006106                __eqsf2
                0x0000000000006106                __cmpsf2
                0x0000000000006106                __ltsf2
 .text.avr-libc.fplib
                0x0000000000006110        0x8 /usr/lib/gcc/avr/5.4.0/../../../avr/lib/avr5/libm.a(divsf3.o)
                0x0000000000006110                __divsf3
 .text.avr-libc.fplib
                0x0000000000006118       0xdc /usr/lib/gcc/avr/5.4.0/../../../avr/lib/avr5/libm.a(divsf3x.o)
                0x0000000000006138                __divsf3x
                0x000000000000613e                __divsf3_pse
 .text.avr-libc.fplib
                0x00000000000061f4       0x5e /usr/lib/gcc/avr/5.4.0/../../../avr/lib/avr5/libm.a(fixunssfsi.o)
                0x00000000000061f4                __fixunssfsi
 .text.avr-libc.fplib
                0x0000000000006252       0x48 /usr/lib/gcc/avr/5.4.0/../../../avr/lib/avr5/libm.a(fp_cmp.o)
                0x0000000000006252                __fp_cmp
 .text.avr-libc.fplib
                0x000000000000629a        0xc /usr/lib/gcc/avr/5.4.0/../../../avr/lib/avr5/libm.a(fp_inf.o)
                0x000000000000629a                __fp_inf
 .text.avr-libc.fplib
                0x00000000000062a6        0x6 /usr/lib/gcc/avr/5.4.0/../../../avr/lib/avr5/libm.a(fp_nan.o)
                0x00000000000062a6                __fp_nan
 .text.avr-libc.fplib
                0x00000000000062ac        0xe /usr/lib/gcc/avr/5.4.0/../../../avr/lib/avr5/libm.a(fp_pscA.o)
                0x00000000000062ac                __fp_pscA
 .text.avr-libc.fplib
                0x00000000000062ba        0xe /usr/lib/gcc/avr/5.4.0/../../../avr/lib/avr5/libm.a(fp_pscB.o)
                0x00000000000062ba                __fp_pscB
 .text.avr-libc.fplib
                0x00000000000062c8       0x22 /usr/lib/gcc/avr/5.4.0/../../../avr/lib/avr5/libm.a(fp_round.o)
                0x00000000000062c8                __fp_round
 .text.avr-libc.fplib
                0x00000000000062ea       0x44 /usr/lib/gcc/avr/5.4.0/../../../avr/lib/avr5/libm.a(fp_split3.o)
                0x00000000000062ea                __fp_split3
                0x00000000000062fa                __fp_splitA
 .text.avr-libc.fplib
                0x000000000000632e        0xe /usr/lib/gcc/avr/5.4.0/../../../avr/lib/avr5/libm.a(fp_zero.o)
                0x000000000000632e                __fp_zero
                0x0000000000006330                __fp_szero
 .text.avr-libc.fplib
                0x000000000000633c        0xa /usr/lib/gcc/avr/5.4.0/../../../avr/lib/avr5/libm.a(gesf2.o)
                0x000000000000633c                __gtsf2
                0x000000000000633c                __gesf2
 .text.avr-libc.fplib
                0x0000000000006346        0x8 /usr/lib/gcc/avr/5.4.0/../../../avr/lib/avr5/libm.a(mulsf3.o)
                0x0000000000006346                __mulsf3
 .text.avr-libc.fplib
                0x000000000000634e       0xd2 /usr/lib/gcc/avr/5.4.0/../../../avr/lib/avr5/libm.a(mulsf3x.o)
                0x000000000000636c                __mulsf3x
                0x0000000000006372                __mulsf3_pse
 .text.avr-libc
                0x0000000000006420       0x12 /usr/lib/gcc/avr/5.4.0/../../../avr/lib/avr5/libc.a(memcpy.o)
                0x0000000000006420                memcpy
                0x0000000000006432                . = ALIGN (0x2)
 *(.fini9)
 .fini9         0x0000000000006432        0x0 /usr/lib/gcc/avr/5.4.0/avr5/libgcc.a(_exit.o)
                0x0000000000006432                exit
                0x0000000000006432                _exit
 *(.fini9)
 *(.fini8)
 *(.fini8)
 *(.fini7)
 *(.fini7)
 *(.fini6)
 *(.fini6)
 *(.fini5)
 *(.fini5)
 *(.fini4)
 *(.fini4)
 *(.fini3)
 *(.fini3)
 *(.fini2)
 *(.fini2)
 *(.fini1)
 *(.fini1)
 *(.fini0)
 .fini0         0x0000000000006432        0x4 /usr/lib/gcc/avr/5.4.0/avr5/libgcc.a(_exit.o)
 *(.fini0)
                0x0000000000006436                _etext = .

.data           0x0000000000800060       0x5a load address 0x0000000000006436
                0x0000000000800060                PROVIDE (__data_start, .)
 *(.data)
 .data          0x0000000000800060        0x0 /usr/lib/gcc/avr/5.4.0/../../../avr/lib/avr5/crtatmega32.o
 .data          0x0000000000800060        0x0 ./Clock.o
 .data          0x0000000000800060        0x0 ./DIO_Program.o
 .data          0x0000000000800060        0x0 ./KBD_program.o
 .data          0x0000000000800060        0x0 ./LCD_program.o
 .data          0x0000000000800060        0x0 ./croutine.o
 .data          0x0000000000800060        0x0 ./event_groups.o
 .data          0x0000000000800060        0x0 ./heap_1.o
 .data          0x0000000000800060        0x0 ./list.o
 .data          0x0000000000800060        0x0 ./main.o
 .data          0x0000000000800060        0x0 ./port.o
 .data          0x0000000000800060        0x0 ./queue.o
 .data          0x0000000000800060        0x0 ./tasks.o
 .data          0x0000000000800060        0x0 ./timers.o
 .data          0x0000000000800060        0x0 /usr/lib/gcc/avr/5.4.0/avr5/libgcc.a(_exit.o)
 .data          0x0000000000800060        0x0 /usr/lib/gcc/avr/5.4.0/avr5/libgcc.a(_copy_data.o)
 .data          0x0000000000800060        0x0 /usr/lib/gcc/avr/5.4.0/avr5/libgcc.a(_clear_bss.o)
 .data          0x0000000000800060        0x0 /usr/lib/gcc/avr/5.4.0/avr5/libgcc.a(_umulhisi3.o)
 .data          0x0000000000800060        0x0 /usr/lib/gcc/avr/5.4.0/../../../avr/lib/avr5/libm.a(addsf3.o)
 .data          0x0000000000800060        0x0 /usr/lib/gcc/avr/5.4.0/../../../avr/lib/avr5/libm.a(addsf3x.o)
 .data          0x0000000000800060        0x0 /usr/lib/gcc/avr/5.4.0/../../../avr/lib/avr5/libm.a(cmpsf2.o)
 .data          0x0000000000800060        0x0 /usr/lib/gcc/avr/5.4.0/../../../avr/lib/avr5/libm.a(divsf3.o)
 .data          0x0000000000800060        0x0 /usr/lib/gcc/avr/5.4.0/../../../avr/lib/avr5/libm.a(divsf3x.o)
 .data          0x0000000000800060        0x0 /usr/lib/gcc/avr/5.4.0/../../../avr/lib/avr5/libm.a(fixunssfsi.o)
 .data          0x0000000000800060        0x0 /usr/lib/gcc/avr/5.4.0/../../../avr/lib/avr5/libm.a(fp_cmp.o)
 .data          0x0000000000800060        0x0 /usr/lib/gcc/avr/5.4.0/../../../avr/lib/avr5/libm.a(fp_inf.o)
 .data          0x0000000000800060        0x0 /usr/lib/gcc/avr/5.4.0/../../../avr/lib/avr5/libm.a(fp_nan.o)
 .data          0x0000000000800060        0x0 /usr/lib/gcc/avr/5.4.0/../../../avr/lib/avr5/libm.a(fp_pscA.o)
 .data          0x0000000000800060        0x0 /usr/lib/gcc/avr/5.4.0/../../../avr/lib/avr5/libm.a(fp_pscB.o)
 .data          0x0000000000800060        0x0 /usr/lib/gcc/avr/5.4.0/../../../avr/lib/avr5/libm.a(fp_round.o)
 .data          0x0000000000800060        0x0 /usr/lib/gcc/avr/5.4.0/../../../avr/lib/avr5/libm.a(fp_split3.o)
 .data          0x0000000000800060        0x0 /usr/lib/gcc/avr/5.4.0/../../../avr/lib/avr5/libm.a(fp_zero.o)
 .data          0x0000000000800060        0x0 /usr/lib/gcc/avr/5.4.0/../../../avr/lib/avr5/libm.a(gesf2.o)
 .data          0x0000000000800060        0x0 /usr/lib/gcc/avr/5.4.0/../../../avr/lib/avr5/libm.a(mulsf3.o)
 .data          0x0000000000800060        0x0 /usr/lib/gcc/avr/5.4.0/../../../avr/lib/avr5/libm.a(mulsf3x.o)
 .data          0x0000000000800060        0x0 /usr/lib/gcc/avr/5.4.0/../../../avr/lib/avr5/libc.a(memcpy.o)
 *(.data*)
 .data.KPD_Check_frequency
                0x0000000000800060        0x1 ./Clock.o
                0x0000000000800060                KPD_Check_frequency
 .data.key_map  0x0000000000800061       0x10 ./KBD_program.o
                0x0000000000800061                key_map
 *(.rodata)
 .rodata        0x0000000000800071       0x11 ./Clock.o
 .rodata        0x0000000000800082       0x32 ./main.o
 .rodata        0x00000000008000b4        0x5 ./tasks.o
 *(.rodata*)
 *(.gnu.linkonce.d*)
                0x00000000008000ba                . = ALIGN (0x2)
 *fill*         0x00000000008000b9        0x1 
                0x00000000008000ba                _edata = .
                0x00000000008000ba                PROVIDE (__data_end, .)

.bss            0x00000000008000ba      0x65e
                0x00000000008000ba                PROVIDE (__bss_start, .)
 *(.bss)
 .bss           0x00000000008000ba        0x0 /usr/lib/gcc/avr/5.4.0/../../../avr/lib/avr5/crtatmega32.o
 .bss           0x00000000008000ba        0x0 ./Clock.o
 .bss           0x00000000008000ba        0x0 ./DIO_Program.o
 .bss           0x00000000008000ba        0x0 ./KBD_program.o
 .bss           0x00000000008000ba        0x0 ./LCD_program.o
 .bss           0x00000000008000ba        0x0 ./croutine.o
 .bss           0x00000000008000ba        0x0 ./event_groups.o
 .bss           0x00000000008000ba        0x0 ./heap_1.o
 .bss           0x00000000008000ba        0x0 ./list.o
 .bss           0x00000000008000ba        0x0 ./main.o
 .bss           0x00000000008000ba        0x0 ./port.o
 .bss           0x00000000008000ba        0x0 ./queue.o
 .bss           0x00000000008000ba        0x0 ./tasks.o
 .bss           0x00000000008000ba        0x0 ./timers.o
 .bss           0x00000000008000ba        0x0 /usr/lib/gcc/avr/5.4.0/avr5/libgcc.a(_exit.o)
 .bss           0x00000000008000ba        0x0 /usr/lib/gcc/avr/5.4.0/avr5/libgcc.a(_copy_data.o)
 .bss           0x00000000008000ba        0x0 /usr/lib/gcc/avr/5.4.0/avr5/libgcc.a(_clear_bss.o)
 .bss           0x00000000008000ba        0x0 /usr/lib/gcc/avr/5.4.0/avr5/libgcc.a(_umulhisi3.o)
 .bss           0x00000000008000ba        0x0 /usr/lib/gcc/avr/5.4.0/../../../avr/lib/avr5/libm.a(addsf3.o)
 .bss           0x00000000008000ba        0x0 /usr/lib/gcc/avr/5.4.0/../../../avr/lib/avr5/libm.a(addsf3x.o)
 .bss           0x00000000008000ba        0x0 /usr/lib/gcc/avr/5.4.0/../../../avr/lib/avr5/libm.a(cmpsf2.o)
 .bss           0x00000000008000ba        0x0 /usr/lib/gcc/avr/5.4.0/../../../avr/lib/avr5/libm.a(divsf3.o)
 .bss           0x00000000008000ba        0x0 /usr/lib/gcc/avr/5.4.0/../../../avr/lib/avr5/libm.a(divsf3x.o)
 .bss           0x00000000008000ba        0x0 /usr/lib/gcc/avr/5.4.0/../../../avr/lib/avr5/libm.a(fixunssfsi.o)
 .bss           0x00000000008000ba        0x0 /usr/lib/gcc/avr/5.4.0/../../../avr/lib/avr5/libm.a(fp_cmp.o)
 .bss           0x00000000008000ba        0x0 /usr/lib/gcc/avr/5.4.0/../../../avr/lib/avr5/libm.a(fp_inf.o)
 .bss           0x00000000008000ba        0x0 /usr/lib/gcc/avr/5.4.0/../../../avr/lib/avr5/libm.a(fp_nan.o)
 .bss           0x00000000008000ba        0x0 /usr/lib/gcc/avr/5.4.0/../../../avr/lib/avr5/libm.a(fp_pscA.o)
 .bss           0x00000000008000ba        0x0 /usr/lib/gcc/avr/5.4.0/../../../avr/lib/avr5/libm.a(fp_pscB.o)
 .bss           0x00000000008000ba        0x0 /usr/lib/gcc/avr/5.4.0/../../../avr/lib/avr5/libm.a(fp_round.o)
 .bss           0x00000000008000ba        0x0 /usr/lib/gcc/avr/5.4.0/../../../avr/lib/avr5/libm.a(fp_split3.o)
 .bss           0x00000000008000ba        0x0 /usr/lib/gcc/avr/5.4.0/../../../avr/lib/avr5/libm.a(fp_zero.o)
 .bss           0x00000000008000ba        0x0 /usr/lib/gcc/avr/5.4.0/../../../avr/lib/avr5/libm.a(gesf2.o)
 .bss           0x00000000008000ba        0x0 /usr/lib/gcc/avr/5.4.0/../../../avr/lib/avr5/libm.a(mulsf3.o)
 .bss           0x00000000008000ba        0x0 /usr/lib/gcc/avr/5.4.0/../../../avr/lib/avr5/libm.a(mulsf3x.o)
 .bss           0x00000000008000ba        0x0 /usr/lib/gcc/avr/5.4.0/../../../avr/lib/avr5/libc.a(memcpy.o)
 *(.bss*)
 .bss.Seconds   0x00000000008000ba        0x1 ./Clock.o
                0x00000000008000ba                Seconds
 .bss.Minutes   0x00000000008000bb        0x1 ./Clock.o
                0x00000000008000bb                Minutes
 .bss.Hours     0x00000000008000bc        0x1 ./Clock.o
                0x00000000008000bc                Hours
 .bss.KPD_input
                0x00000000008000bd        0x2 ./Clock.o
                0x00000000008000bd                KPD_input
 .bss.ucHeap    0x00000000008000bf      0x5dc ./heap_1.o
 .bss.xNextFreeByte
                0x000000000080069b        0x2 ./heap_1.o
 .bss.pucAlignedHeap.2085
                0x000000000080069d        0x2 ./heap_1.o
 .bss.pxCurrentTCB
                0x000000000080069f        0x2 ./tasks.o
                0x000000000080069f                pxCurrentTCB
 .bss.pxReadyTasksLists
                0x00000000008006a1       0x2d ./tasks.o
 .bss.xDelayedTaskList1
                0x00000000008006ce        0x9 ./tasks.o
 .bss.xDelayedTaskList2
                0x00000000008006d7        0x9 ./tasks.o
 .bss.pxDelayedTaskList
                0x00000000008006e0        0x2 ./tasks.o
 .bss.pxOverflowDelayedTaskList
                0x00000000008006e2        0x2 ./tasks.o
 .bss.xPendingReadyList
                0x00000000008006e4        0x9 ./tasks.o
 .bss.xTasksWaitingTermination
                0x00000000008006ed        0x9 ./tasks.o
 .bss.uxDeletedTasksWaitingCleanUp
                0x00000000008006f6        0x1 ./tasks.o
 .bss.xSuspendedTaskList
                0x00000000008006f7        0x9 ./tasks.o
 .bss.uxCurrentNumberOfTasks
                0x0000000000800700        0x1 ./tasks.o
 .bss.xTickCount
                0x0000000000800701        0x2 ./tasks.o
 .bss.uxTopReadyPriority
                0x0000000000800703        0x1 ./tasks.o
 .bss.xSchedulerRunning
                0x0000000000800704        0x1 ./tasks.o
 .bss.uxPendedTicks
                0x0000000000800705        0x1 ./tasks.o
 .bss.xYieldPending
                0x0000000000800706        0x1 ./tasks.o
 .bss.xNumOfOverflows
                0x0000000000800707        0x1 ./tasks.o
 .bss.uxTaskNumber
                0x0000000000800708        0x1 ./tasks.o
 .bss.xNextTaskUnblockTime
                0x0000000000800709        0x2 ./tasks.o
 .bss.xIdleTaskHandle
                0x000000000080070b        0x2 ./tasks.o
 .bss.uxSchedulerSuspended
                0x000000000080070d        0x1 ./tasks.o
 *(COMMON)
 COMMON         0x000000000080070e        0x2 ./Clock.o
                0x000000000080070e                LCD
 COMMON         0x0000000000800710        0x8 ./KBD_program.o
                0x0000000000800710                KBD_Au8ColsPins
                0x0000000000800714                KBD_Au8RowsPins
                0x0000000000800718                PROVIDE (__bss_end, .)
                0x0000000000006436                __data_load_start = LOADADDR (.data)
                0x0000000000006490                __data_load_end = (__data_load_start + SIZEOF (.data))

.noinit         0x0000000000800718        0x0
                [!provide]                        PROVIDE (__noinit_start, .)
 *(.noinit*)
                [!provide]                        PROVIDE (__noinit_end, .)
                0x0000000000800718                _end = .
                [!provide]                        PROVIDE (__heap_start, .)

.eeprom         0x0000000000810000        0x0
 *(.eeprom*)
                0x0000000000810000                __eeprom_end = .

.fuse
 *(.fuse)
 *(.lfuse)
 *(.hfuse)
 *(.efuse)

.lock
 *(.lock*)

.signature
 *(.signature*)

.user_signatures
 *(.user_signatures*)

.stab           0x0000000000000000     0xae9c
 *(.stab)
 .stab          0x0000000000000000      0xe88 ./Clock.o
 .stab          0x0000000000000e88      0xb94 ./DIO_Program.o
                                        0xc54 (size before relaxing)
 .stab          0x0000000000001a1c      0x7bc ./KBD_program.o
                                        0x87c (size before relaxing)
 .stab          0x00000000000021d8     0x10ec ./LCD_program.o
                                       0x1350 (size before relaxing)
 .stab          0x00000000000032c4      0x36c ./croutine.o
                                        0x7e0 (size before relaxing)
 .stab          0x0000000000003630      0xf9c ./event_groups.o
                                       0x12e4 (size before relaxing)
 .stab          0x00000000000045cc      0x4bc ./heap_1.o
                                        0x978 (size before relaxing)
 .stab          0x0000000000004a88      0x630 ./list.o
                                        0xa20 (size before relaxing)
 .stab          0x00000000000050b8      0x3f0 ./main.o
                                        0x978 (size before relaxing)
 .stab          0x00000000000054a8      0x9e4 ./port.o
                                        0xe94 (size before relaxing)
 .stab          0x0000000000005e8c     0x1f5c ./queue.o
                                       0x2448 (size before relaxing)
 .stab          0x0000000000007de8     0x2d6c ./tasks.o
                                       0x3258 (size before relaxing)
 .stab          0x000000000000ab54      0x348 ./timers.o
                                        0x864 (size before relaxing)

.stabstr        0x0000000000000000     0x4dc6
 *(.stabstr)
 .stabstr       0x0000000000000000     0x4dc6 ./Clock.o

.stab.excl
 *(.stab.excl)

.stab.exclstr
 *(.stab.exclstr)

.stab.index
 *(.stab.index)

.stab.indexstr
 *(.stab.indexstr)

.comment        0x0000000000000000       0x11
 *(.comment)
 .comment       0x0000000000000000       0x11 ./Clock.o
                                         0x12 (size before relaxing)
 .comment       0x0000000000000011       0x12 ./DIO_Program.o
 .comment       0x0000000000000011       0x12 ./KBD_program.o
 .comment       0x0000000000000011       0x12 ./LCD_program.o
 .comment       0x0000000000000011       0x12 ./croutine.o
 .comment       0x0000000000000011       0x12 ./event_groups.o
 .comment       0x0000000000000011       0x12 ./heap_1.o
 .comment       0x0000000000000011       0x12 ./list.o
 .comment       0x0000000000000011       0x12 ./main.o
 .comment       0x0000000000000011       0x12 ./port.o
 .comment       0x0000000000000011       0x12 ./queue.o
 .comment       0x0000000000000011       0x12 ./tasks.o
 .comment       0x0000000000000011       0x12 ./timers.o

.note.gnu.avr.deviceinfo
                0x0000000000000000       0x3c
 .note.gnu.avr.deviceinfo
                0x0000000000000000       0x3c /usr/lib/gcc/avr/5.4.0/../../../avr/lib/avr5/crtatmega32.o

.note.gnu.build-id
 *(.note.gnu.build-id)

.debug
 *(.debug)

.line
 *(.line)

.debug_srcinfo
 *(.debug_srcinfo)

.debug_sfnames
 *(.debug_sfnames)

.debug_aranges
 *(.debug_aranges)

.debug_pubnames
 *(.debug_pubnames)

.debug_info     0x0000000000000000      0x4e6
 *(.debug_info .gnu.linkonce.wi.*)
 .debug_info    0x0000000000000000      0x4e6 /usr/lib/gcc/avr/5.4.0/../../../avr/lib/avr5/crtatmega32.o

.debug_abbrev   0x0000000000000000      0x4a3
 *(.debug_abbrev)
 .debug_abbrev  0x0000000000000000      0x4a3 /usr/lib/gcc/avr/5.4.0/../../../avr/lib/avr5/crtatmega32.o

.debug_line     0x0000000000000000       0x1a
 *(.debug_line .debug_line.* .debug_line_end)
 .debug_line    0x0000000000000000       0x1a /usr/lib/gcc/avr/5.4.0/../../../avr/lib/avr5/crtatmega32.o

.debug_frame
 *(.debug_frame)

.debug_str      0x0000000000000000      0x196
 *(.debug_str)
 .debug_str     0x0000000000000000      0x196 /usr/lib/gcc/avr/5.4.0/../../../avr/lib/avr5/crtatmega32.o

.debug_loc
 *(.debug_loc)

.debug_macinfo
 *(.debug_macinfo)

.debug_weaknames
 *(.debug_weaknames)

.debug_funcnames
 *(.debug_funcnames)

.debug_typenames
 *(.debug_typenames)

.debug_varnames
 *(.debug_varnames)

.debug_pubtypes
 *(.debug_pubtypes)

.debug_ranges
 *(.debug_ranges)

.debug_macro
 *(.debug_macro)
OUTPUT(Home_Clock.elf elf32-avr)
LOAD linker stubs
