Archive member included to satisfy reference by file (symbol)

/usr/lib/gcc/avr/5.4.0/avr5/libgcc.a(_udivmodqi4.o)
                              ./Clock.o (__udivmodqi4)
/usr/lib/gcc/avr/5.4.0/avr5/libgcc.a(_udivmodhi4.o)
                              ./LCD_program.o (__udivmodhi4)
/usr/lib/gcc/avr/5.4.0/avr5/libgcc.a(_divmodhi4.o)
                              ./Clock.o (__divmodhi4)
/usr/lib/gcc/avr/5.4.0/avr5/libgcc.a(_exit.o)
                              /usr/lib/gcc/avr/5.4.0/../../../avr/lib/avr5/crtatmega32.o (exit)
/usr/lib/gcc/avr/5.4.0/avr5/libgcc.a(_copy_data.o)
                              ./Clock.o (__do_copy_data)
/usr/lib/gcc/avr/5.4.0/avr5/libgcc.a(_clear_bss.o)
                              ./Clock.o (__do_clear_bss)
/usr/lib/gcc/avr/5.4.0/../../../avr/lib/avr5/libc.a(memcpy.o)
                              ./queue.o (memcpy)

Allocating common symbols
Common symbol       size              file

KBD_Au8ColsPins     0x4               ./KBD_program.o
KBD_Au8RowsPins     0x4               ./KBD_program.o
LCD                 0x2               ./Clock.o

Memory Configuration

Name             Origin             Length             Attributes
text             0x0000000000000000 0x0000000000020000 xr
data             0x0000000000800060 0x000000000000ffa0 rw !x
eeprom           0x0000000000810000 0x0000000000010000 rw !x
fuse             0x0000000000820000 0x0000000000000002 rw !x
lock             0x0000000000830000 0x0000000000000400 rw !x
signature        0x0000000000840000 0x0000000000000400 rw !x
user_signatures  0x0000000000850000 0x0000000000000400 rw !x
*default*        0x0000000000000000 0xffffffffffffffff

Linker script and memory map

LOAD /usr/lib/gcc/avr/5.4.0/../../../avr/lib/avr5/crtatmega32.o
LOAD ./Clock.o
LOAD ./DIO_Program.o
LOAD ./KBD_program.o
LOAD ./LCD_program.o
LOAD ./croutine.o
LOAD ./event_groups.o
LOAD ./heap_1.o
LOAD ./list.o
LOAD ./main.o
LOAD ./port.o
LOAD ./queue.o
LOAD ./tasks.o
LOAD ./timers.o
START GROUP
LOAD /usr/lib/gcc/avr/5.4.0/avr5/libgcc.a
LOAD /usr/lib/gcc/avr/5.4.0/../../../avr/lib/avr5/libm.a
LOAD /usr/lib/gcc/avr/5.4.0/../../../avr/lib/avr5/libc.a
LOAD /usr/lib/gcc/avr/5.4.0/../../../avr/lib/avr5/libatmega32.a
END GROUP
                0x0000000000020000                __TEXT_REGION_LENGTH__ = DEFINED (__TEXT_REGION_LENGTH__)?__TEXT_REGION_LENGTH__:0x20000
                0x000000000000ffa0                __DATA_REGION_LENGTH__ = DEFINED (__DATA_REGION_LENGTH__)?__DATA_REGION_LENGTH__:0xffa0
                0x0000000000010000                __EEPROM_REGION_LENGTH__ = DEFINED (__EEPROM_REGION_LENGTH__)?__EEPROM_REGION_LENGTH__:0x10000
                [0x0000000000000002]                __FUSE_REGION_LENGTH__ = DEFINED (__FUSE_REGION_LENGTH__)?__FUSE_REGION_LENGTH__:0x400
                0x0000000000000400                __LOCK_REGION_LENGTH__ = DEFINED (__LOCK_REGION_LENGTH__)?__LOCK_REGION_LENGTH__:0x400
                0x0000000000000400                __SIGNATURE_REGION_LENGTH__ = DEFINED (__SIGNATURE_REGION_LENGTH__)?__SIGNATURE_REGION_LENGTH__:0x400
                0x0000000000000400                __USER_SIGNATURE_REGION_LENGTH__ = DEFINED (__USER_SIGNATURE_REGION_LENGTH__)?__USER_SIGNATURE_REGION_LENGTH__:0x400

.hash
 *(.hash)

.dynsym
 *(.dynsym)

.dynstr
 *(.dynstr)

.gnu.version
 *(.gnu.version)

.gnu.version_d
 *(.gnu.version_d)

.gnu.version_r
 *(.gnu.version_r)

.rel.init
 *(.rel.init)

.rela.init
 *(.rela.init)

.rel.text
 *(.rel.text)
 *(.rel.text.*)
 *(.rel.gnu.linkonce.t*)

.rela.text
 *(.rela.text)
 *(.rela.text.*)
 *(.rela.gnu.linkonce.t*)

.rel.fini
 *(.rel.fini)

.rela.fini
 *(.rela.fini)

.rel.rodata
 *(.rel.rodata)
 *(.rel.rodata.*)
 *(.rel.gnu.linkonce.r*)

.rela.rodata
 *(.rela.rodata)
 *(.rela.rodata.*)
 *(.rela.gnu.linkonce.r*)

.rel.data
 *(.rel.data)
 *(.rel.data.*)
 *(.rel.gnu.linkonce.d*)

.rela.data
 *(.rela.data)
 *(.rela.data.*)
 *(.rela.gnu.linkonce.d*)

.rel.ctors
 *(.rel.ctors)

.rela.ctors
 *(.rela.ctors)

.rel.dtors
 *(.rel.dtors)

.rela.dtors
 *(.rela.dtors)

.rel.got
 *(.rel.got)

.rela.got
 *(.rela.got)

.rel.bss
 *(.rel.bss)

.rela.bss
 *(.rela.bss)

.rel.plt
 *(.rel.plt)

.rela.plt
 *(.rela.plt)

.text           0x0000000000000000     0x3434
 *(.vectors)
 .vectors       0x0000000000000000       0x54 /usr/lib/gcc/avr/5.4.0/../../../avr/lib/avr5/crtatmega32.o
                0x0000000000000000                __vectors
                0x0000000000000000                __vector_default
 *(.vectors)
 *(.progmem.gcc*)
                0x0000000000000054                . = ALIGN (0x2)
                0x0000000000000054                __trampolines_start = .
 *(.trampolines)
 .trampolines   0x0000000000000054        0x0 linker stubs
 *(.trampolines*)
                0x0000000000000054                __trampolines_end = .
 *libprintf_flt.a:*(.progmem.data)
 *libc.a:*(.progmem.data)
 *(.progmem*)
                0x0000000000000054                . = ALIGN (0x2)
 *(.jumptables)
 *(.jumptables*)
 *(.lowtext)
 *(.lowtext*)
                0x0000000000000054                __ctors_start = .
 *(.ctors)
                0x0000000000000054                __ctors_end = .
                0x0000000000000054                __dtors_start = .
 *(.dtors)
                0x0000000000000054                __dtors_end = .
 SORT(*)(.ctors)
 SORT(*)(.dtors)
 *(.init0)
 .init0         0x0000000000000054        0x0 /usr/lib/gcc/avr/5.4.0/../../../avr/lib/avr5/crtatmega32.o
                0x0000000000000054                __init
 *(.init0)
 *(.init1)
 *(.init1)
 *(.init2)
 .init2         0x0000000000000054        0xc /usr/lib/gcc/avr/5.4.0/../../../avr/lib/avr5/crtatmega32.o
 *(.init2)
 *(.init3)
 *(.init3)
 *(.init4)
 .init4         0x0000000000000060       0x16 /usr/lib/gcc/avr/5.4.0/avr5/libgcc.a(_copy_data.o)
                0x0000000000000060                __do_copy_data
 .init4         0x0000000000000076       0x10 /usr/lib/gcc/avr/5.4.0/avr5/libgcc.a(_clear_bss.o)
                0x0000000000000076                __do_clear_bss
 *(.init4)
 *(.init5)
 *(.init5)
 *(.init6)
 *(.init6)
 *(.init7)
 *(.init7)
 *(.init8)
 *(.init8)
 *(.init9)
 .init9         0x0000000000000086        0x8 /usr/lib/gcc/avr/5.4.0/../../../avr/lib/avr5/crtatmega32.o
 *(.init9)
 *(.text)
 .text          0x000000000000008e        0x4 /usr/lib/gcc/avr/5.4.0/../../../avr/lib/avr5/crtatmega32.o
                0x000000000000008e                __vector_1
                0x000000000000008e                __vector_12
                0x000000000000008e                __bad_interrupt
                0x000000000000008e                __vector_6
                0x000000000000008e                __vector_3
                0x000000000000008e                __vector_11
                0x000000000000008e                __vector_13
                0x000000000000008e                __vector_17
                0x000000000000008e                __vector_19
                0x000000000000008e                __vector_5
                0x000000000000008e                __vector_4
                0x000000000000008e                __vector_9
                0x000000000000008e                __vector_2
                0x000000000000008e                __vector_15
                0x000000000000008e                __vector_8
                0x000000000000008e                __vector_14
                0x000000000000008e                __vector_10
                0x000000000000008e                __vector_16
                0x000000000000008e                __vector_18
                0x000000000000008e                __vector_20
 .text          0x0000000000000092        0x0 ./Clock.o
 .text          0x0000000000000092        0x0 ./DIO_Program.o
 .text          0x0000000000000092        0x0 ./KBD_program.o
 .text          0x0000000000000092        0x0 ./LCD_program.o
 .text          0x0000000000000092        0x0 ./croutine.o
 .text          0x0000000000000092        0x0 ./event_groups.o
 .text          0x0000000000000092        0x0 ./heap_1.o
 .text          0x0000000000000092        0x0 ./list.o
 .text          0x0000000000000092        0x0 ./main.o
 .text          0x0000000000000092        0x0 ./port.o
 .text          0x0000000000000092        0x0 ./queue.o
 .text          0x0000000000000092        0x0 ./tasks.o
 .text          0x0000000000000092        0x0 ./timers.o
 .text          0x0000000000000092        0x0 /usr/lib/gcc/avr/5.4.0/avr5/libgcc.a(_udivmodqi4.o)
 .text          0x0000000000000092        0x0 /usr/lib/gcc/avr/5.4.0/avr5/libgcc.a(_udivmodhi4.o)
 .text          0x0000000000000092        0x0 /usr/lib/gcc/avr/5.4.0/avr5/libgcc.a(_divmodhi4.o)
 .text          0x0000000000000092        0x0 /usr/lib/gcc/avr/5.4.0/avr5/libgcc.a(_exit.o)
 .text          0x0000000000000092        0x0 /usr/lib/gcc/avr/5.4.0/avr5/libgcc.a(_copy_data.o)
 .text          0x0000000000000092        0x0 /usr/lib/gcc/avr/5.4.0/avr5/libgcc.a(_clear_bss.o)
 .text          0x0000000000000092        0x0 /usr/lib/gcc/avr/5.4.0/../../../avr/lib/avr5/libc.a(memcpy.o)
                0x0000000000000092                . = ALIGN (0x2)
 *(.text.*)
 .text.Clock_Hours
                0x0000000000000092       0xc2 ./Clock.o
                0x0000000000000092                Clock_Hours
 .text.Clock_Minute
                0x0000000000000154       0xcc ./Clock.o
                0x0000000000000154                Clock_Minute
 .text.Clock_Print_Default_Interface
                0x0000000000000220       0x7a ./Clock.o
                0x0000000000000220                Clock_Print_Default_Interface
 .text.Clock_Second
                0x000000000000029a       0x78 ./Clock.o
                0x000000000000029a                Clock_Second
 .text.Clock_Check_KPD
                0x0000000000000312       0x64 ./Clock.o
                0x0000000000000312                Clock_Check_KPD
 .text.Clock_Typing_Right_Arrow
                0x0000000000000376       0x4c ./Clock.o
                0x0000000000000376                Clock_Typing_Right_Arrow
 .text.Clock_Typing_Left_Arrow
                0x00000000000003c2       0x52 ./Clock.o
                0x00000000000003c2                Clock_Typing_Left_Arrow
 .text.Clock_Typing_Up_Arrow
                0x0000000000000414       0x4c ./Clock.o
                0x0000000000000414                Clock_Typing_Up_Arrow
 .text.Clock_Typing_Alarm_Button
                0x0000000000000460       0x6a ./Clock.o
                0x0000000000000460                Clock_Typing_Alarm_Button
 .text.Clock_Typing_Number
                0x00000000000004ca      0x120 ./Clock.o
                0x00000000000004ca                Clock_Typing_Number
 .text.Clock_Typing_Exit
                0x00000000000005ea       0xe6 ./Clock.o
                0x00000000000005ea                Clock_Typing_Exit
 .text.Clock_Typing_Enter
                0x00000000000006d0       0x5e ./Clock.o
                0x00000000000006d0                Clock_Typing_Enter
 .text.Clock_Print_Alarm_Interface
                0x000000000000072e       0x70 ./Clock.o
                0x000000000000072e                Clock_Print_Alarm_Interface
 .text.Clock_Alarm
                0x000000000000079e       0x76 ./Clock.o
                0x000000000000079e                Clock_Alarm
 .text.Clock_Typing_Mode
                0x0000000000000814      0x136 ./Clock.o
                0x0000000000000814                Clock_Typing_Mode
 .text.DIO_voidInitialize
                0x000000000000094a        0xa ./DIO_Program.o
                0x000000000000094a                DIO_voidInitialize
 .text.DIO_u8SetPinDirection
                0x0000000000000954       0xe2 ./DIO_Program.o
                0x0000000000000954                DIO_u8SetPinDirection
 .text.DIO_u8SetPinValue
                0x0000000000000a36       0xe2 ./DIO_Program.o
                0x0000000000000a36                DIO_u8SetPinValue
 .text.DIO_u8SetPortDirection
                0x0000000000000b18       0x26 ./DIO_Program.o
                0x0000000000000b18                DIO_u8SetPortDirection
 .text.DIO_u8SetPortValue
                0x0000000000000b3e       0x26 ./DIO_Program.o
                0x0000000000000b3e                DIO_u8SetPortValue
 .text.DIO_u8GetPinValue
                0x0000000000000b64       0x42 ./DIO_Program.o
                0x0000000000000b64                DIO_u8GetPinValue
 .text.DIO_u8GetPortValue
                0x0000000000000ba6       0x2a ./DIO_Program.o
                0x0000000000000ba6                DIO_u8GetPortValue
 .text.KBD_u8GetKeyPadState
                0x0000000000000bd0       0xbc ./KBD_program.o
                0x0000000000000bd0                KBD_u8GetKeyPadState
 .text.KBD_u8Initialize
                0x0000000000000c8c      0x172 ./KBD_program.o
                0x0000000000000c8c                KBD_u8Initialize
 .text.KBD_keys_map
                0x0000000000000dfe       0x20 ./KBD_program.o
                0x0000000000000dfe                KBD_keys_map
 .text.LCD_Void_Write
                0x0000000000000e1e       0x8a ./LCD_program.o
 .text.LCD_Void_Write_Cmd
                0x0000000000000ea8       0x14 ./LCD_program.o
                0x0000000000000ea8                LCD_Void_Write_Cmd
 .text.LCD_Void_Write_Data
                0x0000000000000ebc       0x14 ./LCD_program.o
                0x0000000000000ebc                LCD_Void_Write_Data
 .text.LCD_Void_Write_String
                0x0000000000000ed0       0x3e ./LCD_program.o
                0x0000000000000ed0                LCD_Void_Write_String
 .text.LCD_Void_Clear
                0x0000000000000f0e        0x6 ./LCD_program.o
                0x0000000000000f0e                LCD_Void_Clear
 .text.LCD_Void_Write_Blinking_String
                0x0000000000000f14       0x38 ./LCD_program.o
                0x0000000000000f14                LCD_Void_Write_Blinking_String
 .text.LCD_Set_Block
                0x0000000000000f4c        0xe ./LCD_program.o
                0x0000000000000f4c                LCD_Set_Block
 .text.LCD_Void_Write_Moving_String
                0x0000000000000f5a       0x4e ./LCD_program.o
                0x0000000000000f5a                LCD_Void_Write_Moving_String
 .text.LCD_Void_Write_CGRAM
                0x0000000000000fa8       0x38 ./LCD_program.o
                0x0000000000000fa8                LCD_Void_Write_CGRAM
 .text.LCD_initialize
                0x0000000000000fe0       0xbe ./LCD_program.o
                0x0000000000000fe0                LCD_initialize
 .text.LCD_Void_Write_Number
                0x000000000000109e       0x72 ./LCD_program.o
                0x000000000000109e                LCD_Void_Write_Number
 .text.LCD_Void_Write_Number_2
                0x0000000000001110       0x1a ./LCD_program.o
                0x0000000000001110                LCD_Void_Write_Number_2
 .text.LCD_Void_Write_Number_1
                0x000000000000112a        0x6 ./LCD_program.o
                0x000000000000112a                LCD_Void_Write_Number_1
 .text.xEventGroupCreate
                0x0000000000001130       0x26 ./event_groups.o
                0x0000000000001130                xEventGroupCreate
 .text.xEventGroupWaitBits
                0x0000000000001156       0xf0 ./event_groups.o
                0x0000000000001156                xEventGroupWaitBits
 .text.xEventGroupClearBits
                0x0000000000001246       0x1e ./event_groups.o
                0x0000000000001246                xEventGroupClearBits
 .text.xEventGroupGetBitsFromISR
                0x0000000000001264        0x8 ./event_groups.o
                0x0000000000001264                xEventGroupGetBitsFromISR
 .text.xEventGroupSetBits
                0x000000000000126c       0xaa ./event_groups.o
                0x000000000000126c                xEventGroupSetBits
 .text.xEventGroupSync
                0x0000000000001316       0xd6 ./event_groups.o
                0x0000000000001316                xEventGroupSync
 .text.vEventGroupDelete
                0x00000000000013ec       0x2c ./event_groups.o
                0x00000000000013ec                vEventGroupDelete
 .text.vEventGroupSetBitsCallback
                0x0000000000001418        0x6 ./event_groups.o
                0x0000000000001418                vEventGroupSetBitsCallback
 .text.vEventGroupClearBitsCallback
                0x000000000000141e        0x6 ./event_groups.o
                0x000000000000141e                vEventGroupClearBitsCallback
 .text.pvPortMalloc
                0x0000000000001424       0x64 ./heap_1.o
                0x0000000000001424                pvPortMalloc
 .text.vPortFree
                0x0000000000001488        0x2 ./heap_1.o
                0x0000000000001488                vPortFree
 .text.vPortInitialiseBlocks
                0x000000000000148a        0xa ./heap_1.o
                0x000000000000148a                vPortInitialiseBlocks
 .text.xPortGetFreeHeapSize
                0x0000000000001494       0x12 ./heap_1.o
                0x0000000000001494                xPortGetFreeHeapSize
 .text.vListInitialise
                0x00000000000014a6       0x1c ./list.o
                0x00000000000014a6                vListInitialise
 .text.vListInitialiseItem
                0x00000000000014c2        0x8 ./list.o
                0x00000000000014c2                vListInitialiseItem
 .text.vListInsertEnd
                0x00000000000014ca       0x42 ./list.o
                0x00000000000014ca                vListInsertEnd
 .text.vListInsert
                0x000000000000150c       0x70 ./list.o
                0x000000000000150c                vListInsert
 .text.uxListRemove
                0x000000000000157c       0x48 ./list.o
                0x000000000000157c                uxListRemove
 .text.startup.main
                0x00000000000015c4       0x6a ./main.o
                0x00000000000015c4                main
 .text.pxPortInitialiseStack
                0x000000000000162e       0xd8 ./port.o
                0x000000000000162e                pxPortInitialiseStack
 .text.xPortStartScheduler
                0x0000000000001706       0x6c ./port.o
                0x0000000000001706                xPortStartScheduler
 .text.vPortEndScheduler
                0x0000000000001772        0x2 ./port.o
                0x0000000000001772                vPortEndScheduler
 .text.vPortYield
                0x0000000000001774       0xb2 ./port.o
                0x0000000000001774                vPortYield
 .text.vPortYieldFromTick
                0x0000000000001826       0xb8 ./port.o
                0x0000000000001826                vPortYieldFromTick
 .text.__vector_7
                0x00000000000018de        0x6 ./port.o
                0x00000000000018de                __vector_7
 .text.prvIsQueueEmpty
                0x00000000000018e4       0x16 ./queue.o
 .text.prvCopyDataToQueue
                0x00000000000018fa       0xa6 ./queue.o
 .text.prvCopyDataFromQueue
                0x00000000000019a0       0x34 ./queue.o
 .text.prvUnlockQueue
                0x00000000000019d4       0x7c ./queue.o
 .text.xQueueGenericReset
                0x0000000000001a50       0x7e ./queue.o
                0x0000000000001a50                xQueueGenericReset
 .text.xQueueGenericCreate
                0x0000000000001ace       0x50 ./queue.o
                0x0000000000001ace                xQueueGenericCreate
 .text.xQueueGenericSend
                0x0000000000001b1e      0x12c ./queue.o
                0x0000000000001b1e                xQueueGenericSend
 .text.xQueueCreateMutex
                0x0000000000001c4a       0x34 ./queue.o
                0x0000000000001c4a                xQueueCreateMutex
 .text.xQueueGenericSendFromISR
                0x0000000000001c7e       0x5e ./queue.o
                0x0000000000001c7e                xQueueGenericSendFromISR
 .text.xQueueGiveFromISR
                0x0000000000001cdc       0x46 ./queue.o
                0x0000000000001cdc                xQueueGiveFromISR
 .text.xQueueReceive
                0x0000000000001d22      0x124 ./queue.o
                0x0000000000001d22                xQueueReceive
 .text.xQueueSemaphoreTake
                0x0000000000001e46      0x184 ./queue.o
                0x0000000000001e46                xQueueSemaphoreTake
 .text.xQueuePeek
                0x0000000000001fca      0x124 ./queue.o
                0x0000000000001fca                xQueuePeek
 .text.xQueueReceiveFromISR
                0x00000000000020ee       0x5e ./queue.o
                0x00000000000020ee                xQueueReceiveFromISR
 .text.xQueuePeekFromISR
                0x000000000000214c       0x2e ./queue.o
                0x000000000000214c                xQueuePeekFromISR
 .text.uxQueueMessagesWaiting
                0x000000000000217a       0x10 ./queue.o
                0x000000000000217a                uxQueueMessagesWaiting
 .text.uxQueueSpacesAvailable
                0x000000000000218a       0x14 ./queue.o
                0x000000000000218a                uxQueueSpacesAvailable
 .text.uxQueueMessagesWaitingFromISR
                0x000000000000219e        0x6 ./queue.o
                0x000000000000219e                uxQueueMessagesWaitingFromISR
 .text.vQueueDelete
                0x00000000000021a4        0x4 ./queue.o
                0x00000000000021a4                vQueueDelete
 .text.xQueueIsQueueEmptyFromISR
                0x00000000000021a8        0xc ./queue.o
                0x00000000000021a8                xQueueIsQueueEmptyFromISR
 .text.xQueueIsQueueFullFromISR
                0x00000000000021b4        0xe ./queue.o
                0x00000000000021b4                xQueueIsQueueFullFromISR
 .text.prvResetNextTaskUnblockTime
                0x00000000000021c2       0x36 ./tasks.o
 .text.prvAddCurrentTaskToDelayedList
                0x00000000000021f8       0xb8 ./tasks.o
 .text.prvIdleTask
                0x00000000000022b0       0x58 ./tasks.o
 .text.xTaskCreate
                0x0000000000002308      0x204 ./tasks.o
                0x0000000000002308                xTaskCreate
 .text.vTaskDelete
                0x000000000000250c       0xaa ./tasks.o
                0x000000000000250c                vTaskDelete
 .text.vTaskResume
                0x00000000000025b6       0x8e ./tasks.o
                0x00000000000025b6                vTaskResume
 .text.xTaskResumeFromISR
                0x0000000000002644       0x90 ./tasks.o
                0x0000000000002644                xTaskResumeFromISR
 .text.vTaskStartScheduler
                0x00000000000026d4       0x54 ./tasks.o
                0x00000000000026d4                vTaskStartScheduler
 .text.vTaskEndScheduler
                0x0000000000002728        0xa ./tasks.o
                0x0000000000002728                vTaskEndScheduler
 .text.vTaskSuspendAll
                0x0000000000002732        0xc ./tasks.o
                0x0000000000002732                vTaskSuspendAll
 .text.xTaskGetTickCount
                0x000000000000273e       0x14 ./tasks.o
                0x000000000000273e                xTaskGetTickCount
 .text.xTaskGetTickCountFromISR
                0x0000000000002752        0xa ./tasks.o
                0x0000000000002752                xTaskGetTickCountFromISR
 .text.uxTaskGetNumberOfTasks
                0x000000000000275c        0x6 ./tasks.o
                0x000000000000275c                uxTaskGetNumberOfTasks
 .text.pcTaskGetName
                0x0000000000002762       0x10 ./tasks.o
                0x0000000000002762                pcTaskGetName
 .text.xTaskIncrementTick
                0x0000000000002772      0x158 ./tasks.o
                0x0000000000002772                xTaskIncrementTick
 .text.xTaskResumeAll
                0x00000000000028ca       0xde ./tasks.o
                0x00000000000028ca                xTaskResumeAll
 .text.vTaskDelayUntil
                0x00000000000029a8       0x70 ./tasks.o
                0x00000000000029a8                vTaskDelayUntil
 .text.vTaskDelay
                0x0000000000002a18       0x2a ./tasks.o
                0x0000000000002a18                vTaskDelay
 .text.vTaskSwitchContext
                0x0000000000002a42       0x86 ./tasks.o
                0x0000000000002a42                vTaskSwitchContext
 .text.vTaskSuspend
                0x0000000000002ac8       0xac ./tasks.o
                0x0000000000002ac8                vTaskSuspend
 .text.vTaskPlaceOnEventList
                0x0000000000002b74       0x22 ./tasks.o
                0x0000000000002b74                vTaskPlaceOnEventList
 .text.vTaskPlaceOnUnorderedEventList
                0x0000000000002b96       0x30 ./tasks.o
                0x0000000000002b96                vTaskPlaceOnUnorderedEventList
 .text.xTaskRemoveFromEventList
                0x0000000000002bc6       0x80 ./tasks.o
                0x0000000000002bc6                xTaskRemoveFromEventList
 .text.vTaskRemoveFromUnorderedEventList
                0x0000000000002c46       0x64 ./tasks.o
                0x0000000000002c46                vTaskRemoveFromUnorderedEventList
 .text.vTaskSetTimeOutState
                0x0000000000002caa       0x20 ./tasks.o
                0x0000000000002caa                vTaskSetTimeOutState
 .text.vTaskInternalSetTimeOutState
                0x0000000000002cca       0x16 ./tasks.o
                0x0000000000002cca                vTaskInternalSetTimeOutState
 .text.xTaskCheckForTimeOut
                0x0000000000002ce0       0x66 ./tasks.o
                0x0000000000002ce0                xTaskCheckForTimeOut
 .text.vTaskMissedYield
                0x0000000000002d46        0x8 ./tasks.o
                0x0000000000002d46                vTaskMissedYield
 .text.xTaskGetCurrentTaskHandle
                0x0000000000002d4e        0xa ./tasks.o
                0x0000000000002d4e                xTaskGetCurrentTaskHandle
 .text.xTaskPriorityInherit
                0x0000000000002d58       0xc6 ./tasks.o
                0x0000000000002d58                xTaskPriorityInherit
 .text.xTaskPriorityDisinherit
                0x0000000000002e1e       0x74 ./tasks.o
                0x0000000000002e1e                xTaskPriorityDisinherit
 .text.vTaskPriorityDisinheritAfterTimeout
                0x0000000000002e92       0x8e ./tasks.o
                0x0000000000002e92                vTaskPriorityDisinheritAfterTimeout
 .text.uxTaskResetEventItemValue
                0x0000000000002f20       0x2e ./tasks.o
                0x0000000000002f20                uxTaskResetEventItemValue
 .text.pvTaskIncrementMutexHeldCount
                0x0000000000002f4e       0x24 ./tasks.o
                0x0000000000002f4e                pvTaskIncrementMutexHeldCount
 .text.ulTaskNotifyTake
                0x0000000000002f72       0xa2 ./tasks.o
                0x0000000000002f72                ulTaskNotifyTake
 .text.xTaskNotifyWait
                0x0000000000003014      0x110 ./tasks.o
                0x0000000000003014                xTaskNotifyWait
 .text.xTaskGenericNotify
                0x0000000000003124       0xd2 ./tasks.o
                0x0000000000003124                xTaskGenericNotify
 .text.xTaskGenericNotifyFromISR
                0x00000000000031f6       0xf4 ./tasks.o
                0x00000000000031f6                xTaskGenericNotifyFromISR
 .text.vTaskNotifyGiveFromISR
                0x00000000000032ea       0xa4 ./tasks.o
                0x00000000000032ea                vTaskNotifyGiveFromISR
 .text.xTaskNotifyStateClear
                0x000000000000338e       0x28 ./tasks.o
                0x000000000000338e                xTaskNotifyStateClear
 .text.libgcc.mul
                0x00000000000033b6        0x0 /usr/lib/gcc/avr/5.4.0/avr5/libgcc.a(_udivmodqi4.o)
 .text.libgcc.div
                0x00000000000033b6       0x18 /usr/lib/gcc/avr/5.4.0/avr5/libgcc.a(_udivmodqi4.o)
                0x00000000000033b6                __udivmodqi4
 .text.libgcc   0x00000000000033ce        0x0 /usr/lib/gcc/avr/5.4.0/avr5/libgcc.a(_udivmodqi4.o)
 .text.libgcc.prologue
                0x00000000000033ce        0x0 /usr/lib/gcc/avr/5.4.0/avr5/libgcc.a(_udivmodqi4.o)
 .text.libgcc.builtins
                0x00000000000033ce        0x0 /usr/lib/gcc/avr/5.4.0/avr5/libgcc.a(_udivmodqi4.o)
 .text.libgcc.fmul
                0x00000000000033ce        0x0 /usr/lib/gcc/avr/5.4.0/avr5/libgcc.a(_udivmodqi4.o)
 .text.libgcc.fixed
                0x00000000000033ce        0x0 /usr/lib/gcc/avr/5.4.0/avr5/libgcc.a(_udivmodqi4.o)
 .text.libgcc.mul
                0x00000000000033ce        0x0 /usr/lib/gcc/avr/5.4.0/avr5/libgcc.a(_udivmodhi4.o)
 .text.libgcc.div
                0x00000000000033ce       0x28 /usr/lib/gcc/avr/5.4.0/avr5/libgcc.a(_udivmodhi4.o)
                0x00000000000033ce                __udivmodhi4
 .text.libgcc   0x00000000000033f6        0x0 /usr/lib/gcc/avr/5.4.0/avr5/libgcc.a(_udivmodhi4.o)
 .text.libgcc.prologue
                0x00000000000033f6        0x0 /usr/lib/gcc/avr/5.4.0/avr5/libgcc.a(_udivmodhi4.o)
 .text.libgcc.builtins
                0x00000000000033f6        0x0 /usr/lib/gcc/avr/5.4.0/avr5/libgcc.a(_udivmodhi4.o)
 .text.libgcc.fmul
                0x00000000000033f6        0x0 /usr/lib/gcc/avr/5.4.0/avr5/libgcc.a(_udivmodhi4.o)
 .text.libgcc.fixed
                0x00000000000033f6        0x0 /usr/lib/gcc/avr/5.4.0/avr5/libgcc.a(_udivmodhi4.o)
 .text.libgcc.mul
                0x00000000000033f6        0x0 /usr/lib/gcc/avr/5.4.0/avr5/libgcc.a(_divmodhi4.o)
 .text.libgcc.div
                0x00000000000033f6       0x28 /usr/lib/gcc/avr/5.4.0/avr5/libgcc.a(_divmodhi4.o)
                0x00000000000033f6                __divmodhi4
                0x00000000000033f6                _div
 .text.libgcc   0x000000000000341e        0x0 /usr/lib/gcc/avr/5.4.0/avr5/libgcc.a(_divmodhi4.o)
 .text.libgcc.prologue
                0x000000000000341e        0x0 /usr/lib/gcc/avr/5.4.0/avr5/libgcc.a(_divmodhi4.o)
 .text.libgcc.builtins
                0x000000000000341e        0x0 /usr/lib/gcc/avr/5.4.0/avr5/libgcc.a(_divmodhi4.o)
 .text.libgcc.fmul
                0x000000000000341e        0x0 /usr/lib/gcc/avr/5.4.0/avr5/libgcc.a(_divmodhi4.o)
 .text.libgcc.fixed
                0x000000000000341e        0x0 /usr/lib/gcc/avr/5.4.0/avr5/libgcc.a(_divmodhi4.o)
 .text.libgcc.mul
                0x000000000000341e        0x0 /usr/lib/gcc/avr/5.4.0/avr5/libgcc.a(_exit.o)
 .text.libgcc.div
                0x000000000000341e        0x0 /usr/lib/gcc/avr/5.4.0/avr5/libgcc.a(_exit.o)
 .text.libgcc   0x000000000000341e        0x0 /usr/lib/gcc/avr/5.4.0/avr5/libgcc.a(_exit.o)
 .text.libgcc.prologue
                0x000000000000341e        0x0 /usr/lib/gcc/avr/5.4.0/avr5/libgcc.a(_exit.o)
 .text.libgcc.builtins
                0x000000000000341e        0x0 /usr/lib/gcc/avr/5.4.0/avr5/libgcc.a(_exit.o)
 .text.libgcc.fmul
                0x000000000000341e        0x0 /usr/lib/gcc/avr/5.4.0/avr5/libgcc.a(_exit.o)
 .text.libgcc.fixed
                0x000000000000341e        0x0 /usr/lib/gcc/avr/5.4.0/avr5/libgcc.a(_exit.o)
 .text.libgcc.mul
                0x000000000000341e        0x0 /usr/lib/gcc/avr/5.4.0/avr5/libgcc.a(_copy_data.o)
 .text.libgcc.div
                0x000000000000341e        0x0 /usr/lib/gcc/avr/5.4.0/avr5/libgcc.a(_copy_data.o)
 .text.libgcc   0x000000000000341e        0x0 /usr/lib/gcc/avr/5.4.0/avr5/libgcc.a(_copy_data.o)
 .text.libgcc.prologue
                0x000000000000341e        0x0 /usr/lib/gcc/avr/5.4.0/avr5/libgcc.a(_copy_data.o)
 .text.libgcc.builtins
                0x000000000000341e        0x0 /usr/lib/gcc/avr/5.4.0/avr5/libgcc.a(_copy_data.o)
 .text.libgcc.fmul
                0x000000000000341e        0x0 /usr/lib/gcc/avr/5.4.0/avr5/libgcc.a(_copy_data.o)
 .text.libgcc.fixed
                0x000000000000341e        0x0 /usr/lib/gcc/avr/5.4.0/avr5/libgcc.a(_copy_data.o)
 .text.libgcc.mul
                0x000000000000341e        0x0 /usr/lib/gcc/avr/5.4.0/avr5/libgcc.a(_clear_bss.o)
 .text.libgcc.div
                0x000000000000341e        0x0 /usr/lib/gcc/avr/5.4.0/avr5/libgcc.a(_clear_bss.o)
 .text.libgcc   0x000000000000341e        0x0 /usr/lib/gcc/avr/5.4.0/avr5/libgcc.a(_clear_bss.o)
 .text.libgcc.prologue
                0x000000000000341e        0x0 /usr/lib/gcc/avr/5.4.0/avr5/libgcc.a(_clear_bss.o)
 .text.libgcc.builtins
                0x000000000000341e        0x0 /usr/lib/gcc/avr/5.4.0/avr5/libgcc.a(_clear_bss.o)
 .text.libgcc.fmul
                0x000000000000341e        0x0 /usr/lib/gcc/avr/5.4.0/avr5/libgcc.a(_clear_bss.o)
 .text.libgcc.fixed
                0x000000000000341e        0x0 /usr/lib/gcc/avr/5.4.0/avr5/libgcc.a(_clear_bss.o)
 .text.avr-libc
                0x000000000000341e       0x12 /usr/lib/gcc/avr/5.4.0/../../../avr/lib/avr5/libc.a(memcpy.o)
                0x000000000000341e                memcpy
                0x0000000000003430                . = ALIGN (0x2)
 *(.fini9)
 .fini9         0x0000000000003430        0x0 /usr/lib/gcc/avr/5.4.0/avr5/libgcc.a(_exit.o)
                0x0000000000003430                exit
                0x0000000000003430                _exit
 *(.fini9)
 *(.fini8)
 *(.fini8)
 *(.fini7)
 *(.fini7)
 *(.fini6)
 *(.fini6)
 *(.fini5)
 *(.fini5)
 *(.fini4)
 *(.fini4)
 *(.fini3)
 *(.fini3)
 *(.fini2)
 *(.fini2)
 *(.fini1)
 *(.fini1)
 *(.fini0)
 .fini0         0x0000000000003430        0x4 /usr/lib/gcc/avr/5.4.0/avr5/libgcc.a(_exit.o)
 *(.fini0)
                0x0000000000003434                _etext = .

.data           0x0000000000800060       0x7e load address 0x0000000000003434
                0x0000000000800060                PROVIDE (__data_start, .)
 *(.data)
 .data          0x0000000000800060        0x0 /usr/lib/gcc/avr/5.4.0/../../../avr/lib/avr5/crtatmega32.o
 .data          0x0000000000800060        0x0 ./Clock.o
 .data          0x0000000000800060        0x0 ./DIO_Program.o
 .data          0x0000000000800060        0x0 ./KBD_program.o
 .data          0x0000000000800060        0x0 ./LCD_program.o
 .data          0x0000000000800060        0x0 ./croutine.o
 .data          0x0000000000800060        0x0 ./event_groups.o
 .data          0x0000000000800060        0x0 ./heap_1.o
 .data          0x0000000000800060        0x0 ./list.o
 .data          0x0000000000800060        0x0 ./main.o
 .data          0x0000000000800060        0x0 ./port.o
 .data          0x0000000000800060        0x0 ./queue.o
 .data          0x0000000000800060        0x0 ./tasks.o
 .data          0x0000000000800060        0x0 ./timers.o
 .data          0x0000000000800060        0x0 /usr/lib/gcc/avr/5.4.0/avr5/libgcc.a(_udivmodqi4.o)
 .data          0x0000000000800060        0x0 /usr/lib/gcc/avr/5.4.0/avr5/libgcc.a(_udivmodhi4.o)
 .data          0x0000000000800060        0x0 /usr/lib/gcc/avr/5.4.0/avr5/libgcc.a(_divmodhi4.o)
 .data          0x0000000000800060        0x0 /usr/lib/gcc/avr/5.4.0/avr5/libgcc.a(_exit.o)
 .data          0x0000000000800060        0x0 /usr/lib/gcc/avr/5.4.0/avr5/libgcc.a(_copy_data.o)
 .data          0x0000000000800060        0x0 /usr/lib/gcc/avr/5.4.0/avr5/libgcc.a(_clear_bss.o)
 .data          0x0000000000800060        0x0 /usr/lib/gcc/avr/5.4.0/../../../avr/lib/avr5/libc.a(memcpy.o)
 *(.data*)
 .data.KPD_Check_frequency
                0x0000000000800060        0x1 ./Clock.o
                0x0000000000800060                KPD_Check_frequency
 .data.key_map  0x0000000000800061       0x10 ./KBD_program.o
                0x0000000000800061                key_map
 *(.rodata)
 *(.rodata*)
 .rodata.str1.1
                0x0000000000800071       0x2c ./Clock.o
                                         0x32 (size before relaxing)
 .rodata.Pattern_Arrow
                0x000000000080009d        0x8 ./LCD_program.o
                0x000000000080009d                Pattern_Arrow
 .rodata.Pattern_AM
                0x00000000008000a5        0x8 ./LCD_program.o
                0x00000000008000a5                Pattern_AM
 .rodata.Pattern_Alarm
                0x00000000008000ad        0x8 ./LCD_program.o
                0x00000000008000ad                Pattern_Alarm
 .rodata.str1.1
                0x00000000008000b5       0x24 ./main.o
 .rodata.str1.1
                0x00000000008000d9        0x5 ./tasks.o
 *(.gnu.linkonce.d*)
                0x00000000008000de                . = ALIGN (0x2)
                0x00000000008000de                _edata = .
                0x00000000008000de                PROVIDE (__data_end, .)

.bss            0x00000000008000de      0x66b
                0x00000000008000de                PROVIDE (__bss_start, .)
 *(.bss)
 .bss           0x00000000008000de        0x0 /usr/lib/gcc/avr/5.4.0/../../../avr/lib/avr5/crtatmega32.o
 .bss           0x00000000008000de        0x0 ./Clock.o
 .bss           0x00000000008000de        0x0 ./DIO_Program.o
 .bss           0x00000000008000de        0x0 ./KBD_program.o
 .bss           0x00000000008000de        0x0 ./LCD_program.o
 .bss           0x00000000008000de        0x0 ./croutine.o
 .bss           0x00000000008000de        0x0 ./event_groups.o
 .bss           0x00000000008000de        0x0 ./heap_1.o
 .bss           0x00000000008000de        0x0 ./list.o
 .bss           0x00000000008000de        0x0 ./main.o
 .bss           0x00000000008000de        0x0 ./port.o
 .bss           0x00000000008000de        0x0 ./queue.o
 .bss           0x00000000008000de        0x0 ./tasks.o
 .bss           0x00000000008000de        0x0 ./timers.o
 .bss           0x00000000008000de        0x0 /usr/lib/gcc/avr/5.4.0/avr5/libgcc.a(_udivmodqi4.o)
 .bss           0x00000000008000de        0x0 /usr/lib/gcc/avr/5.4.0/avr5/libgcc.a(_udivmodhi4.o)
 .bss           0x00000000008000de        0x0 /usr/lib/gcc/avr/5.4.0/avr5/libgcc.a(_divmodhi4.o)
 .bss           0x00000000008000de        0x0 /usr/lib/gcc/avr/5.4.0/avr5/libgcc.a(_exit.o)
 .bss           0x00000000008000de        0x0 /usr/lib/gcc/avr/5.4.0/avr5/libgcc.a(_copy_data.o)
 .bss           0x00000000008000de        0x0 /usr/lib/gcc/avr/5.4.0/avr5/libgcc.a(_clear_bss.o)
 .bss           0x00000000008000de        0x0 /usr/lib/gcc/avr/5.4.0/../../../avr/lib/avr5/libc.a(memcpy.o)
 *(.bss*)
 .bss.Alarm_handle
                0x00000000008000de        0x2 ./Clock.o
                0x00000000008000de                Alarm_handle
 .bss.Hours_handle
                0x00000000008000e0        0x2 ./Clock.o
                0x00000000008000e0                Hours_handle
 .bss.Minutes_handle
                0x00000000008000e2        0x2 ./Clock.o
                0x00000000008000e2                Minutes_handle
 .bss.minutes_adjusted
                0x00000000008000e4        0x2 ./Clock.o
                0x00000000008000e4                minutes_adjusted
 .bss.KPD_input
                0x00000000008000e6        0x2 ./Clock.o
                0x00000000008000e6                KPD_input
 .bss.flags     0x00000000008000e8        0x1 ./Clock.o
                0x00000000008000e8                flags
 .bss.Alarm_AM_PM
                0x00000000008000e9        0x1 ./Clock.o
                0x00000000008000e9                Alarm_AM_PM
 .bss.Alarm_Hours
                0x00000000008000ea        0x1 ./Clock.o
                0x00000000008000ea                Alarm_Hours
 .bss.Alarm_Minutes
                0x00000000008000eb        0x1 ./Clock.o
                0x00000000008000eb                Alarm_Minutes
 .bss.AM_PM     0x00000000008000ec        0x1 ./Clock.o
                0x00000000008000ec                AM_PM
 .bss.Hours     0x00000000008000ed        0x1 ./Clock.o
                0x00000000008000ed                Hours
 .bss.Minutes   0x00000000008000ee        0x1 ./Clock.o
                0x00000000008000ee                Minutes
 .bss.Seconds   0x00000000008000ef        0x1 ./Clock.o
                0x00000000008000ef                Seconds
 .bss.pucAlignedHeap.2085
                0x00000000008000f0        0x2 ./heap_1.o
 .bss.xNextFreeByte
                0x00000000008000f2        0x2 ./heap_1.o
 .bss.ucHeap    0x00000000008000f4      0x5dc ./heap_1.o
 .bss.uxSchedulerSuspended
                0x00000000008006d0        0x1 ./tasks.o
 .bss.xIdleTaskHandle
                0x00000000008006d1        0x2 ./tasks.o
 .bss.xNextTaskUnblockTime
                0x00000000008006d3        0x2 ./tasks.o
 .bss.uxTaskNumber
                0x00000000008006d5        0x1 ./tasks.o
 .bss.xNumOfOverflows
                0x00000000008006d6        0x1 ./tasks.o
 .bss.xYieldPending
                0x00000000008006d7        0x1 ./tasks.o
 .bss.uxPendedTicks
                0x00000000008006d8        0x1 ./tasks.o
 .bss.xSchedulerRunning
                0x00000000008006d9        0x1 ./tasks.o
 .bss.uxTopReadyPriority
                0x00000000008006da        0x1 ./tasks.o
 .bss.xTickCount
                0x00000000008006db        0x2 ./tasks.o
 .bss.uxCurrentNumberOfTasks
                0x00000000008006dd        0x1 ./tasks.o
 .bss.xSuspendedTaskList
                0x00000000008006de        0x9 ./tasks.o
 .bss.uxDeletedTasksWaitingCleanUp
                0x00000000008006e7        0x1 ./tasks.o
 .bss.xTasksWaitingTermination
                0x00000000008006e8        0x9 ./tasks.o
 .bss.xPendingReadyList
                0x00000000008006f1        0x9 ./tasks.o
 .bss.pxOverflowDelayedTaskList
                0x00000000008006fa        0x2 ./tasks.o
 .bss.pxDelayedTaskList
                0x00000000008006fc        0x2 ./tasks.o
 .bss.xDelayedTaskList2
                0x00000000008006fe        0x9 ./tasks.o
 .bss.xDelayedTaskList1
                0x0000000000800707        0x9 ./tasks.o
 .bss.pxReadyTasksLists
                0x0000000000800710       0x2d ./tasks.o
 .bss.pxCurrentTCB
                0x000000000080073d        0x2 ./tasks.o
                0x000000000080073d                pxCurrentTCB
 *(COMMON)
 COMMON         0x000000000080073f        0x2 ./Clock.o
                0x000000000080073f                LCD
 COMMON         0x0000000000800741        0x8 ./KBD_program.o
                0x0000000000800741                KBD_Au8ColsPins
                0x0000000000800745                KBD_Au8RowsPins
                0x0000000000800749                PROVIDE (__bss_end, .)
                0x0000000000003434                __data_load_start = LOADADDR (.data)
                0x00000000000034b2                __data_load_end = (__data_load_start + SIZEOF (.data))

.noinit         0x0000000000800749        0x0
                [!provide]                        PROVIDE (__noinit_start, .)
 *(.noinit*)
                [!provide]                        PROVIDE (__noinit_end, .)
                0x0000000000800749                _end = .
                [!provide]                        PROVIDE (__heap_start, .)

.eeprom         0x0000000000810000        0x0
 *(.eeprom*)
                0x0000000000810000                __eeprom_end = .

.fuse
 *(.fuse)
 *(.lfuse)
 *(.hfuse)
 *(.efuse)

.lock
 *(.lock*)

.signature
 *(.signature*)

.user_signatures
 *(.user_signatures*)

.stab
 *(.stab)

.stabstr
 *(.stabstr)

.stab.excl
 *(.stab.excl)

.stab.exclstr
 *(.stab.exclstr)

.stab.index
 *(.stab.index)

.stab.indexstr
 *(.stab.indexstr)

.comment        0x0000000000000000       0x11
 *(.comment)
 .comment       0x0000000000000000       0x11 ./Clock.o
                                         0x12 (size before relaxing)
 .comment       0x0000000000000011       0x12 ./DIO_Program.o
 .comment       0x0000000000000011       0x12 ./KBD_program.o
 .comment       0x0000000000000011       0x12 ./LCD_program.o
 .comment       0x0000000000000011       0x12 ./croutine.o
 .comment       0x0000000000000011       0x12 ./event_groups.o
 .comment       0x0000000000000011       0x12 ./heap_1.o
 .comment       0x0000000000000011       0x12 ./list.o
 .comment       0x0000000000000011       0x12 ./main.o
 .comment       0x0000000000000011       0x12 ./port.o
 .comment       0x0000000000000011       0x12 ./queue.o
 .comment       0x0000000000000011       0x12 ./tasks.o
 .comment       0x0000000000000011       0x12 ./timers.o

.note.gnu.avr.deviceinfo
                0x0000000000000000       0x3c
 .note.gnu.avr.deviceinfo
                0x0000000000000000       0x3c /usr/lib/gcc/avr/5.4.0/../../../avr/lib/avr5/crtatmega32.o

.note.gnu.build-id
 *(.note.gnu.build-id)

.debug
 *(.debug)

.line
 *(.line)

.debug_srcinfo
 *(.debug_srcinfo)

.debug_sfnames
 *(.debug_sfnames)

.debug_aranges
 *(.debug_aranges)

.debug_pubnames
 *(.debug_pubnames)

.debug_info     0x0000000000000000      0x4e6
 *(.debug_info .gnu.linkonce.wi.*)
 .debug_info    0x0000000000000000      0x4e6 /usr/lib/gcc/avr/5.4.0/../../../avr/lib/avr5/crtatmega32.o

.debug_abbrev   0x0000000000000000      0x4a3
 *(.debug_abbrev)
 .debug_abbrev  0x0000000000000000      0x4a3 /usr/lib/gcc/avr/5.4.0/../../../avr/lib/avr5/crtatmega32.o

.debug_line     0x0000000000000000       0x1a
 *(.debug_line .debug_line.* .debug_line_end)
 .debug_line    0x0000000000000000       0x1a /usr/lib/gcc/avr/5.4.0/../../../avr/lib/avr5/crtatmega32.o

.debug_frame
 *(.debug_frame)

.debug_str      0x0000000000000000      0x196
 *(.debug_str)
 .debug_str     0x0000000000000000      0x196 /usr/lib/gcc/avr/5.4.0/../../../avr/lib/avr5/crtatmega32.o

.debug_loc
 *(.debug_loc)

.debug_macinfo
 *(.debug_macinfo)

.debug_weaknames
 *(.debug_weaknames)

.debug_funcnames
 *(.debug_funcnames)

.debug_typenames
 *(.debug_typenames)

.debug_varnames
 *(.debug_varnames)

.debug_pubtypes
 *(.debug_pubtypes)

.debug_ranges
 *(.debug_ranges)

.debug_macro
 *(.debug_macro)
OUTPUT(Home_Clock.elf elf32-avr)
LOAD linker stubs
