Archive member included to satisfy reference by file (symbol)

/usr/lib/gcc/avr/5.4.0/avr5/libgcc.a(_udivmodqi4.o)
                              ./Clock.o (__udivmodqi4)
/usr/lib/gcc/avr/5.4.0/avr5/libgcc.a(_udivmodhi4.o)
                              ./LCD_program.o (__udivmodhi4)
/usr/lib/gcc/avr/5.4.0/avr5/libgcc.a(_divmodhi4.o)
                              ./Clock.o (__divmodhi4)
/usr/lib/gcc/avr/5.4.0/avr5/libgcc.a(_exit.o)
                              /usr/lib/gcc/avr/5.4.0/../../../avr/lib/avr5/crtatmega32.o (exit)
/usr/lib/gcc/avr/5.4.0/avr5/libgcc.a(_tablejump2.o)
                              ./timers.o (__tablejump2__)
/usr/lib/gcc/avr/5.4.0/avr5/libgcc.a(_copy_data.o)
                              ./Clock.o (__do_copy_data)
/usr/lib/gcc/avr/5.4.0/avr5/libgcc.a(_clear_bss.o)
                              ./Clock.o (__do_clear_bss)
/usr/lib/gcc/avr/5.4.0/../../../avr/lib/avr5/libc.a(memcpy.o)
                              ./queue.o (memcpy)

Allocating common symbols
Common symbol       size              file

KBD_Au8ColsPins     0x4               ./KBD_program.o
KBD_Au8RowsPins     0x4               ./KBD_program.o
Debounce_Timer      0x2               ./Clock.o
LCD                 0x2               ./Clock.o
KPD_INT_Timer       0x2               ./Clock.o

Memory Configuration

Name             Origin             Length             Attributes
text             0x0000000000000000 0x0000000000020000 xr
data             0x0000000000800060 0x000000000000ffa0 rw !x
eeprom           0x0000000000810000 0x0000000000010000 rw !x
fuse             0x0000000000820000 0x0000000000000002 rw !x
lock             0x0000000000830000 0x0000000000000400 rw !x
signature        0x0000000000840000 0x0000000000000400 rw !x
user_signatures  0x0000000000850000 0x0000000000000400 rw !x
*default*        0x0000000000000000 0xffffffffffffffff

Linker script and memory map

LOAD /usr/lib/gcc/avr/5.4.0/../../../avr/lib/avr5/crtatmega32.o
LOAD ./Clock.o
LOAD ./DIO_Program.o
LOAD ./EXTI_program.o
LOAD ./KBD_program.o
LOAD ./LCD_program.o
LOAD ./croutine.o
LOAD ./event_groups.o
LOAD ./heap_1.o
LOAD ./list.o
LOAD ./main.o
LOAD ./port.o
LOAD ./queue.o
LOAD ./tasks.o
LOAD ./timers.o
START GROUP
LOAD /usr/lib/gcc/avr/5.4.0/avr5/libgcc.a
LOAD /usr/lib/gcc/avr/5.4.0/../../../avr/lib/avr5/libm.a
LOAD /usr/lib/gcc/avr/5.4.0/../../../avr/lib/avr5/libc.a
LOAD /usr/lib/gcc/avr/5.4.0/../../../avr/lib/avr5/libatmega32.a
END GROUP
                0x0000000000020000                __TEXT_REGION_LENGTH__ = DEFINED (__TEXT_REGION_LENGTH__)?__TEXT_REGION_LENGTH__:0x20000
                0x000000000000ffa0                __DATA_REGION_LENGTH__ = DEFINED (__DATA_REGION_LENGTH__)?__DATA_REGION_LENGTH__:0xffa0
                0x0000000000010000                __EEPROM_REGION_LENGTH__ = DEFINED (__EEPROM_REGION_LENGTH__)?__EEPROM_REGION_LENGTH__:0x10000
                [0x0000000000000002]                __FUSE_REGION_LENGTH__ = DEFINED (__FUSE_REGION_LENGTH__)?__FUSE_REGION_LENGTH__:0x400
                0x0000000000000400                __LOCK_REGION_LENGTH__ = DEFINED (__LOCK_REGION_LENGTH__)?__LOCK_REGION_LENGTH__:0x400
                0x0000000000000400                __SIGNATURE_REGION_LENGTH__ = DEFINED (__SIGNATURE_REGION_LENGTH__)?__SIGNATURE_REGION_LENGTH__:0x400
                0x0000000000000400                __USER_SIGNATURE_REGION_LENGTH__ = DEFINED (__USER_SIGNATURE_REGION_LENGTH__)?__USER_SIGNATURE_REGION_LENGTH__:0x400

.hash
 *(.hash)

.dynsym
 *(.dynsym)

.dynstr
 *(.dynstr)

.gnu.version
 *(.gnu.version)

.gnu.version_d
 *(.gnu.version_d)

.gnu.version_r
 *(.gnu.version_r)

.rel.init
 *(.rel.init)

.rela.init
 *(.rela.init)

.rel.text
 *(.rel.text)
 *(.rel.text.*)
 *(.rel.gnu.linkonce.t*)

.rela.text
 *(.rela.text)
 *(.rela.text.*)
 *(.rela.gnu.linkonce.t*)

.rel.fini
 *(.rel.fini)

.rela.fini
 *(.rela.fini)

.rel.rodata
 *(.rel.rodata)
 *(.rel.rodata.*)
 *(.rel.gnu.linkonce.r*)

.rela.rodata
 *(.rela.rodata)
 *(.rela.rodata.*)
 *(.rela.gnu.linkonce.r*)

.rel.data
 *(.rel.data)
 *(.rel.data.*)
 *(.rel.gnu.linkonce.d*)

.rela.data
 *(.rela.data)
 *(.rela.data.*)
 *(.rela.gnu.linkonce.d*)

.rel.ctors
 *(.rel.ctors)

.rela.ctors
 *(.rela.ctors)

.rel.dtors
 *(.rel.dtors)

.rela.dtors
 *(.rela.dtors)

.rel.got
 *(.rel.got)

.rela.got
 *(.rela.got)

.rel.bss
 *(.rel.bss)

.rela.bss
 *(.rela.bss)

.rel.plt
 *(.rel.plt)

.rela.plt
 *(.rela.plt)

.text           0x0000000000000000     0x3cf0
 *(.vectors)
 .vectors       0x0000000000000000       0x54 /usr/lib/gcc/avr/5.4.0/../../../avr/lib/avr5/crtatmega32.o
                0x0000000000000000                __vectors
                0x0000000000000000                __vector_default
 *(.vectors)
 *(.progmem.gcc*)
 .progmem.gcc_sw_table.prvTimerTask
                0x0000000000000054       0x14 ./timers.o
                0x0000000000000068                . = ALIGN (0x2)
                0x0000000000000068                __trampolines_start = .
 *(.trampolines)
 .trampolines   0x0000000000000068        0x0 linker stubs
 *(.trampolines*)
                0x0000000000000068                __trampolines_end = .
 *libprintf_flt.a:*(.progmem.data)
 *libc.a:*(.progmem.data)
 *(.progmem*)
                0x0000000000000068                . = ALIGN (0x2)
 *(.jumptables)
 *(.jumptables*)
 *(.lowtext)
 *(.lowtext*)
                0x0000000000000068                __ctors_start = .
 *(.ctors)
                0x0000000000000068                __ctors_end = .
                0x0000000000000068                __dtors_start = .
 *(.dtors)
                0x0000000000000068                __dtors_end = .
 SORT(*)(.ctors)
 SORT(*)(.dtors)
 *(.init0)
 .init0         0x0000000000000068        0x0 /usr/lib/gcc/avr/5.4.0/../../../avr/lib/avr5/crtatmega32.o
                0x0000000000000068                __init
 *(.init0)
 *(.init1)
 *(.init1)
 *(.init2)
 .init2         0x0000000000000068        0xc /usr/lib/gcc/avr/5.4.0/../../../avr/lib/avr5/crtatmega32.o
 *(.init2)
 *(.init3)
 *(.init3)
 *(.init4)
 .init4         0x0000000000000074       0x16 /usr/lib/gcc/avr/5.4.0/avr5/libgcc.a(_copy_data.o)
                0x0000000000000074                __do_copy_data
 .init4         0x000000000000008a       0x10 /usr/lib/gcc/avr/5.4.0/avr5/libgcc.a(_clear_bss.o)
                0x000000000000008a                __do_clear_bss
 *(.init4)
 *(.init5)
 *(.init5)
 *(.init6)
 *(.init6)
 *(.init7)
 *(.init7)
 *(.init8)
 *(.init8)
 *(.init9)
 .init9         0x000000000000009a        0x8 /usr/lib/gcc/avr/5.4.0/../../../avr/lib/avr5/crtatmega32.o
 *(.init9)
 *(.text)
 .text          0x00000000000000a2        0x4 /usr/lib/gcc/avr/5.4.0/../../../avr/lib/avr5/crtatmega32.o
                0x00000000000000a2                __vector_12
                0x00000000000000a2                __bad_interrupt
                0x00000000000000a2                __vector_6
                0x00000000000000a2                __vector_11
                0x00000000000000a2                __vector_13
                0x00000000000000a2                __vector_17
                0x00000000000000a2                __vector_19
                0x00000000000000a2                __vector_5
                0x00000000000000a2                __vector_4
                0x00000000000000a2                __vector_9
                0x00000000000000a2                __vector_15
                0x00000000000000a2                __vector_8
                0x00000000000000a2                __vector_14
                0x00000000000000a2                __vector_10
                0x00000000000000a2                __vector_16
                0x00000000000000a2                __vector_18
                0x00000000000000a2                __vector_20
 .text          0x00000000000000a6        0x0 ./Clock.o
 .text          0x00000000000000a6        0x0 ./DIO_Program.o
 .text          0x00000000000000a6        0x0 ./EXTI_program.o
 .text          0x00000000000000a6        0x0 ./KBD_program.o
 .text          0x00000000000000a6        0x0 ./LCD_program.o
 .text          0x00000000000000a6        0x0 ./croutine.o
 .text          0x00000000000000a6        0x0 ./event_groups.o
 .text          0x00000000000000a6        0x0 ./heap_1.o
 .text          0x00000000000000a6        0x0 ./list.o
 .text          0x00000000000000a6        0x0 ./main.o
 .text          0x00000000000000a6        0x0 ./port.o
 .text          0x00000000000000a6        0x0 ./queue.o
 .text          0x00000000000000a6        0x0 ./tasks.o
 .text          0x00000000000000a6        0x0 ./timers.o
 .text          0x00000000000000a6        0x0 /usr/lib/gcc/avr/5.4.0/avr5/libgcc.a(_udivmodqi4.o)
 .text          0x00000000000000a6        0x0 /usr/lib/gcc/avr/5.4.0/avr5/libgcc.a(_udivmodhi4.o)
 .text          0x00000000000000a6        0x0 /usr/lib/gcc/avr/5.4.0/avr5/libgcc.a(_divmodhi4.o)
 .text          0x00000000000000a6        0x0 /usr/lib/gcc/avr/5.4.0/avr5/libgcc.a(_exit.o)
 .text          0x00000000000000a6        0x0 /usr/lib/gcc/avr/5.4.0/avr5/libgcc.a(_tablejump2.o)
 .text          0x00000000000000a6        0x0 /usr/lib/gcc/avr/5.4.0/avr5/libgcc.a(_copy_data.o)
 .text          0x00000000000000a6        0x0 /usr/lib/gcc/avr/5.4.0/avr5/libgcc.a(_clear_bss.o)
 .text          0x00000000000000a6        0x0 /usr/lib/gcc/avr/5.4.0/../../../avr/lib/avr5/libc.a(memcpy.o)
                0x00000000000000a6                . = ALIGN (0x2)
 *(.text.*)
 .text.Debounce
                0x00000000000000a6        0x2 ./Clock.o
                0x00000000000000a6                Debounce
 .text.Clock_Hours
                0x00000000000000a8       0xc2 ./Clock.o
                0x00000000000000a8                Clock_Hours
 .text.Clock_Minute
                0x000000000000016a       0xd8 ./Clock.o
                0x000000000000016a                Clock_Minute
 .text.Clock_Print_Default_Interface
                0x0000000000000242       0x7a ./Clock.o
                0x0000000000000242                Clock_Print_Default_Interface
 .text.Clock_Second
                0x00000000000002bc       0xa6 ./Clock.o
                0x00000000000002bc                Clock_Second
 .text.Clock_Typing_Right_Arrow
                0x0000000000000362       0x4c ./Clock.o
                0x0000000000000362                Clock_Typing_Right_Arrow
 .text.Clock_Typing_Left_Arrow
                0x00000000000003ae       0x52 ./Clock.o
                0x00000000000003ae                Clock_Typing_Left_Arrow
 .text.Clock_Typing_Up_Arrow
                0x0000000000000400       0x56 ./Clock.o
                0x0000000000000400                Clock_Typing_Up_Arrow
 .text.Clock_Typing_Number
                0x0000000000000456      0x120 ./Clock.o
                0x0000000000000456                Clock_Typing_Number
 .text.Clock_Typing_Mode
                0x0000000000000576       0xce ./Clock.o
                0x0000000000000576                Clock_Typing_Mode
 .text.Clock_Typing_Exit
                0x0000000000000644       0xc4 ./Clock.o
                0x0000000000000644                Clock_Typing_Exit
 .text.Clock_Typing_Enter
                0x0000000000000708       0x32 ./Clock.o
                0x0000000000000708                Clock_Typing_Enter
 .text.SignlePress
                0x000000000000073a       0x56 ./Clock.o
                0x000000000000073a                SignlePress
 .text.Clock_Alarm_Enter
                0x0000000000000790       0x78 ./Clock.o
                0x0000000000000790                Clock_Alarm_Enter
 .text.Clock_Alarm_Exit
                0x0000000000000808       0x38 ./Clock.o
                0x0000000000000808                Clock_Alarm_Exit
 .text.KPD_Button_INT_ISR
                0x0000000000000840       0xd2 ./Clock.o
                0x0000000000000840                KPD_Button_INT_ISR
 .text.Clock_Print_Alarm_Interface
                0x0000000000000912       0x70 ./Clock.o
                0x0000000000000912                Clock_Print_Alarm_Interface
 .text.Clock_Alarm
                0x0000000000000982       0x76 ./Clock.o
                0x0000000000000982                Clock_Alarm
 .text.KPD_Button_INT
                0x00000000000009f8       0x12 ./Clock.o
                0x00000000000009f8                KPD_Button_INT
 .text.Clock_Semaphore_Init
                0x0000000000000a0a       0xa0 ./Clock.o
                0x0000000000000a0a                Clock_Semaphore_Init
 .text.DIO_voidInitialize
                0x0000000000000aaa        0xa ./DIO_Program.o
                0x0000000000000aaa                DIO_voidInitialize
 .text.DIO_u8SetPinDirection
                0x0000000000000ab4       0xe2 ./DIO_Program.o
                0x0000000000000ab4                DIO_u8SetPinDirection
 .text.DIO_u8SetPinValue
                0x0000000000000b96       0xe2 ./DIO_Program.o
                0x0000000000000b96                DIO_u8SetPinValue
 .text.DIO_u8SetPortDirection
                0x0000000000000c78       0x26 ./DIO_Program.o
                0x0000000000000c78                DIO_u8SetPortDirection
 .text.DIO_u8SetPortValue
                0x0000000000000c9e       0x26 ./DIO_Program.o
                0x0000000000000c9e                DIO_u8SetPortValue
 .text.DIO_u8GetPinValue
                0x0000000000000cc4       0x42 ./DIO_Program.o
                0x0000000000000cc4                DIO_u8GetPinValue
 .text.DIO_u8GetPortValue
                0x0000000000000d06       0x2a ./DIO_Program.o
                0x0000000000000d06                DIO_u8GetPortValue
 .text.__vector_1
                0x0000000000000d30       0x52 ./EXTI_program.o
                0x0000000000000d30                __vector_1
 .text.__vector_2
                0x0000000000000d82       0x52 ./EXTI_program.o
                0x0000000000000d82                __vector_2
 .text.__vector_3
                0x0000000000000dd4       0x52 ./EXTI_program.o
                0x0000000000000dd4                __vector_3
 .text.voidSetCallBack
                0x0000000000000e26       0x12 ./EXTI_program.o
                0x0000000000000e26                voidSetCallBack
 .text.Interrupt_Initialize
                0x0000000000000e38        0x8 ./EXTI_program.o
                0x0000000000000e38                Interrupt_Initialize
 .text.Interrupt_Enable
                0x0000000000000e40       0x20 ./EXTI_program.o
                0x0000000000000e40                Interrupt_Enable
 .text.Interrupt_Disable
                0x0000000000000e60       0x20 ./EXTI_program.o
                0x0000000000000e60                Interrupt_Disable
 .text.Interrupt_Set_Level
                0x0000000000000e80       0x76 ./EXTI_program.o
                0x0000000000000e80                Interrupt_Set_Level
 .text.KBD_u8GetKeyPadState
                0x0000000000000ef6       0xbc ./KBD_program.o
                0x0000000000000ef6                KBD_u8GetKeyPadState
 .text.KBD_u8Initialize
                0x0000000000000fb2      0x172 ./KBD_program.o
                0x0000000000000fb2                KBD_u8Initialize
 .text.KBD_keys_map
                0x0000000000001124       0x20 ./KBD_program.o
                0x0000000000001124                KBD_keys_map
 .text.LCD_Void_Write
                0x0000000000001144       0x8a ./LCD_program.o
 .text.LCD_Void_Write_Cmd
                0x00000000000011ce       0x14 ./LCD_program.o
                0x00000000000011ce                LCD_Void_Write_Cmd
 .text.LCD_Void_Write_Data
                0x00000000000011e2       0x14 ./LCD_program.o
                0x00000000000011e2                LCD_Void_Write_Data
 .text.LCD_Void_Write_String
                0x00000000000011f6       0x3e ./LCD_program.o
                0x00000000000011f6                LCD_Void_Write_String
 .text.LCD_Void_Clear
                0x0000000000001234        0x6 ./LCD_program.o
                0x0000000000001234                LCD_Void_Clear
 .text.LCD_Void_Write_Blinking_String
                0x000000000000123a       0x38 ./LCD_program.o
                0x000000000000123a                LCD_Void_Write_Blinking_String
 .text.LCD_Set_Block
                0x0000000000001272        0xe ./LCD_program.o
                0x0000000000001272                LCD_Set_Block
 .text.LCD_Void_Write_Moving_String
                0x0000000000001280       0x4e ./LCD_program.o
                0x0000000000001280                LCD_Void_Write_Moving_String
 .text.LCD_Void_Write_CGRAM
                0x00000000000012ce       0x38 ./LCD_program.o
                0x00000000000012ce                LCD_Void_Write_CGRAM
 .text.LCD_initialize
                0x0000000000001306       0xbe ./LCD_program.o
                0x0000000000001306                LCD_initialize
 .text.LCD_Void_Write_Number
                0x00000000000013c4       0x72 ./LCD_program.o
                0x00000000000013c4                LCD_Void_Write_Number
 .text.LCD_Void_Write_Number_2
                0x0000000000001436       0x1a ./LCD_program.o
                0x0000000000001436                LCD_Void_Write_Number_2
 .text.LCD_Void_Write_Number_1
                0x0000000000001450        0x6 ./LCD_program.o
                0x0000000000001450                LCD_Void_Write_Number_1
 .text.xEventGroupCreate
                0x0000000000001456       0x26 ./event_groups.o
                0x0000000000001456                xEventGroupCreate
 .text.xEventGroupWaitBits
                0x000000000000147c       0xf0 ./event_groups.o
                0x000000000000147c                xEventGroupWaitBits
 .text.xEventGroupClearBits
                0x000000000000156c       0x1e ./event_groups.o
                0x000000000000156c                xEventGroupClearBits
 .text.xEventGroupGetBitsFromISR
                0x000000000000158a        0x8 ./event_groups.o
                0x000000000000158a                xEventGroupGetBitsFromISR
 .text.xEventGroupSetBits
                0x0000000000001592       0xaa ./event_groups.o
                0x0000000000001592                xEventGroupSetBits
 .text.xEventGroupSync
                0x000000000000163c       0xd6 ./event_groups.o
                0x000000000000163c                xEventGroupSync
 .text.vEventGroupDelete
                0x0000000000001712       0x2c ./event_groups.o
                0x0000000000001712                vEventGroupDelete
 .text.vEventGroupSetBitsCallback
                0x000000000000173e        0x6 ./event_groups.o
                0x000000000000173e                vEventGroupSetBitsCallback
 .text.vEventGroupClearBitsCallback
                0x0000000000001744        0x6 ./event_groups.o
                0x0000000000001744                vEventGroupClearBitsCallback
 .text.pvPortMalloc
                0x000000000000174a       0x64 ./heap_1.o
                0x000000000000174a                pvPortMalloc
 .text.vPortFree
                0x00000000000017ae        0x2 ./heap_1.o
                0x00000000000017ae                vPortFree
 .text.vPortInitialiseBlocks
                0x00000000000017b0        0xa ./heap_1.o
                0x00000000000017b0                vPortInitialiseBlocks
 .text.xPortGetFreeHeapSize
                0x00000000000017ba       0x12 ./heap_1.o
                0x00000000000017ba                xPortGetFreeHeapSize
 .text.vListInitialise
                0x00000000000017cc       0x1c ./list.o
                0x00000000000017cc                vListInitialise
 .text.vListInitialiseItem
                0x00000000000017e8        0x8 ./list.o
                0x00000000000017e8                vListInitialiseItem
 .text.vListInsertEnd
                0x00000000000017f0       0x42 ./list.o
                0x00000000000017f0                vListInsertEnd
 .text.vListInsert
                0x0000000000001832       0x70 ./list.o
                0x0000000000001832                vListInsert
 .text.uxListRemove
                0x00000000000018a2       0x48 ./list.o
                0x00000000000018a2                uxListRemove
 .text.startup.main
                0x00000000000018ea       0x7a ./main.o
                0x00000000000018ea                main
 .text.pxPortInitialiseStack
                0x0000000000001964       0xd8 ./port.o
                0x0000000000001964                pxPortInitialiseStack
 .text.xPortStartScheduler
                0x0000000000001a3c       0x6c ./port.o
                0x0000000000001a3c                xPortStartScheduler
 .text.vPortEndScheduler
                0x0000000000001aa8        0x2 ./port.o
                0x0000000000001aa8                vPortEndScheduler
 .text.vPortYield
                0x0000000000001aaa       0xb2 ./port.o
                0x0000000000001aaa                vPortYield
 .text.vPortYieldFromTick
                0x0000000000001b5c       0xb8 ./port.o
                0x0000000000001b5c                vPortYieldFromTick
 .text.__vector_7
                0x0000000000001c14        0x6 ./port.o
                0x0000000000001c14                __vector_7
 .text.prvIsQueueEmpty
                0x0000000000001c1a       0x16 ./queue.o
 .text.prvCopyDataToQueue
                0x0000000000001c30       0xa6 ./queue.o
 .text.prvCopyDataFromQueue
                0x0000000000001cd6       0x34 ./queue.o
 .text.prvUnlockQueue
                0x0000000000001d0a       0x7c ./queue.o
 .text.xQueueGenericReset
                0x0000000000001d86       0x7e ./queue.o
                0x0000000000001d86                xQueueGenericReset
 .text.xQueueGenericCreate
                0x0000000000001e04       0x50 ./queue.o
                0x0000000000001e04                xQueueGenericCreate
 .text.xQueueGenericSend
                0x0000000000001e54      0x12c ./queue.o
                0x0000000000001e54                xQueueGenericSend
 .text.xQueueCreateMutex
                0x0000000000001f80       0x34 ./queue.o
                0x0000000000001f80                xQueueCreateMutex
 .text.xQueueGenericSendFromISR
                0x0000000000001fb4       0x5e ./queue.o
                0x0000000000001fb4                xQueueGenericSendFromISR
 .text.xQueueGiveFromISR
                0x0000000000002012       0x46 ./queue.o
                0x0000000000002012                xQueueGiveFromISR
 .text.xQueueReceive
                0x0000000000002058      0x124 ./queue.o
                0x0000000000002058                xQueueReceive
 .text.xQueueSemaphoreTake
                0x000000000000217c      0x184 ./queue.o
                0x000000000000217c                xQueueSemaphoreTake
 .text.xQueuePeek
                0x0000000000002300      0x124 ./queue.o
                0x0000000000002300                xQueuePeek
 .text.xQueueReceiveFromISR
                0x0000000000002424       0x5e ./queue.o
                0x0000000000002424                xQueueReceiveFromISR
 .text.xQueuePeekFromISR
                0x0000000000002482       0x2e ./queue.o
                0x0000000000002482                xQueuePeekFromISR
 .text.uxQueueMessagesWaiting
                0x00000000000024b0       0x10 ./queue.o
                0x00000000000024b0                uxQueueMessagesWaiting
 .text.uxQueueSpacesAvailable
                0x00000000000024c0       0x14 ./queue.o
                0x00000000000024c0                uxQueueSpacesAvailable
 .text.uxQueueMessagesWaitingFromISR
                0x00000000000024d4        0x6 ./queue.o
                0x00000000000024d4                uxQueueMessagesWaitingFromISR
 .text.vQueueDelete
                0x00000000000024da        0x4 ./queue.o
                0x00000000000024da                vQueueDelete
 .text.xQueueIsQueueEmptyFromISR
                0x00000000000024de        0xc ./queue.o
                0x00000000000024de                xQueueIsQueueEmptyFromISR
 .text.xQueueIsQueueFullFromISR
                0x00000000000024ea        0xe ./queue.o
                0x00000000000024ea                xQueueIsQueueFullFromISR
 .text.vQueueWaitForMessageRestricted
                0x00000000000024f8       0x38 ./queue.o
                0x00000000000024f8                vQueueWaitForMessageRestricted
 .text.prvResetNextTaskUnblockTime
                0x0000000000002530       0x36 ./tasks.o
 .text.prvAddCurrentTaskToDelayedList
                0x0000000000002566       0xb8 ./tasks.o
 .text.prvIdleTask
                0x000000000000261e       0x58 ./tasks.o
 .text.xTaskCreate
                0x0000000000002676      0x204 ./tasks.o
                0x0000000000002676                xTaskCreate
 .text.vTaskDelete
                0x000000000000287a       0xaa ./tasks.o
                0x000000000000287a                vTaskDelete
 .text.vTaskResume
                0x0000000000002924       0x8e ./tasks.o
                0x0000000000002924                vTaskResume
 .text.xTaskResumeFromISR
                0x00000000000029b2       0x90 ./tasks.o
                0x00000000000029b2                xTaskResumeFromISR
 .text.vTaskStartScheduler
                0x0000000000002a42       0x5c ./tasks.o
                0x0000000000002a42                vTaskStartScheduler
 .text.vTaskEndScheduler
                0x0000000000002a9e        0xa ./tasks.o
                0x0000000000002a9e                vTaskEndScheduler
 .text.vTaskSuspendAll
                0x0000000000002aa8        0xc ./tasks.o
                0x0000000000002aa8                vTaskSuspendAll
 .text.xTaskGetTickCount
                0x0000000000002ab4       0x14 ./tasks.o
                0x0000000000002ab4                xTaskGetTickCount
 .text.xTaskGetTickCountFromISR
                0x0000000000002ac8        0xa ./tasks.o
                0x0000000000002ac8                xTaskGetTickCountFromISR
 .text.uxTaskGetNumberOfTasks
                0x0000000000002ad2        0x6 ./tasks.o
                0x0000000000002ad2                uxTaskGetNumberOfTasks
 .text.pcTaskGetName
                0x0000000000002ad8       0x10 ./tasks.o
                0x0000000000002ad8                pcTaskGetName
 .text.xTaskIncrementTick
                0x0000000000002ae8      0x158 ./tasks.o
                0x0000000000002ae8                xTaskIncrementTick
 .text.xTaskResumeAll
                0x0000000000002c40       0xde ./tasks.o
                0x0000000000002c40                xTaskResumeAll
 .text.vTaskDelayUntil
                0x0000000000002d1e       0x70 ./tasks.o
                0x0000000000002d1e                vTaskDelayUntil
 .text.vTaskDelay
                0x0000000000002d8e       0x2a ./tasks.o
                0x0000000000002d8e                vTaskDelay
 .text.vTaskSwitchContext
                0x0000000000002db8       0x86 ./tasks.o
                0x0000000000002db8                vTaskSwitchContext
 .text.vTaskSuspend
                0x0000000000002e3e       0xac ./tasks.o
                0x0000000000002e3e                vTaskSuspend
 .text.vTaskPlaceOnEventList
                0x0000000000002eea       0x22 ./tasks.o
                0x0000000000002eea                vTaskPlaceOnEventList
 .text.vTaskPlaceOnUnorderedEventList
                0x0000000000002f0c       0x30 ./tasks.o
                0x0000000000002f0c                vTaskPlaceOnUnorderedEventList
 .text.vTaskPlaceOnEventListRestricted
                0x0000000000002f3c       0x30 ./tasks.o
                0x0000000000002f3c                vTaskPlaceOnEventListRestricted
 .text.xTaskRemoveFromEventList
                0x0000000000002f6c       0x80 ./tasks.o
                0x0000000000002f6c                xTaskRemoveFromEventList
 .text.vTaskRemoveFromUnorderedEventList
                0x0000000000002fec       0x64 ./tasks.o
                0x0000000000002fec                vTaskRemoveFromUnorderedEventList
 .text.vTaskSetTimeOutState
                0x0000000000003050       0x20 ./tasks.o
                0x0000000000003050                vTaskSetTimeOutState
 .text.vTaskInternalSetTimeOutState
                0x0000000000003070       0x16 ./tasks.o
                0x0000000000003070                vTaskInternalSetTimeOutState
 .text.xTaskCheckForTimeOut
                0x0000000000003086       0x66 ./tasks.o
                0x0000000000003086                xTaskCheckForTimeOut
 .text.vTaskMissedYield
                0x00000000000030ec        0x8 ./tasks.o
                0x00000000000030ec                vTaskMissedYield
 .text.xTaskGetCurrentTaskHandle
                0x00000000000030f4        0xa ./tasks.o
                0x00000000000030f4                xTaskGetCurrentTaskHandle
 .text.xTaskGetSchedulerState
                0x00000000000030fe       0x1c ./tasks.o
                0x00000000000030fe                xTaskGetSchedulerState
 .text.xTaskPriorityInherit
                0x000000000000311a       0xc6 ./tasks.o
                0x000000000000311a                xTaskPriorityInherit
 .text.xTaskPriorityDisinherit
                0x00000000000031e0       0x74 ./tasks.o
                0x00000000000031e0                xTaskPriorityDisinherit
 .text.vTaskPriorityDisinheritAfterTimeout
                0x0000000000003254       0x8e ./tasks.o
                0x0000000000003254                vTaskPriorityDisinheritAfterTimeout
 .text.uxTaskResetEventItemValue
                0x00000000000032e2       0x2e ./tasks.o
                0x00000000000032e2                uxTaskResetEventItemValue
 .text.pvTaskIncrementMutexHeldCount
                0x0000000000003310       0x24 ./tasks.o
                0x0000000000003310                pvTaskIncrementMutexHeldCount
 .text.ulTaskNotifyTake
                0x0000000000003334       0xa2 ./tasks.o
                0x0000000000003334                ulTaskNotifyTake
 .text.xTaskNotifyWait
                0x00000000000033d6      0x110 ./tasks.o
                0x00000000000033d6                xTaskNotifyWait
 .text.xTaskGenericNotify
                0x00000000000034e6       0xd2 ./tasks.o
                0x00000000000034e6                xTaskGenericNotify
 .text.xTaskGenericNotifyFromISR
                0x00000000000035b8       0xf4 ./tasks.o
                0x00000000000035b8                xTaskGenericNotifyFromISR
 .text.vTaskNotifyGiveFromISR
                0x00000000000036ac       0xa4 ./tasks.o
                0x00000000000036ac                vTaskNotifyGiveFromISR
 .text.xTaskNotifyStateClear
                0x0000000000003750       0x28 ./tasks.o
                0x0000000000003750                xTaskNotifyStateClear
 .text.prvCheckForValidListAndQueue
                0x0000000000003778       0x52 ./timers.o
 .text.prvInsertTimerInActiveList
                0x00000000000037ca       0x54 ./timers.o
 .text.xTimerCreateTimerTask
                0x000000000000381e       0x40 ./timers.o
                0x000000000000381e                xTimerCreateTimerTask
 .text.xTimerCreate
                0x000000000000385e       0x6e ./timers.o
                0x000000000000385e                xTimerCreate
 .text.xTimerGenericCommand
                0x00000000000038cc       0x7e ./timers.o
                0x00000000000038cc                xTimerGenericCommand
 .text.prvSwitchTimerLists
                0x000000000000394a       0xa2 ./timers.o
 .text.prvTimerTask
                0x00000000000039ec      0x206 ./timers.o
 .text.xTimerGetTimerDaemonTaskHandle
                0x0000000000003bf2        0xa ./timers.o
                0x0000000000003bf2                xTimerGetTimerDaemonTaskHandle
 .text.xTimerGetPeriod
                0x0000000000003bfc        0x8 ./timers.o
                0x0000000000003bfc                xTimerGetPeriod
 .text.vTimerSetReloadMode
                0x0000000000003c04       0x1c ./timers.o
                0x0000000000003c04                vTimerSetReloadMode
 .text.xTimerGetExpiryTime
                0x0000000000003c20        0x8 ./timers.o
                0x0000000000003c20                xTimerGetExpiryTime
 .text.pcTimerGetName
                0x0000000000003c28        0x8 ./timers.o
                0x0000000000003c28                pcTimerGetName
 .text.xTimerIsTimerActive
                0x0000000000003c30       0x12 ./timers.o
                0x0000000000003c30                xTimerIsTimerActive
 .text.pvTimerGetTimerID
                0x0000000000003c42       0x12 ./timers.o
                0x0000000000003c42                pvTimerGetTimerID
 .text.vTimerSetTimerID
                0x0000000000003c54       0x12 ./timers.o
                0x0000000000003c54                vTimerSetTimerID
 .text.libgcc.mul
                0x0000000000003c66        0x0 /usr/lib/gcc/avr/5.4.0/avr5/libgcc.a(_udivmodqi4.o)
 .text.libgcc.div
                0x0000000000003c66       0x18 /usr/lib/gcc/avr/5.4.0/avr5/libgcc.a(_udivmodqi4.o)
                0x0000000000003c66                __udivmodqi4
 .text.libgcc   0x0000000000003c7e        0x0 /usr/lib/gcc/avr/5.4.0/avr5/libgcc.a(_udivmodqi4.o)
 .text.libgcc.prologue
                0x0000000000003c7e        0x0 /usr/lib/gcc/avr/5.4.0/avr5/libgcc.a(_udivmodqi4.o)
 .text.libgcc.builtins
                0x0000000000003c7e        0x0 /usr/lib/gcc/avr/5.4.0/avr5/libgcc.a(_udivmodqi4.o)
 .text.libgcc.fmul
                0x0000000000003c7e        0x0 /usr/lib/gcc/avr/5.4.0/avr5/libgcc.a(_udivmodqi4.o)
 .text.libgcc.fixed
                0x0000000000003c7e        0x0 /usr/lib/gcc/avr/5.4.0/avr5/libgcc.a(_udivmodqi4.o)
 .text.libgcc.mul
                0x0000000000003c7e        0x0 /usr/lib/gcc/avr/5.4.0/avr5/libgcc.a(_udivmodhi4.o)
 .text.libgcc.div
                0x0000000000003c7e       0x28 /usr/lib/gcc/avr/5.4.0/avr5/libgcc.a(_udivmodhi4.o)
                0x0000000000003c7e                __udivmodhi4
 .text.libgcc   0x0000000000003ca6        0x0 /usr/lib/gcc/avr/5.4.0/avr5/libgcc.a(_udivmodhi4.o)
 .text.libgcc.prologue
                0x0000000000003ca6        0x0 /usr/lib/gcc/avr/5.4.0/avr5/libgcc.a(_udivmodhi4.o)
 .text.libgcc.builtins
                0x0000000000003ca6        0x0 /usr/lib/gcc/avr/5.4.0/avr5/libgcc.a(_udivmodhi4.o)
 .text.libgcc.fmul
                0x0000000000003ca6        0x0 /usr/lib/gcc/avr/5.4.0/avr5/libgcc.a(_udivmodhi4.o)
 .text.libgcc.fixed
                0x0000000000003ca6        0x0 /usr/lib/gcc/avr/5.4.0/avr5/libgcc.a(_udivmodhi4.o)
 .text.libgcc.mul
                0x0000000000003ca6        0x0 /usr/lib/gcc/avr/5.4.0/avr5/libgcc.a(_divmodhi4.o)
 .text.libgcc.div
                0x0000000000003ca6       0x28 /usr/lib/gcc/avr/5.4.0/avr5/libgcc.a(_divmodhi4.o)
                0x0000000000003ca6                __divmodhi4
                0x0000000000003ca6                _div
 .text.libgcc   0x0000000000003cce        0x0 /usr/lib/gcc/avr/5.4.0/avr5/libgcc.a(_divmodhi4.o)
 .text.libgcc.prologue
                0x0000000000003cce        0x0 /usr/lib/gcc/avr/5.4.0/avr5/libgcc.a(_divmodhi4.o)
 .text.libgcc.builtins
                0x0000000000003cce        0x0 /usr/lib/gcc/avr/5.4.0/avr5/libgcc.a(_divmodhi4.o)
 .text.libgcc.fmul
                0x0000000000003cce        0x0 /usr/lib/gcc/avr/5.4.0/avr5/libgcc.a(_divmodhi4.o)
 .text.libgcc.fixed
                0x0000000000003cce        0x0 /usr/lib/gcc/avr/5.4.0/avr5/libgcc.a(_divmodhi4.o)
 .text.libgcc.mul
                0x0000000000003cce        0x0 /usr/lib/gcc/avr/5.4.0/avr5/libgcc.a(_exit.o)
 .text.libgcc.div
                0x0000000000003cce        0x0 /usr/lib/gcc/avr/5.4.0/avr5/libgcc.a(_exit.o)
 .text.libgcc   0x0000000000003cce        0x0 /usr/lib/gcc/avr/5.4.0/avr5/libgcc.a(_exit.o)
 .text.libgcc.prologue
                0x0000000000003cce        0x0 /usr/lib/gcc/avr/5.4.0/avr5/libgcc.a(_exit.o)
 .text.libgcc.builtins
                0x0000000000003cce        0x0 /usr/lib/gcc/avr/5.4.0/avr5/libgcc.a(_exit.o)
 .text.libgcc.fmul
                0x0000000000003cce        0x0 /usr/lib/gcc/avr/5.4.0/avr5/libgcc.a(_exit.o)
 .text.libgcc.fixed
                0x0000000000003cce        0x0 /usr/lib/gcc/avr/5.4.0/avr5/libgcc.a(_exit.o)
 .text.libgcc.mul
                0x0000000000003cce        0x0 /usr/lib/gcc/avr/5.4.0/avr5/libgcc.a(_tablejump2.o)
 .text.libgcc.div
                0x0000000000003cce        0x0 /usr/lib/gcc/avr/5.4.0/avr5/libgcc.a(_tablejump2.o)
 .text.libgcc   0x0000000000003cce        0xc /usr/lib/gcc/avr/5.4.0/avr5/libgcc.a(_tablejump2.o)
                0x0000000000003cce                __tablejump2__
 .text.libgcc.prologue
                0x0000000000003cda        0x0 /usr/lib/gcc/avr/5.4.0/avr5/libgcc.a(_tablejump2.o)
 .text.libgcc.builtins
                0x0000000000003cda        0x0 /usr/lib/gcc/avr/5.4.0/avr5/libgcc.a(_tablejump2.o)
 .text.libgcc.fmul
                0x0000000000003cda        0x0 /usr/lib/gcc/avr/5.4.0/avr5/libgcc.a(_tablejump2.o)
 .text.libgcc.fixed
                0x0000000000003cda        0x0 /usr/lib/gcc/avr/5.4.0/avr5/libgcc.a(_tablejump2.o)
 .text.libgcc.mul
                0x0000000000003cda        0x0 /usr/lib/gcc/avr/5.4.0/avr5/libgcc.a(_copy_data.o)
 .text.libgcc.div
                0x0000000000003cda        0x0 /usr/lib/gcc/avr/5.4.0/avr5/libgcc.a(_copy_data.o)
 .text.libgcc   0x0000000000003cda        0x0 /usr/lib/gcc/avr/5.4.0/avr5/libgcc.a(_copy_data.o)
 .text.libgcc.prologue
                0x0000000000003cda        0x0 /usr/lib/gcc/avr/5.4.0/avr5/libgcc.a(_copy_data.o)
 .text.libgcc.builtins
                0x0000000000003cda        0x0 /usr/lib/gcc/avr/5.4.0/avr5/libgcc.a(_copy_data.o)
 .text.libgcc.fmul
                0x0000000000003cda        0x0 /usr/lib/gcc/avr/5.4.0/avr5/libgcc.a(_copy_data.o)
 .text.libgcc.fixed
                0x0000000000003cda        0x0 /usr/lib/gcc/avr/5.4.0/avr5/libgcc.a(_copy_data.o)
 .text.libgcc.mul
                0x0000000000003cda        0x0 /usr/lib/gcc/avr/5.4.0/avr5/libgcc.a(_clear_bss.o)
 .text.libgcc.div
                0x0000000000003cda        0x0 /usr/lib/gcc/avr/5.4.0/avr5/libgcc.a(_clear_bss.o)
 .text.libgcc   0x0000000000003cda        0x0 /usr/lib/gcc/avr/5.4.0/avr5/libgcc.a(_clear_bss.o)
 .text.libgcc.prologue
                0x0000000000003cda        0x0 /usr/lib/gcc/avr/5.4.0/avr5/libgcc.a(_clear_bss.o)
 .text.libgcc.builtins
                0x0000000000003cda        0x0 /usr/lib/gcc/avr/5.4.0/avr5/libgcc.a(_clear_bss.o)
 .text.libgcc.fmul
                0x0000000000003cda        0x0 /usr/lib/gcc/avr/5.4.0/avr5/libgcc.a(_clear_bss.o)
 .text.libgcc.fixed
                0x0000000000003cda        0x0 /usr/lib/gcc/avr/5.4.0/avr5/libgcc.a(_clear_bss.o)
 .text.avr-libc
                0x0000000000003cda       0x12 /usr/lib/gcc/avr/5.4.0/../../../avr/lib/avr5/libc.a(memcpy.o)
                0x0000000000003cda                memcpy
                0x0000000000003cec                . = ALIGN (0x2)
 *(.fini9)
 .fini9         0x0000000000003cec        0x0 /usr/lib/gcc/avr/5.4.0/avr5/libgcc.a(_exit.o)
                0x0000000000003cec                exit
                0x0000000000003cec                _exit
 *(.fini9)
 *(.fini8)
 *(.fini8)
 *(.fini7)
 *(.fini7)
 *(.fini6)
 *(.fini6)
 *(.fini5)
 *(.fini5)
 *(.fini4)
 *(.fini4)
 *(.fini3)
 *(.fini3)
 *(.fini2)
 *(.fini2)
 *(.fini1)
 *(.fini1)
 *(.fini0)
 .fini0         0x0000000000003cec        0x4 /usr/lib/gcc/avr/5.4.0/avr5/libgcc.a(_exit.o)
 *(.fini0)
                0x0000000000003cf0                _etext = .

.data           0x0000000000800060       0x84 load address 0x0000000000003cf0
                0x0000000000800060                PROVIDE (__data_start, .)
 *(.data)
 .data          0x0000000000800060        0x0 /usr/lib/gcc/avr/5.4.0/../../../avr/lib/avr5/crtatmega32.o
 .data          0x0000000000800060        0x0 ./Clock.o
 .data          0x0000000000800060        0x0 ./DIO_Program.o
 .data          0x0000000000800060        0x0 ./EXTI_program.o
 .data          0x0000000000800060        0x0 ./KBD_program.o
 .data          0x0000000000800060        0x0 ./LCD_program.o
 .data          0x0000000000800060        0x0 ./croutine.o
 .data          0x0000000000800060        0x0 ./event_groups.o
 .data          0x0000000000800060        0x0 ./heap_1.o
 .data          0x0000000000800060        0x0 ./list.o
 .data          0x0000000000800060        0x0 ./main.o
 .data          0x0000000000800060        0x0 ./port.o
 .data          0x0000000000800060        0x0 ./queue.o
 .data          0x0000000000800060        0x0 ./tasks.o
 .data          0x0000000000800060        0x0 ./timers.o
 .data          0x0000000000800060        0x0 /usr/lib/gcc/avr/5.4.0/avr5/libgcc.a(_udivmodqi4.o)
 .data          0x0000000000800060        0x0 /usr/lib/gcc/avr/5.4.0/avr5/libgcc.a(_udivmodhi4.o)
 .data          0x0000000000800060        0x0 /usr/lib/gcc/avr/5.4.0/avr5/libgcc.a(_divmodhi4.o)
 .data          0x0000000000800060        0x0 /usr/lib/gcc/avr/5.4.0/avr5/libgcc.a(_exit.o)
 .data          0x0000000000800060        0x0 /usr/lib/gcc/avr/5.4.0/avr5/libgcc.a(_tablejump2.o)
 .data          0x0000000000800060        0x0 /usr/lib/gcc/avr/5.4.0/avr5/libgcc.a(_copy_data.o)
 .data          0x0000000000800060        0x0 /usr/lib/gcc/avr/5.4.0/avr5/libgcc.a(_clear_bss.o)
 .data          0x0000000000800060        0x0 /usr/lib/gcc/avr/5.4.0/../../../avr/lib/avr5/libc.a(memcpy.o)
 *(.data*)
 .data.current_block
                0x0000000000800060        0x1 ./Clock.o
                0x0000000000800060                current_block
 .data.key_map  0x0000000000800061       0x10 ./KBD_program.o
                0x0000000000800061                key_map
 *(.rodata)
 *(.rodata*)
 .rodata.str1.1
                0x0000000000800071       0x46 ./Clock.o
                                         0x4c (size before relaxing)
 .rodata.Pattern_Arrow
                0x00000000008000b7        0x8 ./LCD_program.o
                0x00000000008000b7                Pattern_Arrow
 .rodata.Pattern_AM
                0x00000000008000bf        0x8 ./LCD_program.o
                0x00000000008000bf                Pattern_AM
 .rodata.Pattern_Alarm
                0x00000000008000c7        0x8 ./LCD_program.o
                0x00000000008000c7                Pattern_Alarm
 .rodata.str1.1
                0x00000000008000cf        0x8 ./main.o
 .rodata.str1.1
                0x00000000008000d7        0x5 ./tasks.o
 .rodata.str1.1
                0x00000000008000dc        0x8 ./timers.o
 *(.gnu.linkonce.d*)
                0x00000000008000e4                . = ALIGN (0x2)
                0x00000000008000e4                _edata = .
                0x00000000008000e4                PROVIDE (__data_end, .)

.bss            0x00000000008000e4      0x694
                0x00000000008000e4                PROVIDE (__bss_start, .)
 *(.bss)
 .bss           0x00000000008000e4        0x0 /usr/lib/gcc/avr/5.4.0/../../../avr/lib/avr5/crtatmega32.o
 .bss           0x00000000008000e4        0x0 ./Clock.o
 .bss           0x00000000008000e4        0x0 ./DIO_Program.o
 .bss           0x00000000008000e4        0x0 ./EXTI_program.o
 .bss           0x00000000008000e4        0x0 ./KBD_program.o
 .bss           0x00000000008000e4        0x0 ./LCD_program.o
 .bss           0x00000000008000e4        0x0 ./croutine.o
 .bss           0x00000000008000e4        0x0 ./event_groups.o
 .bss           0x00000000008000e4        0x0 ./heap_1.o
 .bss           0x00000000008000e4        0x0 ./list.o
 .bss           0x00000000008000e4        0x0 ./main.o
 .bss           0x00000000008000e4        0x0 ./port.o
 .bss           0x00000000008000e4        0x0 ./queue.o
 .bss           0x00000000008000e4        0x0 ./tasks.o
 .bss           0x00000000008000e4        0x0 ./timers.o
 .bss           0x00000000008000e4        0x0 /usr/lib/gcc/avr/5.4.0/avr5/libgcc.a(_udivmodqi4.o)
 .bss           0x00000000008000e4        0x0 /usr/lib/gcc/avr/5.4.0/avr5/libgcc.a(_udivmodhi4.o)
 .bss           0x00000000008000e4        0x0 /usr/lib/gcc/avr/5.4.0/avr5/libgcc.a(_divmodhi4.o)
 .bss           0x00000000008000e4        0x0 /usr/lib/gcc/avr/5.4.0/avr5/libgcc.a(_exit.o)
 .bss           0x00000000008000e4        0x0 /usr/lib/gcc/avr/5.4.0/avr5/libgcc.a(_tablejump2.o)
 .bss           0x00000000008000e4        0x0 /usr/lib/gcc/avr/5.4.0/avr5/libgcc.a(_copy_data.o)
 .bss           0x00000000008000e4        0x0 /usr/lib/gcc/avr/5.4.0/avr5/libgcc.a(_clear_bss.o)
 .bss           0x00000000008000e4        0x0 /usr/lib/gcc/avr/5.4.0/../../../avr/lib/avr5/libc.a(memcpy.o)
 *(.bss*)
 .bss.KPD_handle_INT
                0x00000000008000e4        0x2 ./Clock.o
                0x00000000008000e4                KPD_handle_INT
 .bss.KPD_handle
                0x00000000008000e6        0x2 ./Clock.o
                0x00000000008000e6                KPD_handle
 .bss.Alarm_handle
                0x00000000008000e8        0x2 ./Clock.o
                0x00000000008000e8                Alarm_handle
 .bss.Hours_handle
                0x00000000008000ea        0x2 ./Clock.o
                0x00000000008000ea                Hours_handle
 .bss.Minutes_handle
                0x00000000008000ec        0x2 ./Clock.o
                0x00000000008000ec                Minutes_handle
 .bss.time_adjusted
                0x00000000008000ee        0x1 ./Clock.o
                0x00000000008000ee                time_adjusted
 .bss.flags     0x00000000008000ef        0x1 ./Clock.o
                0x00000000008000ef                flags
 .bss.Alarm_AM_PM
                0x00000000008000f0        0x1 ./Clock.o
                0x00000000008000f0                Alarm_AM_PM
 .bss.Alarm_Hours
                0x00000000008000f1        0x1 ./Clock.o
                0x00000000008000f1                Alarm_Hours
 .bss.Alarm_Minutes
                0x00000000008000f2        0x1 ./Clock.o
                0x00000000008000f2                Alarm_Minutes
 .bss.AM_PM     0x00000000008000f3        0x1 ./Clock.o
                0x00000000008000f3                AM_PM
 .bss.Hours     0x00000000008000f4        0x1 ./Clock.o
                0x00000000008000f4                Hours
 .bss.Minutes   0x00000000008000f5        0x1 ./Clock.o
                0x00000000008000f5                Minutes
 .bss.Seconds   0x00000000008000f6        0x1 ./Clock.o
                0x00000000008000f6                Seconds
 .bss.count_twice
                0x00000000008000f7        0x1 ./Clock.o
                0x00000000008000f7                count_twice
 .bss.count_once
                0x00000000008000f8        0x1 ./Clock.o
                0x00000000008000f8                count_once
 .bss.PvoidCallBack
                0x00000000008000f9        0x6 ./EXTI_program.o
 .bss.pucAlignedHeap.2085
                0x00000000008000ff        0x2 ./heap_1.o
 .bss.xNextFreeByte
                0x0000000000800101        0x2 ./heap_1.o
 .bss.ucHeap    0x0000000000800103      0x5dc ./heap_1.o
 .bss.uxSchedulerSuspended
                0x00000000008006df        0x1 ./tasks.o
 .bss.xIdleTaskHandle
                0x00000000008006e0        0x2 ./tasks.o
 .bss.xNextTaskUnblockTime
                0x00000000008006e2        0x2 ./tasks.o
 .bss.uxTaskNumber
                0x00000000008006e4        0x1 ./tasks.o
 .bss.xNumOfOverflows
                0x00000000008006e5        0x1 ./tasks.o
 .bss.xYieldPending
                0x00000000008006e6        0x1 ./tasks.o
 .bss.uxPendedTicks
                0x00000000008006e7        0x1 ./tasks.o
 .bss.xSchedulerRunning
                0x00000000008006e8        0x1 ./tasks.o
 .bss.uxTopReadyPriority
                0x00000000008006e9        0x1 ./tasks.o
 .bss.xTickCount
                0x00000000008006ea        0x2 ./tasks.o
 .bss.uxCurrentNumberOfTasks
                0x00000000008006ec        0x1 ./tasks.o
 .bss.xSuspendedTaskList
                0x00000000008006ed        0x9 ./tasks.o
 .bss.uxDeletedTasksWaitingCleanUp
                0x00000000008006f6        0x1 ./tasks.o
 .bss.xTasksWaitingTermination
                0x00000000008006f7        0x9 ./tasks.o
 .bss.xPendingReadyList
                0x0000000000800700        0x9 ./tasks.o
 .bss.pxOverflowDelayedTaskList
                0x0000000000800709        0x2 ./tasks.o
 .bss.pxDelayedTaskList
                0x000000000080070b        0x2 ./tasks.o
 .bss.xDelayedTaskList2
                0x000000000080070d        0x9 ./tasks.o
 .bss.xDelayedTaskList1
                0x0000000000800716        0x9 ./tasks.o
 .bss.pxReadyTasksLists
                0x000000000080071f       0x2d ./tasks.o
 .bss.pxCurrentTCB
                0x000000000080074c        0x2 ./tasks.o
                0x000000000080074c                pxCurrentTCB
 .bss.xLastTime.2378
                0x000000000080074e        0x2 ./timers.o
 .bss.xTimerTaskHandle
                0x0000000000800750        0x2 ./timers.o
 .bss.xTimerQueue
                0x0000000000800752        0x2 ./timers.o
 .bss.pxOverflowTimerList
                0x0000000000800754        0x2 ./timers.o
 .bss.pxCurrentTimerList
                0x0000000000800756        0x2 ./timers.o
 .bss.xActiveTimerList2
                0x0000000000800758        0x9 ./timers.o
 .bss.xActiveTimerList1
                0x0000000000800761        0x9 ./timers.o
 *(COMMON)
 COMMON         0x000000000080076a        0x6 ./Clock.o
                0x000000000080076a                Debounce_Timer
                0x000000000080076c                LCD
                0x000000000080076e                KPD_INT_Timer
 COMMON         0x0000000000800770        0x8 ./KBD_program.o
                0x0000000000800770                KBD_Au8ColsPins
                0x0000000000800774                KBD_Au8RowsPins
                0x0000000000800778                PROVIDE (__bss_end, .)
                0x0000000000003cf0                __data_load_start = LOADADDR (.data)
                0x0000000000003d74                __data_load_end = (__data_load_start + SIZEOF (.data))

.noinit         0x0000000000800778        0x0
                [!provide]                        PROVIDE (__noinit_start, .)
 *(.noinit*)
                [!provide]                        PROVIDE (__noinit_end, .)
                0x0000000000800778                _end = .
                [!provide]                        PROVIDE (__heap_start, .)

.eeprom         0x0000000000810000        0x0
 *(.eeprom*)
                0x0000000000810000                __eeprom_end = .

.fuse
 *(.fuse)
 *(.lfuse)
 *(.hfuse)
 *(.efuse)

.lock
 *(.lock*)

.signature
 *(.signature*)

.user_signatures
 *(.user_signatures*)

.stab
 *(.stab)

.stabstr
 *(.stabstr)

.stab.excl
 *(.stab.excl)

.stab.exclstr
 *(.stab.exclstr)

.stab.index
 *(.stab.index)

.stab.indexstr
 *(.stab.indexstr)

.comment        0x0000000000000000       0x11
 *(.comment)
 .comment       0x0000000000000000       0x11 ./Clock.o
                                         0x12 (size before relaxing)
 .comment       0x0000000000000011       0x12 ./DIO_Program.o
 .comment       0x0000000000000011       0x12 ./EXTI_program.o
 .comment       0x0000000000000011       0x12 ./KBD_program.o
 .comment       0x0000000000000011       0x12 ./LCD_program.o
 .comment       0x0000000000000011       0x12 ./croutine.o
 .comment       0x0000000000000011       0x12 ./event_groups.o
 .comment       0x0000000000000011       0x12 ./heap_1.o
 .comment       0x0000000000000011       0x12 ./list.o
 .comment       0x0000000000000011       0x12 ./main.o
 .comment       0x0000000000000011       0x12 ./port.o
 .comment       0x0000000000000011       0x12 ./queue.o
 .comment       0x0000000000000011       0x12 ./tasks.o
 .comment       0x0000000000000011       0x12 ./timers.o

.note.gnu.avr.deviceinfo
                0x0000000000000000       0x3c
 .note.gnu.avr.deviceinfo
                0x0000000000000000       0x3c /usr/lib/gcc/avr/5.4.0/../../../avr/lib/avr5/crtatmega32.o

.note.gnu.build-id
 *(.note.gnu.build-id)

.debug
 *(.debug)

.line
 *(.line)

.debug_srcinfo
 *(.debug_srcinfo)

.debug_sfnames
 *(.debug_sfnames)

.debug_aranges
 *(.debug_aranges)

.debug_pubnames
 *(.debug_pubnames)

.debug_info     0x0000000000000000      0x4e6
 *(.debug_info .gnu.linkonce.wi.*)
 .debug_info    0x0000000000000000      0x4e6 /usr/lib/gcc/avr/5.4.0/../../../avr/lib/avr5/crtatmega32.o

.debug_abbrev   0x0000000000000000      0x4a3
 *(.debug_abbrev)
 .debug_abbrev  0x0000000000000000      0x4a3 /usr/lib/gcc/avr/5.4.0/../../../avr/lib/avr5/crtatmega32.o

.debug_line     0x0000000000000000       0x1a
 *(.debug_line .debug_line.* .debug_line_end)
 .debug_line    0x0000000000000000       0x1a /usr/lib/gcc/avr/5.4.0/../../../avr/lib/avr5/crtatmega32.o

.debug_frame
 *(.debug_frame)

.debug_str      0x0000000000000000      0x196
 *(.debug_str)
 .debug_str     0x0000000000000000      0x196 /usr/lib/gcc/avr/5.4.0/../../../avr/lib/avr5/crtatmega32.o

.debug_loc
 *(.debug_loc)

.debug_macinfo
 *(.debug_macinfo)

.debug_weaknames
 *(.debug_weaknames)

.debug_funcnames
 *(.debug_funcnames)

.debug_typenames
 *(.debug_typenames)

.debug_varnames
 *(.debug_varnames)

.debug_pubtypes
 *(.debug_pubtypes)

.debug_ranges
 *(.debug_ranges)

.debug_macro
 *(.debug_macro)
OUTPUT(Home_Clock.elf elf32-avr)
LOAD linker stubs
