Archive member included to satisfy reference by file (symbol)

/usr/lib/gcc/avr/5.4.0/avr5/libgcc.a(_udivmodqi4.o)
                              ./Clock.o (__udivmodqi4)
/usr/lib/gcc/avr/5.4.0/avr5/libgcc.a(_udivmodhi4.o)
                              ./LCD_program.o (__udivmodhi4)
/usr/lib/gcc/avr/5.4.0/avr5/libgcc.a(_divmodhi4.o)
                              ./Clock.o (__divmodhi4)
/usr/lib/gcc/avr/5.4.0/avr5/libgcc.a(_exit.o)
                              /usr/lib/gcc/avr/5.4.0/../../../avr/lib/avr5/crtatmega32.o (exit)
/usr/lib/gcc/avr/5.4.0/avr5/libgcc.a(_copy_data.o)
                              ./Clock.o (__do_copy_data)
/usr/lib/gcc/avr/5.4.0/avr5/libgcc.a(_clear_bss.o)
                              ./Clock.o (__do_clear_bss)
/usr/lib/gcc/avr/5.4.0/../../../avr/lib/avr5/libc.a(memcpy.o)
                              ./queue.o (memcpy)

Allocating common symbols
Common symbol       size              file

KBD_Au8ColsPins     0x4               ./KBD_program.o
KBD_Au8RowsPins     0x4               ./KBD_program.o
KPD_INT_Sem         0x2               ./Clock.o
LCD                 0x2               ./Clock.o

Memory Configuration

Name             Origin             Length             Attributes
text             0x0000000000000000 0x0000000000020000 xr
data             0x0000000000800060 0x000000000000ffa0 rw !x
eeprom           0x0000000000810000 0x0000000000010000 rw !x
fuse             0x0000000000820000 0x0000000000000002 rw !x
lock             0x0000000000830000 0x0000000000000400 rw !x
signature        0x0000000000840000 0x0000000000000400 rw !x
user_signatures  0x0000000000850000 0x0000000000000400 rw !x
*default*        0x0000000000000000 0xffffffffffffffff

Linker script and memory map

LOAD /usr/lib/gcc/avr/5.4.0/../../../avr/lib/avr5/crtatmega32.o
LOAD ./Clock.o
LOAD ./DIO_Program.o
LOAD ./EXTI_program.o
LOAD ./KBD_program.o
LOAD ./LCD_program.o
LOAD ./croutine.o
LOAD ./event_groups.o
LOAD ./heap_1.o
LOAD ./list.o
LOAD ./main.o
LOAD ./port.o
LOAD ./queue.o
LOAD ./tasks.o
LOAD ./timers.o
START GROUP
LOAD /usr/lib/gcc/avr/5.4.0/avr5/libgcc.a
LOAD /usr/lib/gcc/avr/5.4.0/../../../avr/lib/avr5/libm.a
LOAD /usr/lib/gcc/avr/5.4.0/../../../avr/lib/avr5/libc.a
LOAD /usr/lib/gcc/avr/5.4.0/../../../avr/lib/avr5/libatmega32.a
END GROUP
                0x0000000000020000                __TEXT_REGION_LENGTH__ = DEFINED (__TEXT_REGION_LENGTH__)?__TEXT_REGION_LENGTH__:0x20000
                0x000000000000ffa0                __DATA_REGION_LENGTH__ = DEFINED (__DATA_REGION_LENGTH__)?__DATA_REGION_LENGTH__:0xffa0
                0x0000000000010000                __EEPROM_REGION_LENGTH__ = DEFINED (__EEPROM_REGION_LENGTH__)?__EEPROM_REGION_LENGTH__:0x10000
                [0x0000000000000002]                __FUSE_REGION_LENGTH__ = DEFINED (__FUSE_REGION_LENGTH__)?__FUSE_REGION_LENGTH__:0x400
                0x0000000000000400                __LOCK_REGION_LENGTH__ = DEFINED (__LOCK_REGION_LENGTH__)?__LOCK_REGION_LENGTH__:0x400
                0x0000000000000400                __SIGNATURE_REGION_LENGTH__ = DEFINED (__SIGNATURE_REGION_LENGTH__)?__SIGNATURE_REGION_LENGTH__:0x400
                0x0000000000000400                __USER_SIGNATURE_REGION_LENGTH__ = DEFINED (__USER_SIGNATURE_REGION_LENGTH__)?__USER_SIGNATURE_REGION_LENGTH__:0x400

.hash
 *(.hash)

.dynsym
 *(.dynsym)

.dynstr
 *(.dynstr)

.gnu.version
 *(.gnu.version)

.gnu.version_d
 *(.gnu.version_d)

.gnu.version_r
 *(.gnu.version_r)

.rel.init
 *(.rel.init)

.rela.init
 *(.rela.init)

.rel.text
 *(.rel.text)
 *(.rel.text.*)
 *(.rel.gnu.linkonce.t*)

.rela.text
 *(.rela.text)
 *(.rela.text.*)
 *(.rela.gnu.linkonce.t*)

.rel.fini
 *(.rel.fini)

.rela.fini
 *(.rela.fini)

.rel.rodata
 *(.rel.rodata)
 *(.rel.rodata.*)
 *(.rel.gnu.linkonce.r*)

.rela.rodata
 *(.rela.rodata)
 *(.rela.rodata.*)
 *(.rela.gnu.linkonce.r*)

.rel.data
 *(.rel.data)
 *(.rel.data.*)
 *(.rel.gnu.linkonce.d*)

.rela.data
 *(.rela.data)
 *(.rela.data.*)
 *(.rela.gnu.linkonce.d*)

.rel.ctors
 *(.rel.ctors)

.rela.ctors
 *(.rela.ctors)

.rel.dtors
 *(.rel.dtors)

.rela.dtors
 *(.rela.dtors)

.rel.got
 *(.rel.got)

.rela.got
 *(.rela.got)

.rel.bss
 *(.rel.bss)

.rela.bss
 *(.rela.bss)

.rel.plt
 *(.rel.plt)

.rela.plt
 *(.rela.plt)

.text           0x0000000000000000     0x35f2
 *(.vectors)
 .vectors       0x0000000000000000       0x54 /usr/lib/gcc/avr/5.4.0/../../../avr/lib/avr5/crtatmega32.o
                0x0000000000000000                __vectors
                0x0000000000000000                __vector_default
 *(.vectors)
 *(.progmem.gcc*)
                0x0000000000000054                . = ALIGN (0x2)
                0x0000000000000054                __trampolines_start = .
 *(.trampolines)
 .trampolines   0x0000000000000054        0x0 linker stubs
 *(.trampolines*)
                0x0000000000000054                __trampolines_end = .
 *libprintf_flt.a:*(.progmem.data)
 *libc.a:*(.progmem.data)
 *(.progmem*)
                0x0000000000000054                . = ALIGN (0x2)
 *(.jumptables)
 *(.jumptables*)
 *(.lowtext)
 *(.lowtext*)
                0x0000000000000054                __ctors_start = .
 *(.ctors)
                0x0000000000000054                __ctors_end = .
                0x0000000000000054                __dtors_start = .
 *(.dtors)
                0x0000000000000054                __dtors_end = .
 SORT(*)(.ctors)
 SORT(*)(.dtors)
 *(.init0)
 .init0         0x0000000000000054        0x0 /usr/lib/gcc/avr/5.4.0/../../../avr/lib/avr5/crtatmega32.o
                0x0000000000000054                __init
 *(.init0)
 *(.init1)
 *(.init1)
 *(.init2)
 .init2         0x0000000000000054        0xc /usr/lib/gcc/avr/5.4.0/../../../avr/lib/avr5/crtatmega32.o
 *(.init2)
 *(.init3)
 *(.init3)
 *(.init4)
 .init4         0x0000000000000060       0x16 /usr/lib/gcc/avr/5.4.0/avr5/libgcc.a(_copy_data.o)
                0x0000000000000060                __do_copy_data
 .init4         0x0000000000000076       0x10 /usr/lib/gcc/avr/5.4.0/avr5/libgcc.a(_clear_bss.o)
                0x0000000000000076                __do_clear_bss
 *(.init4)
 *(.init5)
 *(.init5)
 *(.init6)
 *(.init6)
 *(.init7)
 *(.init7)
 *(.init8)
 *(.init8)
 *(.init9)
 .init9         0x0000000000000086        0x8 /usr/lib/gcc/avr/5.4.0/../../../avr/lib/avr5/crtatmega32.o
 *(.init9)
 *(.text)
 .text          0x000000000000008e        0x4 /usr/lib/gcc/avr/5.4.0/../../../avr/lib/avr5/crtatmega32.o
                0x000000000000008e                __vector_12
                0x000000000000008e                __bad_interrupt
                0x000000000000008e                __vector_6
                0x000000000000008e                __vector_11
                0x000000000000008e                __vector_13
                0x000000000000008e                __vector_17
                0x000000000000008e                __vector_19
                0x000000000000008e                __vector_5
                0x000000000000008e                __vector_4
                0x000000000000008e                __vector_9
                0x000000000000008e                __vector_15
                0x000000000000008e                __vector_8
                0x000000000000008e                __vector_14
                0x000000000000008e                __vector_10
                0x000000000000008e                __vector_16
                0x000000000000008e                __vector_18
                0x000000000000008e                __vector_20
 .text          0x0000000000000092        0x0 ./Clock.o
 .text          0x0000000000000092        0x0 ./DIO_Program.o
 .text          0x0000000000000092        0x0 ./EXTI_program.o
 .text          0x0000000000000092        0x0 ./KBD_program.o
 .text          0x0000000000000092        0x0 ./LCD_program.o
 .text          0x0000000000000092        0x0 ./croutine.o
 .text          0x0000000000000092        0x0 ./event_groups.o
 .text          0x0000000000000092        0x0 ./heap_1.o
 .text          0x0000000000000092        0x0 ./list.o
 .text          0x0000000000000092        0x0 ./main.o
 .text          0x0000000000000092        0x0 ./port.o
 .text          0x0000000000000092        0x0 ./queue.o
 .text          0x0000000000000092        0x0 ./tasks.o
 .text          0x0000000000000092        0x0 ./timers.o
 .text          0x0000000000000092        0x0 /usr/lib/gcc/avr/5.4.0/avr5/libgcc.a(_udivmodqi4.o)
 .text          0x0000000000000092        0x0 /usr/lib/gcc/avr/5.4.0/avr5/libgcc.a(_udivmodhi4.o)
 .text          0x0000000000000092        0x0 /usr/lib/gcc/avr/5.4.0/avr5/libgcc.a(_divmodhi4.o)
 .text          0x0000000000000092        0x0 /usr/lib/gcc/avr/5.4.0/avr5/libgcc.a(_exit.o)
 .text          0x0000000000000092        0x0 /usr/lib/gcc/avr/5.4.0/avr5/libgcc.a(_copy_data.o)
 .text          0x0000000000000092        0x0 /usr/lib/gcc/avr/5.4.0/avr5/libgcc.a(_clear_bss.o)
 .text          0x0000000000000092        0x0 /usr/lib/gcc/avr/5.4.0/../../../avr/lib/avr5/libc.a(memcpy.o)
                0x0000000000000092                . = ALIGN (0x2)
 *(.text.*)
 .text.Clock_Hours
                0x0000000000000092       0xc2 ./Clock.o
                0x0000000000000092                Clock_Hours
 .text.Clock_Minute
                0x0000000000000154       0xd8 ./Clock.o
                0x0000000000000154                Clock_Minute
 .text.Clock_Print_Default_Interface
                0x000000000000022c       0x7a ./Clock.o
                0x000000000000022c                Clock_Print_Default_Interface
 .text.Clock_Second
                0x00000000000002a6       0x6a ./Clock.o
                0x00000000000002a6                Clock_Second
 .text.Clock_Typing_Right_Arrow
                0x0000000000000310       0x4c ./Clock.o
                0x0000000000000310                Clock_Typing_Right_Arrow
 .text.Clock_Typing_Left_Arrow
                0x000000000000035c       0x52 ./Clock.o
                0x000000000000035c                Clock_Typing_Left_Arrow
 .text.Clock_Typing_Up_Arrow
                0x00000000000003ae       0x56 ./Clock.o
                0x00000000000003ae                Clock_Typing_Up_Arrow
 .text.Clock_Typing_Alarm_Button
                0x0000000000000404       0x78 ./Clock.o
                0x0000000000000404                Clock_Typing_Alarm_Button
 .text.Clock_Typing_Number
                0x000000000000047c      0x120 ./Clock.o
                0x000000000000047c                Clock_Typing_Number
 .text.Clock_Typing_Mode
                0x000000000000059c       0xdc ./Clock.o
                0x000000000000059c                Clock_Typing_Mode
 .text.Clock_Typing_Exit
                0x0000000000000678       0xc4 ./Clock.o
                0x0000000000000678                Clock_Typing_Exit
 .text.Clock_Typing_Enter
                0x000000000000073c       0x32 ./Clock.o
                0x000000000000073c                Clock_Typing_Enter
 .text.Clock_Print_Alarm_Interface
                0x000000000000076e       0x70 ./Clock.o
                0x000000000000076e                Clock_Print_Alarm_Interface
 .text.Clock_Alarm
                0x00000000000007de       0x76 ./Clock.o
                0x00000000000007de                Clock_Alarm
 .text.KPD_Button_INT
                0x0000000000000854       0x10 ./Clock.o
                0x0000000000000854                KPD_Button_INT
 .text.Clock_Semaphore_Init
                0x0000000000000864       0x34 ./Clock.o
                0x0000000000000864                Clock_Semaphore_Init
 .text.KPD_Button_INT_ISR
                0x0000000000000898       0x86 ./Clock.o
                0x0000000000000898                KPD_Button_INT_ISR
 .text.DIO_voidInitialize
                0x000000000000091e        0xa ./DIO_Program.o
                0x000000000000091e                DIO_voidInitialize
 .text.DIO_u8SetPinDirection
                0x0000000000000928       0xe2 ./DIO_Program.o
                0x0000000000000928                DIO_u8SetPinDirection
 .text.DIO_u8SetPinValue
                0x0000000000000a0a       0xe2 ./DIO_Program.o
                0x0000000000000a0a                DIO_u8SetPinValue
 .text.DIO_u8SetPortDirection
                0x0000000000000aec       0x26 ./DIO_Program.o
                0x0000000000000aec                DIO_u8SetPortDirection
 .text.DIO_u8SetPortValue
                0x0000000000000b12       0x26 ./DIO_Program.o
                0x0000000000000b12                DIO_u8SetPortValue
 .text.DIO_u8GetPinValue
                0x0000000000000b38       0x42 ./DIO_Program.o
                0x0000000000000b38                DIO_u8GetPinValue
 .text.DIO_u8GetPortValue
                0x0000000000000b7a       0x2a ./DIO_Program.o
                0x0000000000000b7a                DIO_u8GetPortValue
 .text.__vector_1
                0x0000000000000ba4       0x52 ./EXTI_program.o
                0x0000000000000ba4                __vector_1
 .text.__vector_2
                0x0000000000000bf6       0x52 ./EXTI_program.o
                0x0000000000000bf6                __vector_2
 .text.__vector_3
                0x0000000000000c48       0x52 ./EXTI_program.o
                0x0000000000000c48                __vector_3
 .text.voidSetCallBack
                0x0000000000000c9a       0x12 ./EXTI_program.o
                0x0000000000000c9a                voidSetCallBack
 .text.Interrupt_Initialize
                0x0000000000000cac        0x8 ./EXTI_program.o
                0x0000000000000cac                Interrupt_Initialize
 .text.Interrupt_Enable
                0x0000000000000cb4       0x20 ./EXTI_program.o
                0x0000000000000cb4                Interrupt_Enable
 .text.Interrupt_Disable
                0x0000000000000cd4       0x20 ./EXTI_program.o
                0x0000000000000cd4                Interrupt_Disable
 .text.Interrupt_Set_Level
                0x0000000000000cf4       0x76 ./EXTI_program.o
                0x0000000000000cf4                Interrupt_Set_Level
 .text.KBD_u8GetKeyPadState
                0x0000000000000d6a       0xbc ./KBD_program.o
                0x0000000000000d6a                KBD_u8GetKeyPadState
 .text.KBD_u8Initialize
                0x0000000000000e26      0x172 ./KBD_program.o
                0x0000000000000e26                KBD_u8Initialize
 .text.KBD_keys_map
                0x0000000000000f98       0x20 ./KBD_program.o
                0x0000000000000f98                KBD_keys_map
 .text.LCD_Void_Write
                0x0000000000000fb8       0x8a ./LCD_program.o
 .text.LCD_Void_Write_Cmd
                0x0000000000001042       0x14 ./LCD_program.o
                0x0000000000001042                LCD_Void_Write_Cmd
 .text.LCD_Void_Write_Data
                0x0000000000001056       0x14 ./LCD_program.o
                0x0000000000001056                LCD_Void_Write_Data
 .text.LCD_Void_Write_String
                0x000000000000106a       0x3e ./LCD_program.o
                0x000000000000106a                LCD_Void_Write_String
 .text.LCD_Void_Clear
                0x00000000000010a8        0x6 ./LCD_program.o
                0x00000000000010a8                LCD_Void_Clear
 .text.LCD_Void_Write_Blinking_String
                0x00000000000010ae       0x38 ./LCD_program.o
                0x00000000000010ae                LCD_Void_Write_Blinking_String
 .text.LCD_Set_Block
                0x00000000000010e6        0xe ./LCD_program.o
                0x00000000000010e6                LCD_Set_Block
 .text.LCD_Void_Write_Moving_String
                0x00000000000010f4       0x4e ./LCD_program.o
                0x00000000000010f4                LCD_Void_Write_Moving_String
 .text.LCD_Void_Write_CGRAM
                0x0000000000001142       0x38 ./LCD_program.o
                0x0000000000001142                LCD_Void_Write_CGRAM
 .text.LCD_initialize
                0x000000000000117a       0xbe ./LCD_program.o
                0x000000000000117a                LCD_initialize
 .text.LCD_Void_Write_Number
                0x0000000000001238       0x72 ./LCD_program.o
                0x0000000000001238                LCD_Void_Write_Number
 .text.LCD_Void_Write_Number_2
                0x00000000000012aa       0x1a ./LCD_program.o
                0x00000000000012aa                LCD_Void_Write_Number_2
 .text.LCD_Void_Write_Number_1
                0x00000000000012c4        0x6 ./LCD_program.o
                0x00000000000012c4                LCD_Void_Write_Number_1
 .text.xEventGroupCreate
                0x00000000000012ca       0x26 ./event_groups.o
                0x00000000000012ca                xEventGroupCreate
 .text.xEventGroupWaitBits
                0x00000000000012f0       0xf0 ./event_groups.o
                0x00000000000012f0                xEventGroupWaitBits
 .text.xEventGroupClearBits
                0x00000000000013e0       0x1e ./event_groups.o
                0x00000000000013e0                xEventGroupClearBits
 .text.xEventGroupGetBitsFromISR
                0x00000000000013fe        0x8 ./event_groups.o
                0x00000000000013fe                xEventGroupGetBitsFromISR
 .text.xEventGroupSetBits
                0x0000000000001406       0xaa ./event_groups.o
                0x0000000000001406                xEventGroupSetBits
 .text.xEventGroupSync
                0x00000000000014b0       0xd6 ./event_groups.o
                0x00000000000014b0                xEventGroupSync
 .text.vEventGroupDelete
                0x0000000000001586       0x2c ./event_groups.o
                0x0000000000001586                vEventGroupDelete
 .text.vEventGroupSetBitsCallback
                0x00000000000015b2        0x6 ./event_groups.o
                0x00000000000015b2                vEventGroupSetBitsCallback
 .text.vEventGroupClearBitsCallback
                0x00000000000015b8        0x6 ./event_groups.o
                0x00000000000015b8                vEventGroupClearBitsCallback
 .text.pvPortMalloc
                0x00000000000015be       0x64 ./heap_1.o
                0x00000000000015be                pvPortMalloc
 .text.vPortFree
                0x0000000000001622        0x2 ./heap_1.o
                0x0000000000001622                vPortFree
 .text.vPortInitialiseBlocks
                0x0000000000001624        0xa ./heap_1.o
                0x0000000000001624                vPortInitialiseBlocks
 .text.xPortGetFreeHeapSize
                0x000000000000162e       0x12 ./heap_1.o
                0x000000000000162e                xPortGetFreeHeapSize
 .text.vListInitialise
                0x0000000000001640       0x1c ./list.o
                0x0000000000001640                vListInitialise
 .text.vListInitialiseItem
                0x000000000000165c        0x8 ./list.o
                0x000000000000165c                vListInitialiseItem
 .text.vListInsertEnd
                0x0000000000001664       0x42 ./list.o
                0x0000000000001664                vListInsertEnd
 .text.vListInsert
                0x00000000000016a6       0x70 ./list.o
                0x00000000000016a6                vListInsert
 .text.uxListRemove
                0x0000000000001716       0x48 ./list.o
                0x0000000000001716                uxListRemove
 .text.startup.main
                0x000000000000175e       0x8e ./main.o
                0x000000000000175e                main
 .text.pxPortInitialiseStack
                0x00000000000017ec       0xd8 ./port.o
                0x00000000000017ec                pxPortInitialiseStack
 .text.xPortStartScheduler
                0x00000000000018c4       0x6c ./port.o
                0x00000000000018c4                xPortStartScheduler
 .text.vPortEndScheduler
                0x0000000000001930        0x2 ./port.o
                0x0000000000001930                vPortEndScheduler
 .text.vPortYield
                0x0000000000001932       0xb2 ./port.o
                0x0000000000001932                vPortYield
 .text.vPortYieldFromTick
                0x00000000000019e4       0xb8 ./port.o
                0x00000000000019e4                vPortYieldFromTick
 .text.__vector_7
                0x0000000000001a9c        0x6 ./port.o
                0x0000000000001a9c                __vector_7
 .text.prvIsQueueEmpty
                0x0000000000001aa2       0x16 ./queue.o
 .text.prvCopyDataToQueue
                0x0000000000001ab8       0xa6 ./queue.o
 .text.prvCopyDataFromQueue
                0x0000000000001b5e       0x34 ./queue.o
 .text.prvUnlockQueue
                0x0000000000001b92       0x7c ./queue.o
 .text.xQueueGenericReset
                0x0000000000001c0e       0x7e ./queue.o
                0x0000000000001c0e                xQueueGenericReset
 .text.xQueueGenericCreate
                0x0000000000001c8c       0x50 ./queue.o
                0x0000000000001c8c                xQueueGenericCreate
 .text.xQueueGenericSend
                0x0000000000001cdc      0x12c ./queue.o
                0x0000000000001cdc                xQueueGenericSend
 .text.xQueueCreateMutex
                0x0000000000001e08       0x34 ./queue.o
                0x0000000000001e08                xQueueCreateMutex
 .text.xQueueGenericSendFromISR
                0x0000000000001e3c       0x5e ./queue.o
                0x0000000000001e3c                xQueueGenericSendFromISR
 .text.xQueueGiveFromISR
                0x0000000000001e9a       0x46 ./queue.o
                0x0000000000001e9a                xQueueGiveFromISR
 .text.xQueueReceive
                0x0000000000001ee0      0x124 ./queue.o
                0x0000000000001ee0                xQueueReceive
 .text.xQueueSemaphoreTake
                0x0000000000002004      0x184 ./queue.o
                0x0000000000002004                xQueueSemaphoreTake
 .text.xQueuePeek
                0x0000000000002188      0x124 ./queue.o
                0x0000000000002188                xQueuePeek
 .text.xQueueReceiveFromISR
                0x00000000000022ac       0x5e ./queue.o
                0x00000000000022ac                xQueueReceiveFromISR
 .text.xQueuePeekFromISR
                0x000000000000230a       0x2e ./queue.o
                0x000000000000230a                xQueuePeekFromISR
 .text.uxQueueMessagesWaiting
                0x0000000000002338       0x10 ./queue.o
                0x0000000000002338                uxQueueMessagesWaiting
 .text.uxQueueSpacesAvailable
                0x0000000000002348       0x14 ./queue.o
                0x0000000000002348                uxQueueSpacesAvailable
 .text.uxQueueMessagesWaitingFromISR
                0x000000000000235c        0x6 ./queue.o
                0x000000000000235c                uxQueueMessagesWaitingFromISR
 .text.vQueueDelete
                0x0000000000002362        0x4 ./queue.o
                0x0000000000002362                vQueueDelete
 .text.xQueueIsQueueEmptyFromISR
                0x0000000000002366        0xc ./queue.o
                0x0000000000002366                xQueueIsQueueEmptyFromISR
 .text.xQueueIsQueueFullFromISR
                0x0000000000002372        0xe ./queue.o
                0x0000000000002372                xQueueIsQueueFullFromISR
 .text.prvResetNextTaskUnblockTime
                0x0000000000002380       0x36 ./tasks.o
 .text.prvAddCurrentTaskToDelayedList
                0x00000000000023b6       0xb8 ./tasks.o
 .text.prvIdleTask
                0x000000000000246e       0x58 ./tasks.o
 .text.xTaskCreate
                0x00000000000024c6      0x204 ./tasks.o
                0x00000000000024c6                xTaskCreate
 .text.vTaskDelete
                0x00000000000026ca       0xaa ./tasks.o
                0x00000000000026ca                vTaskDelete
 .text.vTaskResume
                0x0000000000002774       0x8e ./tasks.o
                0x0000000000002774                vTaskResume
 .text.xTaskResumeFromISR
                0x0000000000002802       0x90 ./tasks.o
                0x0000000000002802                xTaskResumeFromISR
 .text.vTaskStartScheduler
                0x0000000000002892       0x54 ./tasks.o
                0x0000000000002892                vTaskStartScheduler
 .text.vTaskEndScheduler
                0x00000000000028e6        0xa ./tasks.o
                0x00000000000028e6                vTaskEndScheduler
 .text.vTaskSuspendAll
                0x00000000000028f0        0xc ./tasks.o
                0x00000000000028f0                vTaskSuspendAll
 .text.xTaskGetTickCount
                0x00000000000028fc       0x14 ./tasks.o
                0x00000000000028fc                xTaskGetTickCount
 .text.xTaskGetTickCountFromISR
                0x0000000000002910        0xa ./tasks.o
                0x0000000000002910                xTaskGetTickCountFromISR
 .text.uxTaskGetNumberOfTasks
                0x000000000000291a        0x6 ./tasks.o
                0x000000000000291a                uxTaskGetNumberOfTasks
 .text.pcTaskGetName
                0x0000000000002920       0x10 ./tasks.o
                0x0000000000002920                pcTaskGetName
 .text.xTaskIncrementTick
                0x0000000000002930      0x158 ./tasks.o
                0x0000000000002930                xTaskIncrementTick
 .text.xTaskResumeAll
                0x0000000000002a88       0xde ./tasks.o
                0x0000000000002a88                xTaskResumeAll
 .text.vTaskDelayUntil
                0x0000000000002b66       0x70 ./tasks.o
                0x0000000000002b66                vTaskDelayUntil
 .text.vTaskDelay
                0x0000000000002bd6       0x2a ./tasks.o
                0x0000000000002bd6                vTaskDelay
 .text.vTaskSwitchContext
                0x0000000000002c00       0x86 ./tasks.o
                0x0000000000002c00                vTaskSwitchContext
 .text.vTaskSuspend
                0x0000000000002c86       0xac ./tasks.o
                0x0000000000002c86                vTaskSuspend
 .text.vTaskPlaceOnEventList
                0x0000000000002d32       0x22 ./tasks.o
                0x0000000000002d32                vTaskPlaceOnEventList
 .text.vTaskPlaceOnUnorderedEventList
                0x0000000000002d54       0x30 ./tasks.o
                0x0000000000002d54                vTaskPlaceOnUnorderedEventList
 .text.xTaskRemoveFromEventList
                0x0000000000002d84       0x80 ./tasks.o
                0x0000000000002d84                xTaskRemoveFromEventList
 .text.vTaskRemoveFromUnorderedEventList
                0x0000000000002e04       0x64 ./tasks.o
                0x0000000000002e04                vTaskRemoveFromUnorderedEventList
 .text.vTaskSetTimeOutState
                0x0000000000002e68       0x20 ./tasks.o
                0x0000000000002e68                vTaskSetTimeOutState
 .text.vTaskInternalSetTimeOutState
                0x0000000000002e88       0x16 ./tasks.o
                0x0000000000002e88                vTaskInternalSetTimeOutState
 .text.xTaskCheckForTimeOut
                0x0000000000002e9e       0x66 ./tasks.o
                0x0000000000002e9e                xTaskCheckForTimeOut
 .text.vTaskMissedYield
                0x0000000000002f04        0x8 ./tasks.o
                0x0000000000002f04                vTaskMissedYield
 .text.xTaskGetCurrentTaskHandle
                0x0000000000002f0c        0xa ./tasks.o
                0x0000000000002f0c                xTaskGetCurrentTaskHandle
 .text.xTaskPriorityInherit
                0x0000000000002f16       0xc6 ./tasks.o
                0x0000000000002f16                xTaskPriorityInherit
 .text.xTaskPriorityDisinherit
                0x0000000000002fdc       0x74 ./tasks.o
                0x0000000000002fdc                xTaskPriorityDisinherit
 .text.vTaskPriorityDisinheritAfterTimeout
                0x0000000000003050       0x8e ./tasks.o
                0x0000000000003050                vTaskPriorityDisinheritAfterTimeout
 .text.uxTaskResetEventItemValue
                0x00000000000030de       0x2e ./tasks.o
                0x00000000000030de                uxTaskResetEventItemValue
 .text.pvTaskIncrementMutexHeldCount
                0x000000000000310c       0x24 ./tasks.o
                0x000000000000310c                pvTaskIncrementMutexHeldCount
 .text.ulTaskNotifyTake
                0x0000000000003130       0xa2 ./tasks.o
                0x0000000000003130                ulTaskNotifyTake
 .text.xTaskNotifyWait
                0x00000000000031d2      0x110 ./tasks.o
                0x00000000000031d2                xTaskNotifyWait
 .text.xTaskGenericNotify
                0x00000000000032e2       0xd2 ./tasks.o
                0x00000000000032e2                xTaskGenericNotify
 .text.xTaskGenericNotifyFromISR
                0x00000000000033b4       0xf4 ./tasks.o
                0x00000000000033b4                xTaskGenericNotifyFromISR
 .text.vTaskNotifyGiveFromISR
                0x00000000000034a8       0xa4 ./tasks.o
                0x00000000000034a8                vTaskNotifyGiveFromISR
 .text.xTaskNotifyStateClear
                0x000000000000354c       0x28 ./tasks.o
                0x000000000000354c                xTaskNotifyStateClear
 .text.libgcc.mul
                0x0000000000003574        0x0 /usr/lib/gcc/avr/5.4.0/avr5/libgcc.a(_udivmodqi4.o)
 .text.libgcc.div
                0x0000000000003574       0x18 /usr/lib/gcc/avr/5.4.0/avr5/libgcc.a(_udivmodqi4.o)
                0x0000000000003574                __udivmodqi4
 .text.libgcc   0x000000000000358c        0x0 /usr/lib/gcc/avr/5.4.0/avr5/libgcc.a(_udivmodqi4.o)
 .text.libgcc.prologue
                0x000000000000358c        0x0 /usr/lib/gcc/avr/5.4.0/avr5/libgcc.a(_udivmodqi4.o)
 .text.libgcc.builtins
                0x000000000000358c        0x0 /usr/lib/gcc/avr/5.4.0/avr5/libgcc.a(_udivmodqi4.o)
 .text.libgcc.fmul
                0x000000000000358c        0x0 /usr/lib/gcc/avr/5.4.0/avr5/libgcc.a(_udivmodqi4.o)
 .text.libgcc.fixed
                0x000000000000358c        0x0 /usr/lib/gcc/avr/5.4.0/avr5/libgcc.a(_udivmodqi4.o)
 .text.libgcc.mul
                0x000000000000358c        0x0 /usr/lib/gcc/avr/5.4.0/avr5/libgcc.a(_udivmodhi4.o)
 .text.libgcc.div
                0x000000000000358c       0x28 /usr/lib/gcc/avr/5.4.0/avr5/libgcc.a(_udivmodhi4.o)
                0x000000000000358c                __udivmodhi4
 .text.libgcc   0x00000000000035b4        0x0 /usr/lib/gcc/avr/5.4.0/avr5/libgcc.a(_udivmodhi4.o)
 .text.libgcc.prologue
                0x00000000000035b4        0x0 /usr/lib/gcc/avr/5.4.0/avr5/libgcc.a(_udivmodhi4.o)
 .text.libgcc.builtins
                0x00000000000035b4        0x0 /usr/lib/gcc/avr/5.4.0/avr5/libgcc.a(_udivmodhi4.o)
 .text.libgcc.fmul
                0x00000000000035b4        0x0 /usr/lib/gcc/avr/5.4.0/avr5/libgcc.a(_udivmodhi4.o)
 .text.libgcc.fixed
                0x00000000000035b4        0x0 /usr/lib/gcc/avr/5.4.0/avr5/libgcc.a(_udivmodhi4.o)
 .text.libgcc.mul
                0x00000000000035b4        0x0 /usr/lib/gcc/avr/5.4.0/avr5/libgcc.a(_divmodhi4.o)
 .text.libgcc.div
                0x00000000000035b4       0x28 /usr/lib/gcc/avr/5.4.0/avr5/libgcc.a(_divmodhi4.o)
                0x00000000000035b4                __divmodhi4
                0x00000000000035b4                _div
 .text.libgcc   0x00000000000035dc        0x0 /usr/lib/gcc/avr/5.4.0/avr5/libgcc.a(_divmodhi4.o)
 .text.libgcc.prologue
                0x00000000000035dc        0x0 /usr/lib/gcc/avr/5.4.0/avr5/libgcc.a(_divmodhi4.o)
 .text.libgcc.builtins
                0x00000000000035dc        0x0 /usr/lib/gcc/avr/5.4.0/avr5/libgcc.a(_divmodhi4.o)
 .text.libgcc.fmul
                0x00000000000035dc        0x0 /usr/lib/gcc/avr/5.4.0/avr5/libgcc.a(_divmodhi4.o)
 .text.libgcc.fixed
                0x00000000000035dc        0x0 /usr/lib/gcc/avr/5.4.0/avr5/libgcc.a(_divmodhi4.o)
 .text.libgcc.mul
                0x00000000000035dc        0x0 /usr/lib/gcc/avr/5.4.0/avr5/libgcc.a(_exit.o)
 .text.libgcc.div
                0x00000000000035dc        0x0 /usr/lib/gcc/avr/5.4.0/avr5/libgcc.a(_exit.o)
 .text.libgcc   0x00000000000035dc        0x0 /usr/lib/gcc/avr/5.4.0/avr5/libgcc.a(_exit.o)
 .text.libgcc.prologue
                0x00000000000035dc        0x0 /usr/lib/gcc/avr/5.4.0/avr5/libgcc.a(_exit.o)
 .text.libgcc.builtins
                0x00000000000035dc        0x0 /usr/lib/gcc/avr/5.4.0/avr5/libgcc.a(_exit.o)
 .text.libgcc.fmul
                0x00000000000035dc        0x0 /usr/lib/gcc/avr/5.4.0/avr5/libgcc.a(_exit.o)
 .text.libgcc.fixed
                0x00000000000035dc        0x0 /usr/lib/gcc/avr/5.4.0/avr5/libgcc.a(_exit.o)
 .text.libgcc.mul
                0x00000000000035dc        0x0 /usr/lib/gcc/avr/5.4.0/avr5/libgcc.a(_copy_data.o)
 .text.libgcc.div
                0x00000000000035dc        0x0 /usr/lib/gcc/avr/5.4.0/avr5/libgcc.a(_copy_data.o)
 .text.libgcc   0x00000000000035dc        0x0 /usr/lib/gcc/avr/5.4.0/avr5/libgcc.a(_copy_data.o)
 .text.libgcc.prologue
                0x00000000000035dc        0x0 /usr/lib/gcc/avr/5.4.0/avr5/libgcc.a(_copy_data.o)
 .text.libgcc.builtins
                0x00000000000035dc        0x0 /usr/lib/gcc/avr/5.4.0/avr5/libgcc.a(_copy_data.o)
 .text.libgcc.fmul
                0x00000000000035dc        0x0 /usr/lib/gcc/avr/5.4.0/avr5/libgcc.a(_copy_data.o)
 .text.libgcc.fixed
                0x00000000000035dc        0x0 /usr/lib/gcc/avr/5.4.0/avr5/libgcc.a(_copy_data.o)
 .text.libgcc.mul
                0x00000000000035dc        0x0 /usr/lib/gcc/avr/5.4.0/avr5/libgcc.a(_clear_bss.o)
 .text.libgcc.div
                0x00000000000035dc        0x0 /usr/lib/gcc/avr/5.4.0/avr5/libgcc.a(_clear_bss.o)
 .text.libgcc   0x00000000000035dc        0x0 /usr/lib/gcc/avr/5.4.0/avr5/libgcc.a(_clear_bss.o)
 .text.libgcc.prologue
                0x00000000000035dc        0x0 /usr/lib/gcc/avr/5.4.0/avr5/libgcc.a(_clear_bss.o)
 .text.libgcc.builtins
                0x00000000000035dc        0x0 /usr/lib/gcc/avr/5.4.0/avr5/libgcc.a(_clear_bss.o)
 .text.libgcc.fmul
                0x00000000000035dc        0x0 /usr/lib/gcc/avr/5.4.0/avr5/libgcc.a(_clear_bss.o)
 .text.libgcc.fixed
                0x00000000000035dc        0x0 /usr/lib/gcc/avr/5.4.0/avr5/libgcc.a(_clear_bss.o)
 .text.avr-libc
                0x00000000000035dc       0x12 /usr/lib/gcc/avr/5.4.0/../../../avr/lib/avr5/libc.a(memcpy.o)
                0x00000000000035dc                memcpy
                0x00000000000035ee                . = ALIGN (0x2)
 *(.fini9)
 .fini9         0x00000000000035ee        0x0 /usr/lib/gcc/avr/5.4.0/avr5/libgcc.a(_exit.o)
                0x00000000000035ee                exit
                0x00000000000035ee                _exit
 *(.fini9)
 *(.fini8)
 *(.fini8)
 *(.fini7)
 *(.fini7)
 *(.fini6)
 *(.fini6)
 *(.fini5)
 *(.fini5)
 *(.fini4)
 *(.fini4)
 *(.fini3)
 *(.fini3)
 *(.fini2)
 *(.fini2)
 *(.fini1)
 *(.fini1)
 *(.fini0)
 .fini0         0x00000000000035ee        0x4 /usr/lib/gcc/avr/5.4.0/avr5/libgcc.a(_exit.o)
 *(.fini0)
                0x00000000000035f2                _etext = .

.data           0x0000000000800060       0x76 load address 0x00000000000035f2
                0x0000000000800060                PROVIDE (__data_start, .)
 *(.data)
 .data          0x0000000000800060        0x0 /usr/lib/gcc/avr/5.4.0/../../../avr/lib/avr5/crtatmega32.o
 .data          0x0000000000800060        0x0 ./Clock.o
 .data          0x0000000000800060        0x0 ./DIO_Program.o
 .data          0x0000000000800060        0x0 ./EXTI_program.o
 .data          0x0000000000800060        0x0 ./KBD_program.o
 .data          0x0000000000800060        0x0 ./LCD_program.o
 .data          0x0000000000800060        0x0 ./croutine.o
 .data          0x0000000000800060        0x0 ./event_groups.o
 .data          0x0000000000800060        0x0 ./heap_1.o
 .data          0x0000000000800060        0x0 ./list.o
 .data          0x0000000000800060        0x0 ./main.o
 .data          0x0000000000800060        0x0 ./port.o
 .data          0x0000000000800060        0x0 ./queue.o
 .data          0x0000000000800060        0x0 ./tasks.o
 .data          0x0000000000800060        0x0 ./timers.o
 .data          0x0000000000800060        0x0 /usr/lib/gcc/avr/5.4.0/avr5/libgcc.a(_udivmodqi4.o)
 .data          0x0000000000800060        0x0 /usr/lib/gcc/avr/5.4.0/avr5/libgcc.a(_udivmodhi4.o)
 .data          0x0000000000800060        0x0 /usr/lib/gcc/avr/5.4.0/avr5/libgcc.a(_divmodhi4.o)
 .data          0x0000000000800060        0x0 /usr/lib/gcc/avr/5.4.0/avr5/libgcc.a(_exit.o)
 .data          0x0000000000800060        0x0 /usr/lib/gcc/avr/5.4.0/avr5/libgcc.a(_copy_data.o)
 .data          0x0000000000800060        0x0 /usr/lib/gcc/avr/5.4.0/avr5/libgcc.a(_clear_bss.o)
 .data          0x0000000000800060        0x0 /usr/lib/gcc/avr/5.4.0/../../../avr/lib/avr5/libc.a(memcpy.o)
 *(.data*)
 .data.current_block
                0x0000000000800060        0x1 ./Clock.o
                0x0000000000800060                current_block
 .data.key_map  0x0000000000800061       0x10 ./KBD_program.o
                0x0000000000800061                key_map
 *(.rodata)
 *(.rodata*)
 .rodata.str1.1
                0x0000000000800071       0x30 ./Clock.o
                                         0x36 (size before relaxing)
 .rodata.Pattern_Arrow
                0x00000000008000a1        0x8 ./LCD_program.o
                0x00000000008000a1                Pattern_Arrow
 .rodata.Pattern_AM
                0x00000000008000a9        0x8 ./LCD_program.o
                0x00000000008000a9                Pattern_AM
 .rodata.Pattern_Alarm
                0x00000000008000b1        0x8 ./LCD_program.o
                0x00000000008000b1                Pattern_Alarm
 .rodata.str1.1
                0x00000000008000b9       0x17 ./main.o
 .rodata.str1.1
                0x00000000008000d0        0x5 ./tasks.o
 *(.gnu.linkonce.d*)
                0x00000000008000d6                . = ALIGN (0x2)
 *fill*         0x00000000008000d5        0x1 
                0x00000000008000d6                _edata = .
                0x00000000008000d6                PROVIDE (__data_end, .)

.bss            0x00000000008000d6      0x672
                0x00000000008000d6                PROVIDE (__bss_start, .)
 *(.bss)
 .bss           0x00000000008000d6        0x0 /usr/lib/gcc/avr/5.4.0/../../../avr/lib/avr5/crtatmega32.o
 .bss           0x00000000008000d6        0x0 ./Clock.o
 .bss           0x00000000008000d6        0x0 ./DIO_Program.o
 .bss           0x00000000008000d6        0x0 ./EXTI_program.o
 .bss           0x00000000008000d6        0x0 ./KBD_program.o
 .bss           0x00000000008000d6        0x0 ./LCD_program.o
 .bss           0x00000000008000d6        0x0 ./croutine.o
 .bss           0x00000000008000d6        0x0 ./event_groups.o
 .bss           0x00000000008000d6        0x0 ./heap_1.o
 .bss           0x00000000008000d6        0x0 ./list.o
 .bss           0x00000000008000d6        0x0 ./main.o
 .bss           0x00000000008000d6        0x0 ./port.o
 .bss           0x00000000008000d6        0x0 ./queue.o
 .bss           0x00000000008000d6        0x0 ./tasks.o
 .bss           0x00000000008000d6        0x0 ./timers.o
 .bss           0x00000000008000d6        0x0 /usr/lib/gcc/avr/5.4.0/avr5/libgcc.a(_udivmodqi4.o)
 .bss           0x00000000008000d6        0x0 /usr/lib/gcc/avr/5.4.0/avr5/libgcc.a(_udivmodhi4.o)
 .bss           0x00000000008000d6        0x0 /usr/lib/gcc/avr/5.4.0/avr5/libgcc.a(_divmodhi4.o)
 .bss           0x00000000008000d6        0x0 /usr/lib/gcc/avr/5.4.0/avr5/libgcc.a(_exit.o)
 .bss           0x00000000008000d6        0x0 /usr/lib/gcc/avr/5.4.0/avr5/libgcc.a(_copy_data.o)
 .bss           0x00000000008000d6        0x0 /usr/lib/gcc/avr/5.4.0/avr5/libgcc.a(_clear_bss.o)
 .bss           0x00000000008000d6        0x0 /usr/lib/gcc/avr/5.4.0/../../../avr/lib/avr5/libc.a(memcpy.o)
 *(.bss*)
 .bss.KPD_handle
                0x00000000008000d6        0x2 ./Clock.o
                0x00000000008000d6                KPD_handle
 .bss.Alarm_handle
                0x00000000008000d8        0x2 ./Clock.o
                0x00000000008000d8                Alarm_handle
 .bss.Hours_handle
                0x00000000008000da        0x2 ./Clock.o
                0x00000000008000da                Hours_handle
 .bss.Minutes_handle
                0x00000000008000dc        0x2 ./Clock.o
                0x00000000008000dc                Minutes_handle
 .bss.time_adjusted
                0x00000000008000de        0x1 ./Clock.o
                0x00000000008000de                time_adjusted
 .bss.flags     0x00000000008000df        0x1 ./Clock.o
                0x00000000008000df                flags
 .bss.Alarm_AM_PM
                0x00000000008000e0        0x1 ./Clock.o
                0x00000000008000e0                Alarm_AM_PM
 .bss.Alarm_Hours
                0x00000000008000e1        0x1 ./Clock.o
                0x00000000008000e1                Alarm_Hours
 .bss.Alarm_Minutes
                0x00000000008000e2        0x1 ./Clock.o
                0x00000000008000e2                Alarm_Minutes
 .bss.AM_PM     0x00000000008000e3        0x1 ./Clock.o
                0x00000000008000e3                AM_PM
 .bss.Hours     0x00000000008000e4        0x1 ./Clock.o
                0x00000000008000e4                Hours
 .bss.Minutes   0x00000000008000e5        0x1 ./Clock.o
                0x00000000008000e5                Minutes
 .bss.Seconds   0x00000000008000e6        0x1 ./Clock.o
                0x00000000008000e6                Seconds
 .bss.PvoidCallBack
                0x00000000008000e7        0x6 ./EXTI_program.o
 .bss.pucAlignedHeap.2085
                0x00000000008000ed        0x2 ./heap_1.o
 .bss.xNextFreeByte
                0x00000000008000ef        0x2 ./heap_1.o
 .bss.ucHeap    0x00000000008000f1      0x5dc ./heap_1.o
 .bss.uxSchedulerSuspended
                0x00000000008006cd        0x1 ./tasks.o
 .bss.xIdleTaskHandle
                0x00000000008006ce        0x2 ./tasks.o
 .bss.xNextTaskUnblockTime
                0x00000000008006d0        0x2 ./tasks.o
 .bss.uxTaskNumber
                0x00000000008006d2        0x1 ./tasks.o
 .bss.xNumOfOverflows
                0x00000000008006d3        0x1 ./tasks.o
 .bss.xYieldPending
                0x00000000008006d4        0x1 ./tasks.o
 .bss.uxPendedTicks
                0x00000000008006d5        0x1 ./tasks.o
 .bss.xSchedulerRunning
                0x00000000008006d6        0x1 ./tasks.o
 .bss.uxTopReadyPriority
                0x00000000008006d7        0x1 ./tasks.o
 .bss.xTickCount
                0x00000000008006d8        0x2 ./tasks.o
 .bss.uxCurrentNumberOfTasks
                0x00000000008006da        0x1 ./tasks.o
 .bss.xSuspendedTaskList
                0x00000000008006db        0x9 ./tasks.o
 .bss.uxDeletedTasksWaitingCleanUp
                0x00000000008006e4        0x1 ./tasks.o
 .bss.xTasksWaitingTermination
                0x00000000008006e5        0x9 ./tasks.o
 .bss.xPendingReadyList
                0x00000000008006ee        0x9 ./tasks.o
 .bss.pxOverflowDelayedTaskList
                0x00000000008006f7        0x2 ./tasks.o
 .bss.pxDelayedTaskList
                0x00000000008006f9        0x2 ./tasks.o
 .bss.xDelayedTaskList2
                0x00000000008006fb        0x9 ./tasks.o
 .bss.xDelayedTaskList1
                0x0000000000800704        0x9 ./tasks.o
 .bss.pxReadyTasksLists
                0x000000000080070d       0x2d ./tasks.o
 .bss.pxCurrentTCB
                0x000000000080073a        0x2 ./tasks.o
                0x000000000080073a                pxCurrentTCB
 *(COMMON)
 COMMON         0x000000000080073c        0x4 ./Clock.o
                0x000000000080073c                KPD_INT_Sem
                0x000000000080073e                LCD
 COMMON         0x0000000000800740        0x8 ./KBD_program.o
                0x0000000000800740                KBD_Au8ColsPins
                0x0000000000800744                KBD_Au8RowsPins
                0x0000000000800748                PROVIDE (__bss_end, .)
                0x00000000000035f2                __data_load_start = LOADADDR (.data)
                0x0000000000003668                __data_load_end = (__data_load_start + SIZEOF (.data))

.noinit         0x0000000000800748        0x0
                [!provide]                        PROVIDE (__noinit_start, .)
 *(.noinit*)
                [!provide]                        PROVIDE (__noinit_end, .)
                0x0000000000800748                _end = .
                [!provide]                        PROVIDE (__heap_start, .)

.eeprom         0x0000000000810000        0x0
 *(.eeprom*)
                0x0000000000810000                __eeprom_end = .

.fuse
 *(.fuse)
 *(.lfuse)
 *(.hfuse)
 *(.efuse)

.lock
 *(.lock*)

.signature
 *(.signature*)

.user_signatures
 *(.user_signatures*)

.stab
 *(.stab)

.stabstr
 *(.stabstr)

.stab.excl
 *(.stab.excl)

.stab.exclstr
 *(.stab.exclstr)

.stab.index
 *(.stab.index)

.stab.indexstr
 *(.stab.indexstr)

.comment        0x0000000000000000       0x11
 *(.comment)
 .comment       0x0000000000000000       0x11 ./Clock.o
                                         0x12 (size before relaxing)
 .comment       0x0000000000000011       0x12 ./DIO_Program.o
 .comment       0x0000000000000011       0x12 ./EXTI_program.o
 .comment       0x0000000000000011       0x12 ./KBD_program.o
 .comment       0x0000000000000011       0x12 ./LCD_program.o
 .comment       0x0000000000000011       0x12 ./croutine.o
 .comment       0x0000000000000011       0x12 ./event_groups.o
 .comment       0x0000000000000011       0x12 ./heap_1.o
 .comment       0x0000000000000011       0x12 ./list.o
 .comment       0x0000000000000011       0x12 ./main.o
 .comment       0x0000000000000011       0x12 ./port.o
 .comment       0x0000000000000011       0x12 ./queue.o
 .comment       0x0000000000000011       0x12 ./tasks.o
 .comment       0x0000000000000011       0x12 ./timers.o

.note.gnu.avr.deviceinfo
                0x0000000000000000       0x3c
 .note.gnu.avr.deviceinfo
                0x0000000000000000       0x3c /usr/lib/gcc/avr/5.4.0/../../../avr/lib/avr5/crtatmega32.o

.note.gnu.build-id
 *(.note.gnu.build-id)

.debug
 *(.debug)

.line
 *(.line)

.debug_srcinfo
 *(.debug_srcinfo)

.debug_sfnames
 *(.debug_sfnames)

.debug_aranges
 *(.debug_aranges)

.debug_pubnames
 *(.debug_pubnames)

.debug_info     0x0000000000000000      0x4e6
 *(.debug_info .gnu.linkonce.wi.*)
 .debug_info    0x0000000000000000      0x4e6 /usr/lib/gcc/avr/5.4.0/../../../avr/lib/avr5/crtatmega32.o

.debug_abbrev   0x0000000000000000      0x4a3
 *(.debug_abbrev)
 .debug_abbrev  0x0000000000000000      0x4a3 /usr/lib/gcc/avr/5.4.0/../../../avr/lib/avr5/crtatmega32.o

.debug_line     0x0000000000000000       0x1a
 *(.debug_line .debug_line.* .debug_line_end)
 .debug_line    0x0000000000000000       0x1a /usr/lib/gcc/avr/5.4.0/../../../avr/lib/avr5/crtatmega32.o

.debug_frame
 *(.debug_frame)

.debug_str      0x0000000000000000      0x196
 *(.debug_str)
 .debug_str     0x0000000000000000      0x196 /usr/lib/gcc/avr/5.4.0/../../../avr/lib/avr5/crtatmega32.o

.debug_loc
 *(.debug_loc)

.debug_macinfo
 *(.debug_macinfo)

.debug_weaknames
 *(.debug_weaknames)

.debug_funcnames
 *(.debug_funcnames)

.debug_typenames
 *(.debug_typenames)

.debug_varnames
 *(.debug_varnames)

.debug_pubtypes
 *(.debug_pubtypes)

.debug_ranges
 *(.debug_ranges)

.debug_macro
 *(.debug_macro)
OUTPUT(Home_Clock.elf elf32-avr)
LOAD linker stubs
