Archive member included to satisfy reference by file (symbol)

/usr/lib/gcc/avr/5.4.0/avr5/libgcc.a(_udivmodqi4.o)
                              ./Clock.o (__udivmodqi4)
/usr/lib/gcc/avr/5.4.0/avr5/libgcc.a(_udivmodhi4.o)
                              ./LCD_program.o (__udivmodhi4)
/usr/lib/gcc/avr/5.4.0/avr5/libgcc.a(_divmodhi4.o)
                              ./Clock.o (__divmodhi4)
/usr/lib/gcc/avr/5.4.0/avr5/libgcc.a(_exit.o)
                              /usr/lib/gcc/avr/5.4.0/../../../avr/lib/avr5/crtatmega32.o (exit)
/usr/lib/gcc/avr/5.4.0/avr5/libgcc.a(_copy_data.o)
                              ./Clock.o (__do_copy_data)
/usr/lib/gcc/avr/5.4.0/avr5/libgcc.a(_clear_bss.o)
                              ./Clock.o (__do_clear_bss)
/usr/lib/gcc/avr/5.4.0/../../../avr/lib/avr5/libc.a(memcpy.o)
                              ./queue.o (memcpy)

Allocating common symbols
Common symbol       size              file

KBD_Au8ColsPins     0x4               ./KBD_program.o
KBD_Au8RowsPins     0x4               ./KBD_program.o
Alarm_AM_PM         0x1               ./Clock.o
Alarm_Hours         0x1               ./Clock.o
flags               0x1               ./Clock.o
LCD                 0x2               ./Clock.o
Alarm_Minutes       0x1               ./Clock.o

Memory Configuration

Name             Origin             Length             Attributes
text             0x0000000000000000 0x0000000000020000 xr
data             0x0000000000800060 0x000000000000ffa0 rw !x
eeprom           0x0000000000810000 0x0000000000010000 rw !x
fuse             0x0000000000820000 0x0000000000000002 rw !x
lock             0x0000000000830000 0x0000000000000400 rw !x
signature        0x0000000000840000 0x0000000000000400 rw !x
user_signatures  0x0000000000850000 0x0000000000000400 rw !x
*default*        0x0000000000000000 0xffffffffffffffff

Linker script and memory map

LOAD /usr/lib/gcc/avr/5.4.0/../../../avr/lib/avr5/crtatmega32.o
LOAD ./Clock.o
LOAD ./DIO_Program.o
LOAD ./KBD_program.o
LOAD ./LCD_program.o
LOAD ./croutine.o
LOAD ./event_groups.o
LOAD ./heap_1.o
LOAD ./list.o
LOAD ./main.o
LOAD ./port.o
LOAD ./queue.o
LOAD ./tasks.o
LOAD ./timers.o
START GROUP
LOAD /usr/lib/gcc/avr/5.4.0/avr5/libgcc.a
LOAD /usr/lib/gcc/avr/5.4.0/../../../avr/lib/avr5/libm.a
LOAD /usr/lib/gcc/avr/5.4.0/../../../avr/lib/avr5/libc.a
LOAD /usr/lib/gcc/avr/5.4.0/../../../avr/lib/avr5/libatmega32.a
END GROUP
                0x0000000000020000                __TEXT_REGION_LENGTH__ = DEFINED (__TEXT_REGION_LENGTH__)?__TEXT_REGION_LENGTH__:0x20000
                0x000000000000ffa0                __DATA_REGION_LENGTH__ = DEFINED (__DATA_REGION_LENGTH__)?__DATA_REGION_LENGTH__:0xffa0
                0x0000000000010000                __EEPROM_REGION_LENGTH__ = DEFINED (__EEPROM_REGION_LENGTH__)?__EEPROM_REGION_LENGTH__:0x10000
                [0x0000000000000002]                __FUSE_REGION_LENGTH__ = DEFINED (__FUSE_REGION_LENGTH__)?__FUSE_REGION_LENGTH__:0x400
                0x0000000000000400                __LOCK_REGION_LENGTH__ = DEFINED (__LOCK_REGION_LENGTH__)?__LOCK_REGION_LENGTH__:0x400
                0x0000000000000400                __SIGNATURE_REGION_LENGTH__ = DEFINED (__SIGNATURE_REGION_LENGTH__)?__SIGNATURE_REGION_LENGTH__:0x400
                0x0000000000000400                __USER_SIGNATURE_REGION_LENGTH__ = DEFINED (__USER_SIGNATURE_REGION_LENGTH__)?__USER_SIGNATURE_REGION_LENGTH__:0x400

.hash
 *(.hash)

.dynsym
 *(.dynsym)

.dynstr
 *(.dynstr)

.gnu.version
 *(.gnu.version)

.gnu.version_d
 *(.gnu.version_d)

.gnu.version_r
 *(.gnu.version_r)

.rel.init
 *(.rel.init)

.rela.init
 *(.rela.init)

.rel.text
 *(.rel.text)
 *(.rel.text.*)
 *(.rel.gnu.linkonce.t*)

.rela.text
 *(.rela.text)
 *(.rela.text.*)
 *(.rela.gnu.linkonce.t*)

.rel.fini
 *(.rel.fini)

.rela.fini
 *(.rela.fini)

.rel.rodata
 *(.rel.rodata)
 *(.rel.rodata.*)
 *(.rel.gnu.linkonce.r*)

.rela.rodata
 *(.rela.rodata)
 *(.rela.rodata.*)
 *(.rela.gnu.linkonce.r*)

.rel.data
 *(.rel.data)
 *(.rel.data.*)
 *(.rel.gnu.linkonce.d*)

.rela.data
 *(.rela.data)
 *(.rela.data.*)
 *(.rela.gnu.linkonce.d*)

.rel.ctors
 *(.rel.ctors)

.rela.ctors
 *(.rela.ctors)

.rel.dtors
 *(.rel.dtors)

.rela.dtors
 *(.rela.dtors)

.rel.got
 *(.rel.got)

.rela.got
 *(.rela.got)

.rel.bss
 *(.rel.bss)

.rela.bss
 *(.rela.bss)

.rel.plt
 *(.rel.plt)

.rela.plt
 *(.rela.plt)

.text           0x0000000000000000     0x3302
 *(.vectors)
 .vectors       0x0000000000000000       0x54 /usr/lib/gcc/avr/5.4.0/../../../avr/lib/avr5/crtatmega32.o
                0x0000000000000000                __vectors
                0x0000000000000000                __vector_default
 *(.vectors)
 *(.progmem.gcc*)
                0x0000000000000054                . = ALIGN (0x2)
                0x0000000000000054                __trampolines_start = .
 *(.trampolines)
 .trampolines   0x0000000000000054        0x0 linker stubs
 *(.trampolines*)
                0x0000000000000054                __trampolines_end = .
 *libprintf_flt.a:*(.progmem.data)
 *libc.a:*(.progmem.data)
 *(.progmem*)
                0x0000000000000054                . = ALIGN (0x2)
 *(.jumptables)
 *(.jumptables*)
 *(.lowtext)
 *(.lowtext*)
                0x0000000000000054                __ctors_start = .
 *(.ctors)
                0x0000000000000054                __ctors_end = .
                0x0000000000000054                __dtors_start = .
 *(.dtors)
                0x0000000000000054                __dtors_end = .
 SORT(*)(.ctors)
 SORT(*)(.dtors)
 *(.init0)
 .init0         0x0000000000000054        0x0 /usr/lib/gcc/avr/5.4.0/../../../avr/lib/avr5/crtatmega32.o
                0x0000000000000054                __init
 *(.init0)
 *(.init1)
 *(.init1)
 *(.init2)
 .init2         0x0000000000000054        0xc /usr/lib/gcc/avr/5.4.0/../../../avr/lib/avr5/crtatmega32.o
 *(.init2)
 *(.init3)
 *(.init3)
 *(.init4)
 .init4         0x0000000000000060       0x16 /usr/lib/gcc/avr/5.4.0/avr5/libgcc.a(_copy_data.o)
                0x0000000000000060                __do_copy_data
 .init4         0x0000000000000076       0x10 /usr/lib/gcc/avr/5.4.0/avr5/libgcc.a(_clear_bss.o)
                0x0000000000000076                __do_clear_bss
 *(.init4)
 *(.init5)
 *(.init5)
 *(.init6)
 *(.init6)
 *(.init7)
 *(.init7)
 *(.init8)
 *(.init8)
 *(.init9)
 .init9         0x0000000000000086        0x8 /usr/lib/gcc/avr/5.4.0/../../../avr/lib/avr5/crtatmega32.o
 *(.init9)
 *(.text)
 .text          0x000000000000008e        0x4 /usr/lib/gcc/avr/5.4.0/../../../avr/lib/avr5/crtatmega32.o
                0x000000000000008e                __vector_1
                0x000000000000008e                __vector_12
                0x000000000000008e                __bad_interrupt
                0x000000000000008e                __vector_6
                0x000000000000008e                __vector_3
                0x000000000000008e                __vector_11
                0x000000000000008e                __vector_13
                0x000000000000008e                __vector_17
                0x000000000000008e                __vector_19
                0x000000000000008e                __vector_5
                0x000000000000008e                __vector_4
                0x000000000000008e                __vector_9
                0x000000000000008e                __vector_2
                0x000000000000008e                __vector_15
                0x000000000000008e                __vector_8
                0x000000000000008e                __vector_14
                0x000000000000008e                __vector_10
                0x000000000000008e                __vector_16
                0x000000000000008e                __vector_18
                0x000000000000008e                __vector_20
 .text          0x0000000000000092        0x0 ./Clock.o
 .text          0x0000000000000092        0x0 ./DIO_Program.o
 .text          0x0000000000000092        0x0 ./KBD_program.o
 .text          0x0000000000000092        0x0 ./LCD_program.o
 .text          0x0000000000000092        0x0 ./croutine.o
 .text          0x0000000000000092        0x0 ./event_groups.o
 .text          0x0000000000000092        0x0 ./heap_1.o
 .text          0x0000000000000092        0x0 ./list.o
 .text          0x0000000000000092        0x0 ./main.o
 .text          0x0000000000000092        0x0 ./port.o
 .text          0x0000000000000092        0x0 ./queue.o
 .text          0x0000000000000092        0x0 ./tasks.o
 .text          0x0000000000000092        0x0 ./timers.o
 .text          0x0000000000000092        0x0 /usr/lib/gcc/avr/5.4.0/avr5/libgcc.a(_udivmodqi4.o)
 .text          0x0000000000000092        0x0 /usr/lib/gcc/avr/5.4.0/avr5/libgcc.a(_udivmodhi4.o)
 .text          0x0000000000000092        0x0 /usr/lib/gcc/avr/5.4.0/avr5/libgcc.a(_divmodhi4.o)
 .text          0x0000000000000092        0x0 /usr/lib/gcc/avr/5.4.0/avr5/libgcc.a(_exit.o)
 .text          0x0000000000000092        0x0 /usr/lib/gcc/avr/5.4.0/avr5/libgcc.a(_copy_data.o)
 .text          0x0000000000000092        0x0 /usr/lib/gcc/avr/5.4.0/avr5/libgcc.a(_clear_bss.o)
 .text          0x0000000000000092        0x0 /usr/lib/gcc/avr/5.4.0/../../../avr/lib/avr5/libc.a(memcpy.o)
                0x0000000000000092                . = ALIGN (0x2)
 *(.text.*)
 .text.Clock_Hours
                0x0000000000000092       0xc2 ./Clock.o
                0x0000000000000092                Clock_Hours
 .text.Clock_Print_Default_Interface
                0x0000000000000154       0x5e ./Clock.o
                0x0000000000000154                Clock_Print_Default_Interface
 .text.Clock_Second
                0x00000000000001b2       0x78 ./Clock.o
                0x00000000000001b2                Clock_Second
 .text.Clock_Check_KPD
                0x000000000000022a       0x64 ./Clock.o
                0x000000000000022a                Clock_Check_KPD
 .text.Clock_Typing_Right_Arrow
                0x000000000000028e       0x4c ./Clock.o
                0x000000000000028e                Clock_Typing_Right_Arrow
 .text.Clock_Typing_Left_Arrow
                0x00000000000002da       0x52 ./Clock.o
                0x00000000000002da                Clock_Typing_Left_Arrow
 .text.Clock_Typing_Up_Arrow
                0x000000000000032c       0x4c ./Clock.o
                0x000000000000032c                Clock_Typing_Up_Arrow
 .text.Clock_Typing_Number
                0x0000000000000378      0x120 ./Clock.o
                0x0000000000000378                Clock_Typing_Number
 .text.Clock_Typing_Exit
                0x0000000000000498       0xe6 ./Clock.o
                0x0000000000000498                Clock_Typing_Exit
 .text.Clock_Typing_Enter
                0x000000000000057e       0x5e ./Clock.o
                0x000000000000057e                Clock_Typing_Enter
 .text.Clock_Alarm
                0x00000000000005dc       0x1a ./Clock.o
                0x00000000000005dc                Clock_Alarm
 .text.Clock_Minute
                0x00000000000005f6       0xb8 ./Clock.o
                0x00000000000005f6                Clock_Minute
 .text.Clock_Typing_Mode
                0x00000000000006ae      0x16a ./Clock.o
                0x00000000000006ae                Clock_Typing_Mode
 .text.DIO_voidInitialize
                0x0000000000000818        0xa ./DIO_Program.o
                0x0000000000000818                DIO_voidInitialize
 .text.DIO_u8SetPinDirection
                0x0000000000000822       0xe2 ./DIO_Program.o
                0x0000000000000822                DIO_u8SetPinDirection
 .text.DIO_u8SetPinValue
                0x0000000000000904       0xe2 ./DIO_Program.o
                0x0000000000000904                DIO_u8SetPinValue
 .text.DIO_u8SetPortDirection
                0x00000000000009e6       0x26 ./DIO_Program.o
                0x00000000000009e6                DIO_u8SetPortDirection
 .text.DIO_u8SetPortValue
                0x0000000000000a0c       0x26 ./DIO_Program.o
                0x0000000000000a0c                DIO_u8SetPortValue
 .text.DIO_u8GetPinValue
                0x0000000000000a32       0x42 ./DIO_Program.o
                0x0000000000000a32                DIO_u8GetPinValue
 .text.DIO_u8GetPortValue
                0x0000000000000a74       0x2a ./DIO_Program.o
                0x0000000000000a74                DIO_u8GetPortValue
 .text.KBD_u8GetKeyPadState
                0x0000000000000a9e       0xbc ./KBD_program.o
                0x0000000000000a9e                KBD_u8GetKeyPadState
 .text.KBD_u8Initialize
                0x0000000000000b5a      0x172 ./KBD_program.o
                0x0000000000000b5a                KBD_u8Initialize
 .text.KBD_keys_map
                0x0000000000000ccc       0x20 ./KBD_program.o
                0x0000000000000ccc                KBD_keys_map
 .text.LCD_Void_Write
                0x0000000000000cec       0x8a ./LCD_program.o
 .text.LCD_Void_Write_Cmd
                0x0000000000000d76       0x14 ./LCD_program.o
                0x0000000000000d76                LCD_Void_Write_Cmd
 .text.LCD_Void_Write_Data
                0x0000000000000d8a       0x14 ./LCD_program.o
                0x0000000000000d8a                LCD_Void_Write_Data
 .text.LCD_Void_Write_String
                0x0000000000000d9e       0x3e ./LCD_program.o
                0x0000000000000d9e                LCD_Void_Write_String
 .text.LCD_Void_Clear
                0x0000000000000ddc        0x6 ./LCD_program.o
                0x0000000000000ddc                LCD_Void_Clear
 .text.LCD_Void_Write_Blinking_String
                0x0000000000000de2       0x38 ./LCD_program.o
                0x0000000000000de2                LCD_Void_Write_Blinking_String
 .text.LCD_Set_Block
                0x0000000000000e1a        0xe ./LCD_program.o
                0x0000000000000e1a                LCD_Set_Block
 .text.LCD_Void_Write_Moving_String
                0x0000000000000e28       0x4e ./LCD_program.o
                0x0000000000000e28                LCD_Void_Write_Moving_String
 .text.LCD_Void_Write_CGRAM
                0x0000000000000e76       0x38 ./LCD_program.o
                0x0000000000000e76                LCD_Void_Write_CGRAM
 .text.LCD_initialize
                0x0000000000000eae       0xbe ./LCD_program.o
                0x0000000000000eae                LCD_initialize
 .text.LCD_Void_Write_Number
                0x0000000000000f6c       0x72 ./LCD_program.o
                0x0000000000000f6c                LCD_Void_Write_Number
 .text.LCD_Void_Write_Number_2
                0x0000000000000fde       0x1a ./LCD_program.o
                0x0000000000000fde                LCD_Void_Write_Number_2
 .text.LCD_Void_Write_Number_1
                0x0000000000000ff8        0x6 ./LCD_program.o
                0x0000000000000ff8                LCD_Void_Write_Number_1
 .text.xEventGroupCreate
                0x0000000000000ffe       0x26 ./event_groups.o
                0x0000000000000ffe                xEventGroupCreate
 .text.xEventGroupWaitBits
                0x0000000000001024       0xf0 ./event_groups.o
                0x0000000000001024                xEventGroupWaitBits
 .text.xEventGroupClearBits
                0x0000000000001114       0x1e ./event_groups.o
                0x0000000000001114                xEventGroupClearBits
 .text.xEventGroupGetBitsFromISR
                0x0000000000001132        0x8 ./event_groups.o
                0x0000000000001132                xEventGroupGetBitsFromISR
 .text.xEventGroupSetBits
                0x000000000000113a       0xaa ./event_groups.o
                0x000000000000113a                xEventGroupSetBits
 .text.xEventGroupSync
                0x00000000000011e4       0xd6 ./event_groups.o
                0x00000000000011e4                xEventGroupSync
 .text.vEventGroupDelete
                0x00000000000012ba       0x2c ./event_groups.o
                0x00000000000012ba                vEventGroupDelete
 .text.vEventGroupSetBitsCallback
                0x00000000000012e6        0x6 ./event_groups.o
                0x00000000000012e6                vEventGroupSetBitsCallback
 .text.vEventGroupClearBitsCallback
                0x00000000000012ec        0x6 ./event_groups.o
                0x00000000000012ec                vEventGroupClearBitsCallback
 .text.pvPortMalloc
                0x00000000000012f2       0x64 ./heap_1.o
                0x00000000000012f2                pvPortMalloc
 .text.vPortFree
                0x0000000000001356        0x2 ./heap_1.o
                0x0000000000001356                vPortFree
 .text.vPortInitialiseBlocks
                0x0000000000001358        0xa ./heap_1.o
                0x0000000000001358                vPortInitialiseBlocks
 .text.xPortGetFreeHeapSize
                0x0000000000001362       0x12 ./heap_1.o
                0x0000000000001362                xPortGetFreeHeapSize
 .text.vListInitialise
                0x0000000000001374       0x1c ./list.o
                0x0000000000001374                vListInitialise
 .text.vListInitialiseItem
                0x0000000000001390        0x8 ./list.o
                0x0000000000001390                vListInitialiseItem
 .text.vListInsertEnd
                0x0000000000001398       0x42 ./list.o
                0x0000000000001398                vListInsertEnd
 .text.vListInsert
                0x00000000000013da       0x70 ./list.o
                0x00000000000013da                vListInsert
 .text.uxListRemove
                0x000000000000144a       0x48 ./list.o
                0x000000000000144a                uxListRemove
 .text.startup.main
                0x0000000000001492       0x6a ./main.o
                0x0000000000001492                main
 .text.pxPortInitialiseStack
                0x00000000000014fc       0xd8 ./port.o
                0x00000000000014fc                pxPortInitialiseStack
 .text.xPortStartScheduler
                0x00000000000015d4       0x6c ./port.o
                0x00000000000015d4                xPortStartScheduler
 .text.vPortEndScheduler
                0x0000000000001640        0x2 ./port.o
                0x0000000000001640                vPortEndScheduler
 .text.vPortYield
                0x0000000000001642       0xb2 ./port.o
                0x0000000000001642                vPortYield
 .text.vPortYieldFromTick
                0x00000000000016f4       0xb8 ./port.o
                0x00000000000016f4                vPortYieldFromTick
 .text.__vector_7
                0x00000000000017ac        0x6 ./port.o
                0x00000000000017ac                __vector_7
 .text.prvIsQueueEmpty
                0x00000000000017b2       0x16 ./queue.o
 .text.prvCopyDataToQueue
                0x00000000000017c8       0xa6 ./queue.o
 .text.prvCopyDataFromQueue
                0x000000000000186e       0x34 ./queue.o
 .text.prvUnlockQueue
                0x00000000000018a2       0x7c ./queue.o
 .text.xQueueGenericReset
                0x000000000000191e       0x7e ./queue.o
                0x000000000000191e                xQueueGenericReset
 .text.xQueueGenericCreate
                0x000000000000199c       0x50 ./queue.o
                0x000000000000199c                xQueueGenericCreate
 .text.xQueueGenericSend
                0x00000000000019ec      0x12c ./queue.o
                0x00000000000019ec                xQueueGenericSend
 .text.xQueueCreateMutex
                0x0000000000001b18       0x34 ./queue.o
                0x0000000000001b18                xQueueCreateMutex
 .text.xQueueGenericSendFromISR
                0x0000000000001b4c       0x5e ./queue.o
                0x0000000000001b4c                xQueueGenericSendFromISR
 .text.xQueueGiveFromISR
                0x0000000000001baa       0x46 ./queue.o
                0x0000000000001baa                xQueueGiveFromISR
 .text.xQueueReceive
                0x0000000000001bf0      0x124 ./queue.o
                0x0000000000001bf0                xQueueReceive
 .text.xQueueSemaphoreTake
                0x0000000000001d14      0x184 ./queue.o
                0x0000000000001d14                xQueueSemaphoreTake
 .text.xQueuePeek
                0x0000000000001e98      0x124 ./queue.o
                0x0000000000001e98                xQueuePeek
 .text.xQueueReceiveFromISR
                0x0000000000001fbc       0x5e ./queue.o
                0x0000000000001fbc                xQueueReceiveFromISR
 .text.xQueuePeekFromISR
                0x000000000000201a       0x2e ./queue.o
                0x000000000000201a                xQueuePeekFromISR
 .text.uxQueueMessagesWaiting
                0x0000000000002048       0x10 ./queue.o
                0x0000000000002048                uxQueueMessagesWaiting
 .text.uxQueueSpacesAvailable
                0x0000000000002058       0x14 ./queue.o
                0x0000000000002058                uxQueueSpacesAvailable
 .text.uxQueueMessagesWaitingFromISR
                0x000000000000206c        0x6 ./queue.o
                0x000000000000206c                uxQueueMessagesWaitingFromISR
 .text.vQueueDelete
                0x0000000000002072        0x4 ./queue.o
                0x0000000000002072                vQueueDelete
 .text.xQueueIsQueueEmptyFromISR
                0x0000000000002076        0xc ./queue.o
                0x0000000000002076                xQueueIsQueueEmptyFromISR
 .text.xQueueIsQueueFullFromISR
                0x0000000000002082        0xe ./queue.o
                0x0000000000002082                xQueueIsQueueFullFromISR
 .text.prvResetNextTaskUnblockTime
                0x0000000000002090       0x36 ./tasks.o
 .text.prvAddCurrentTaskToDelayedList
                0x00000000000020c6       0xb8 ./tasks.o
 .text.prvIdleTask
                0x000000000000217e       0x58 ./tasks.o
 .text.xTaskCreate
                0x00000000000021d6      0x204 ./tasks.o
                0x00000000000021d6                xTaskCreate
 .text.vTaskDelete
                0x00000000000023da       0xaa ./tasks.o
                0x00000000000023da                vTaskDelete
 .text.vTaskResume
                0x0000000000002484       0x8e ./tasks.o
                0x0000000000002484                vTaskResume
 .text.xTaskResumeFromISR
                0x0000000000002512       0x90 ./tasks.o
                0x0000000000002512                xTaskResumeFromISR
 .text.vTaskStartScheduler
                0x00000000000025a2       0x54 ./tasks.o
                0x00000000000025a2                vTaskStartScheduler
 .text.vTaskEndScheduler
                0x00000000000025f6        0xa ./tasks.o
                0x00000000000025f6                vTaskEndScheduler
 .text.vTaskSuspendAll
                0x0000000000002600        0xc ./tasks.o
                0x0000000000002600                vTaskSuspendAll
 .text.xTaskGetTickCount
                0x000000000000260c       0x14 ./tasks.o
                0x000000000000260c                xTaskGetTickCount
 .text.xTaskGetTickCountFromISR
                0x0000000000002620        0xa ./tasks.o
                0x0000000000002620                xTaskGetTickCountFromISR
 .text.uxTaskGetNumberOfTasks
                0x000000000000262a        0x6 ./tasks.o
                0x000000000000262a                uxTaskGetNumberOfTasks
 .text.pcTaskGetName
                0x0000000000002630       0x10 ./tasks.o
                0x0000000000002630                pcTaskGetName
 .text.xTaskIncrementTick
                0x0000000000002640      0x158 ./tasks.o
                0x0000000000002640                xTaskIncrementTick
 .text.xTaskResumeAll
                0x0000000000002798       0xde ./tasks.o
                0x0000000000002798                xTaskResumeAll
 .text.vTaskDelayUntil
                0x0000000000002876       0x70 ./tasks.o
                0x0000000000002876                vTaskDelayUntil
 .text.vTaskDelay
                0x00000000000028e6       0x2a ./tasks.o
                0x00000000000028e6                vTaskDelay
 .text.vTaskSwitchContext
                0x0000000000002910       0x86 ./tasks.o
                0x0000000000002910                vTaskSwitchContext
 .text.vTaskSuspend
                0x0000000000002996       0xac ./tasks.o
                0x0000000000002996                vTaskSuspend
 .text.vTaskPlaceOnEventList
                0x0000000000002a42       0x22 ./tasks.o
                0x0000000000002a42                vTaskPlaceOnEventList
 .text.vTaskPlaceOnUnorderedEventList
                0x0000000000002a64       0x30 ./tasks.o
                0x0000000000002a64                vTaskPlaceOnUnorderedEventList
 .text.xTaskRemoveFromEventList
                0x0000000000002a94       0x80 ./tasks.o
                0x0000000000002a94                xTaskRemoveFromEventList
 .text.vTaskRemoveFromUnorderedEventList
                0x0000000000002b14       0x64 ./tasks.o
                0x0000000000002b14                vTaskRemoveFromUnorderedEventList
 .text.vTaskSetTimeOutState
                0x0000000000002b78       0x20 ./tasks.o
                0x0000000000002b78                vTaskSetTimeOutState
 .text.vTaskInternalSetTimeOutState
                0x0000000000002b98       0x16 ./tasks.o
                0x0000000000002b98                vTaskInternalSetTimeOutState
 .text.xTaskCheckForTimeOut
                0x0000000000002bae       0x66 ./tasks.o
                0x0000000000002bae                xTaskCheckForTimeOut
 .text.vTaskMissedYield
                0x0000000000002c14        0x8 ./tasks.o
                0x0000000000002c14                vTaskMissedYield
 .text.xTaskGetCurrentTaskHandle
                0x0000000000002c1c        0xa ./tasks.o
                0x0000000000002c1c                xTaskGetCurrentTaskHandle
 .text.xTaskPriorityInherit
                0x0000000000002c26       0xc6 ./tasks.o
                0x0000000000002c26                xTaskPriorityInherit
 .text.xTaskPriorityDisinherit
                0x0000000000002cec       0x74 ./tasks.o
                0x0000000000002cec                xTaskPriorityDisinherit
 .text.vTaskPriorityDisinheritAfterTimeout
                0x0000000000002d60       0x8e ./tasks.o
                0x0000000000002d60                vTaskPriorityDisinheritAfterTimeout
 .text.uxTaskResetEventItemValue
                0x0000000000002dee       0x2e ./tasks.o
                0x0000000000002dee                uxTaskResetEventItemValue
 .text.pvTaskIncrementMutexHeldCount
                0x0000000000002e1c       0x24 ./tasks.o
                0x0000000000002e1c                pvTaskIncrementMutexHeldCount
 .text.ulTaskNotifyTake
                0x0000000000002e40       0xa2 ./tasks.o
                0x0000000000002e40                ulTaskNotifyTake
 .text.xTaskNotifyWait
                0x0000000000002ee2      0x110 ./tasks.o
                0x0000000000002ee2                xTaskNotifyWait
 .text.xTaskGenericNotify
                0x0000000000002ff2       0xd2 ./tasks.o
                0x0000000000002ff2                xTaskGenericNotify
 .text.xTaskGenericNotifyFromISR
                0x00000000000030c4       0xf4 ./tasks.o
                0x00000000000030c4                xTaskGenericNotifyFromISR
 .text.vTaskNotifyGiveFromISR
                0x00000000000031b8       0xa4 ./tasks.o
                0x00000000000031b8                vTaskNotifyGiveFromISR
 .text.xTaskNotifyStateClear
                0x000000000000325c       0x28 ./tasks.o
                0x000000000000325c                xTaskNotifyStateClear
 .text.libgcc.mul
                0x0000000000003284        0x0 /usr/lib/gcc/avr/5.4.0/avr5/libgcc.a(_udivmodqi4.o)
 .text.libgcc.div
                0x0000000000003284       0x18 /usr/lib/gcc/avr/5.4.0/avr5/libgcc.a(_udivmodqi4.o)
                0x0000000000003284                __udivmodqi4
 .text.libgcc   0x000000000000329c        0x0 /usr/lib/gcc/avr/5.4.0/avr5/libgcc.a(_udivmodqi4.o)
 .text.libgcc.prologue
                0x000000000000329c        0x0 /usr/lib/gcc/avr/5.4.0/avr5/libgcc.a(_udivmodqi4.o)
 .text.libgcc.builtins
                0x000000000000329c        0x0 /usr/lib/gcc/avr/5.4.0/avr5/libgcc.a(_udivmodqi4.o)
 .text.libgcc.fmul
                0x000000000000329c        0x0 /usr/lib/gcc/avr/5.4.0/avr5/libgcc.a(_udivmodqi4.o)
 .text.libgcc.fixed
                0x000000000000329c        0x0 /usr/lib/gcc/avr/5.4.0/avr5/libgcc.a(_udivmodqi4.o)
 .text.libgcc.mul
                0x000000000000329c        0x0 /usr/lib/gcc/avr/5.4.0/avr5/libgcc.a(_udivmodhi4.o)
 .text.libgcc.div
                0x000000000000329c       0x28 /usr/lib/gcc/avr/5.4.0/avr5/libgcc.a(_udivmodhi4.o)
                0x000000000000329c                __udivmodhi4
 .text.libgcc   0x00000000000032c4        0x0 /usr/lib/gcc/avr/5.4.0/avr5/libgcc.a(_udivmodhi4.o)
 .text.libgcc.prologue
                0x00000000000032c4        0x0 /usr/lib/gcc/avr/5.4.0/avr5/libgcc.a(_udivmodhi4.o)
 .text.libgcc.builtins
                0x00000000000032c4        0x0 /usr/lib/gcc/avr/5.4.0/avr5/libgcc.a(_udivmodhi4.o)
 .text.libgcc.fmul
                0x00000000000032c4        0x0 /usr/lib/gcc/avr/5.4.0/avr5/libgcc.a(_udivmodhi4.o)
 .text.libgcc.fixed
                0x00000000000032c4        0x0 /usr/lib/gcc/avr/5.4.0/avr5/libgcc.a(_udivmodhi4.o)
 .text.libgcc.mul
                0x00000000000032c4        0x0 /usr/lib/gcc/avr/5.4.0/avr5/libgcc.a(_divmodhi4.o)
 .text.libgcc.div
                0x00000000000032c4       0x28 /usr/lib/gcc/avr/5.4.0/avr5/libgcc.a(_divmodhi4.o)
                0x00000000000032c4                __divmodhi4
                0x00000000000032c4                _div
 .text.libgcc   0x00000000000032ec        0x0 /usr/lib/gcc/avr/5.4.0/avr5/libgcc.a(_divmodhi4.o)
 .text.libgcc.prologue
                0x00000000000032ec        0x0 /usr/lib/gcc/avr/5.4.0/avr5/libgcc.a(_divmodhi4.o)
 .text.libgcc.builtins
                0x00000000000032ec        0x0 /usr/lib/gcc/avr/5.4.0/avr5/libgcc.a(_divmodhi4.o)
 .text.libgcc.fmul
                0x00000000000032ec        0x0 /usr/lib/gcc/avr/5.4.0/avr5/libgcc.a(_divmodhi4.o)
 .text.libgcc.fixed
                0x00000000000032ec        0x0 /usr/lib/gcc/avr/5.4.0/avr5/libgcc.a(_divmodhi4.o)
 .text.libgcc.mul
                0x00000000000032ec        0x0 /usr/lib/gcc/avr/5.4.0/avr5/libgcc.a(_exit.o)
 .text.libgcc.div
                0x00000000000032ec        0x0 /usr/lib/gcc/avr/5.4.0/avr5/libgcc.a(_exit.o)
 .text.libgcc   0x00000000000032ec        0x0 /usr/lib/gcc/avr/5.4.0/avr5/libgcc.a(_exit.o)
 .text.libgcc.prologue
                0x00000000000032ec        0x0 /usr/lib/gcc/avr/5.4.0/avr5/libgcc.a(_exit.o)
 .text.libgcc.builtins
                0x00000000000032ec        0x0 /usr/lib/gcc/avr/5.4.0/avr5/libgcc.a(_exit.o)
 .text.libgcc.fmul
                0x00000000000032ec        0x0 /usr/lib/gcc/avr/5.4.0/avr5/libgcc.a(_exit.o)
 .text.libgcc.fixed
                0x00000000000032ec        0x0 /usr/lib/gcc/avr/5.4.0/avr5/libgcc.a(_exit.o)
 .text.libgcc.mul
                0x00000000000032ec        0x0 /usr/lib/gcc/avr/5.4.0/avr5/libgcc.a(_copy_data.o)
 .text.libgcc.div
                0x00000000000032ec        0x0 /usr/lib/gcc/avr/5.4.0/avr5/libgcc.a(_copy_data.o)
 .text.libgcc   0x00000000000032ec        0x0 /usr/lib/gcc/avr/5.4.0/avr5/libgcc.a(_copy_data.o)
 .text.libgcc.prologue
                0x00000000000032ec        0x0 /usr/lib/gcc/avr/5.4.0/avr5/libgcc.a(_copy_data.o)
 .text.libgcc.builtins
                0x00000000000032ec        0x0 /usr/lib/gcc/avr/5.4.0/avr5/libgcc.a(_copy_data.o)
 .text.libgcc.fmul
                0x00000000000032ec        0x0 /usr/lib/gcc/avr/5.4.0/avr5/libgcc.a(_copy_data.o)
 .text.libgcc.fixed
                0x00000000000032ec        0x0 /usr/lib/gcc/avr/5.4.0/avr5/libgcc.a(_copy_data.o)
 .text.libgcc.mul
                0x00000000000032ec        0x0 /usr/lib/gcc/avr/5.4.0/avr5/libgcc.a(_clear_bss.o)
 .text.libgcc.div
                0x00000000000032ec        0x0 /usr/lib/gcc/avr/5.4.0/avr5/libgcc.a(_clear_bss.o)
 .text.libgcc   0x00000000000032ec        0x0 /usr/lib/gcc/avr/5.4.0/avr5/libgcc.a(_clear_bss.o)
 .text.libgcc.prologue
                0x00000000000032ec        0x0 /usr/lib/gcc/avr/5.4.0/avr5/libgcc.a(_clear_bss.o)
 .text.libgcc.builtins
                0x00000000000032ec        0x0 /usr/lib/gcc/avr/5.4.0/avr5/libgcc.a(_clear_bss.o)
 .text.libgcc.fmul
                0x00000000000032ec        0x0 /usr/lib/gcc/avr/5.4.0/avr5/libgcc.a(_clear_bss.o)
 .text.libgcc.fixed
                0x00000000000032ec        0x0 /usr/lib/gcc/avr/5.4.0/avr5/libgcc.a(_clear_bss.o)
 .text.avr-libc
                0x00000000000032ec       0x12 /usr/lib/gcc/avr/5.4.0/../../../avr/lib/avr5/libc.a(memcpy.o)
                0x00000000000032ec                memcpy
                0x00000000000032fe                . = ALIGN (0x2)
 *(.fini9)
 .fini9         0x00000000000032fe        0x0 /usr/lib/gcc/avr/5.4.0/avr5/libgcc.a(_exit.o)
                0x00000000000032fe                exit
                0x00000000000032fe                _exit
 *(.fini9)
 *(.fini8)
 *(.fini8)
 *(.fini7)
 *(.fini7)
 *(.fini6)
 *(.fini6)
 *(.fini5)
 *(.fini5)
 *(.fini4)
 *(.fini4)
 *(.fini3)
 *(.fini3)
 *(.fini2)
 *(.fini2)
 *(.fini1)
 *(.fini1)
 *(.fini0)
 .fini0         0x00000000000032fe        0x4 /usr/lib/gcc/avr/5.4.0/avr5/libgcc.a(_exit.o)
 *(.fini0)
                0x0000000000003302                _etext = .

.data           0x0000000000800060       0x70 load address 0x0000000000003302
                0x0000000000800060                PROVIDE (__data_start, .)
 *(.data)
 .data          0x0000000000800060        0x0 /usr/lib/gcc/avr/5.4.0/../../../avr/lib/avr5/crtatmega32.o
 .data          0x0000000000800060        0x0 ./Clock.o
 .data          0x0000000000800060        0x0 ./DIO_Program.o
 .data          0x0000000000800060        0x0 ./KBD_program.o
 .data          0x0000000000800060        0x0 ./LCD_program.o
 .data          0x0000000000800060        0x0 ./croutine.o
 .data          0x0000000000800060        0x0 ./event_groups.o
 .data          0x0000000000800060        0x0 ./heap_1.o
 .data          0x0000000000800060        0x0 ./list.o
 .data          0x0000000000800060        0x0 ./main.o
 .data          0x0000000000800060        0x0 ./port.o
 .data          0x0000000000800060        0x0 ./queue.o
 .data          0x0000000000800060        0x0 ./tasks.o
 .data          0x0000000000800060        0x0 ./timers.o
 .data          0x0000000000800060        0x0 /usr/lib/gcc/avr/5.4.0/avr5/libgcc.a(_udivmodqi4.o)
 .data          0x0000000000800060        0x0 /usr/lib/gcc/avr/5.4.0/avr5/libgcc.a(_udivmodhi4.o)
 .data          0x0000000000800060        0x0 /usr/lib/gcc/avr/5.4.0/avr5/libgcc.a(_divmodhi4.o)
 .data          0x0000000000800060        0x0 /usr/lib/gcc/avr/5.4.0/avr5/libgcc.a(_exit.o)
 .data          0x0000000000800060        0x0 /usr/lib/gcc/avr/5.4.0/avr5/libgcc.a(_copy_data.o)
 .data          0x0000000000800060        0x0 /usr/lib/gcc/avr/5.4.0/avr5/libgcc.a(_clear_bss.o)
 .data          0x0000000000800060        0x0 /usr/lib/gcc/avr/5.4.0/../../../avr/lib/avr5/libc.a(memcpy.o)
 *(.data*)
 .data.KPD_Check_frequency
                0x0000000000800060        0x1 ./Clock.o
                0x0000000000800060                KPD_Check_frequency
 .data.key_map  0x0000000000800061       0x10 ./KBD_program.o
                0x0000000000800061                key_map
 *(.rodata)
 *(.rodata*)
 .rodata.str1.1
                0x0000000000800071       0x1d ./Clock.o
 .rodata.Pattern_Arrow
                0x000000000080008e        0x8 ./LCD_program.o
                0x000000000080008e                Pattern_Arrow
 .rodata.Pattern_AM
                0x0000000000800096        0x8 ./LCD_program.o
                0x0000000000800096                Pattern_AM
 .rodata.Pattern_Alarm
                0x000000000080009e        0x8 ./LCD_program.o
                0x000000000080009e                Pattern_Alarm
 .rodata.str1.1
                0x00000000008000a6       0x24 ./main.o
 .rodata.str1.1
                0x00000000008000ca        0x5 ./tasks.o
 *(.gnu.linkonce.d*)
                0x00000000008000d0                . = ALIGN (0x2)
 *fill*         0x00000000008000cf        0x1 
                0x00000000008000d0                _edata = .
                0x00000000008000d0                PROVIDE (__data_end, .)

.bss            0x00000000008000d0      0x669
                0x00000000008000d0                PROVIDE (__bss_start, .)
 *(.bss)
 .bss           0x00000000008000d0        0x0 /usr/lib/gcc/avr/5.4.0/../../../avr/lib/avr5/crtatmega32.o
 .bss           0x00000000008000d0        0x0 ./Clock.o
 .bss           0x00000000008000d0        0x0 ./DIO_Program.o
 .bss           0x00000000008000d0        0x0 ./KBD_program.o
 .bss           0x00000000008000d0        0x0 ./LCD_program.o
 .bss           0x00000000008000d0        0x0 ./croutine.o
 .bss           0x00000000008000d0        0x0 ./event_groups.o
 .bss           0x00000000008000d0        0x0 ./heap_1.o
 .bss           0x00000000008000d0        0x0 ./list.o
 .bss           0x00000000008000d0        0x0 ./main.o
 .bss           0x00000000008000d0        0x0 ./port.o
 .bss           0x00000000008000d0        0x0 ./queue.o
 .bss           0x00000000008000d0        0x0 ./tasks.o
 .bss           0x00000000008000d0        0x0 ./timers.o
 .bss           0x00000000008000d0        0x0 /usr/lib/gcc/avr/5.4.0/avr5/libgcc.a(_udivmodqi4.o)
 .bss           0x00000000008000d0        0x0 /usr/lib/gcc/avr/5.4.0/avr5/libgcc.a(_udivmodhi4.o)
 .bss           0x00000000008000d0        0x0 /usr/lib/gcc/avr/5.4.0/avr5/libgcc.a(_divmodhi4.o)
 .bss           0x00000000008000d0        0x0 /usr/lib/gcc/avr/5.4.0/avr5/libgcc.a(_exit.o)
 .bss           0x00000000008000d0        0x0 /usr/lib/gcc/avr/5.4.0/avr5/libgcc.a(_copy_data.o)
 .bss           0x00000000008000d0        0x0 /usr/lib/gcc/avr/5.4.0/avr5/libgcc.a(_clear_bss.o)
 .bss           0x00000000008000d0        0x0 /usr/lib/gcc/avr/5.4.0/../../../avr/lib/avr5/libc.a(memcpy.o)
 *(.bss*)
 .bss.Hours_handle
                0x00000000008000d0        0x2 ./Clock.o
                0x00000000008000d0                Hours_handle
 .bss.Minutes_handle
                0x00000000008000d2        0x2 ./Clock.o
                0x00000000008000d2                Minutes_handle
 .bss.minutes_adjusted
                0x00000000008000d4        0x2 ./Clock.o
                0x00000000008000d4                minutes_adjusted
 .bss.KPD_input
                0x00000000008000d6        0x2 ./Clock.o
                0x00000000008000d6                KPD_input
 .bss.AM_PM     0x00000000008000d8        0x1 ./Clock.o
                0x00000000008000d8                AM_PM
 .bss.Hours     0x00000000008000d9        0x1 ./Clock.o
                0x00000000008000d9                Hours
 .bss.Minutes   0x00000000008000da        0x1 ./Clock.o
                0x00000000008000da                Minutes
 .bss.Seconds   0x00000000008000db        0x1 ./Clock.o
                0x00000000008000db                Seconds
 .bss.pucAlignedHeap.2085
                0x00000000008000dc        0x2 ./heap_1.o
 .bss.xNextFreeByte
                0x00000000008000de        0x2 ./heap_1.o
 .bss.ucHeap    0x00000000008000e0      0x5dc ./heap_1.o
 .bss.uxSchedulerSuspended
                0x00000000008006bc        0x1 ./tasks.o
 .bss.xIdleTaskHandle
                0x00000000008006bd        0x2 ./tasks.o
 .bss.xNextTaskUnblockTime
                0x00000000008006bf        0x2 ./tasks.o
 .bss.uxTaskNumber
                0x00000000008006c1        0x1 ./tasks.o
 .bss.xNumOfOverflows
                0x00000000008006c2        0x1 ./tasks.o
 .bss.xYieldPending
                0x00000000008006c3        0x1 ./tasks.o
 .bss.uxPendedTicks
                0x00000000008006c4        0x1 ./tasks.o
 .bss.xSchedulerRunning
                0x00000000008006c5        0x1 ./tasks.o
 .bss.uxTopReadyPriority
                0x00000000008006c6        0x1 ./tasks.o
 .bss.xTickCount
                0x00000000008006c7        0x2 ./tasks.o
 .bss.uxCurrentNumberOfTasks
                0x00000000008006c9        0x1 ./tasks.o
 .bss.xSuspendedTaskList
                0x00000000008006ca        0x9 ./tasks.o
 .bss.uxDeletedTasksWaitingCleanUp
                0x00000000008006d3        0x1 ./tasks.o
 .bss.xTasksWaitingTermination
                0x00000000008006d4        0x9 ./tasks.o
 .bss.xPendingReadyList
                0x00000000008006dd        0x9 ./tasks.o
 .bss.pxOverflowDelayedTaskList
                0x00000000008006e6        0x2 ./tasks.o
 .bss.pxDelayedTaskList
                0x00000000008006e8        0x2 ./tasks.o
 .bss.xDelayedTaskList2
                0x00000000008006ea        0x9 ./tasks.o
 .bss.xDelayedTaskList1
                0x00000000008006f3        0x9 ./tasks.o
 .bss.pxReadyTasksLists
                0x00000000008006fc       0x2d ./tasks.o
 .bss.pxCurrentTCB
                0x0000000000800729        0x2 ./tasks.o
                0x0000000000800729                pxCurrentTCB
 *(COMMON)
 COMMON         0x000000000080072b        0x6 ./Clock.o
                0x000000000080072b                Alarm_AM_PM
                0x000000000080072c                Alarm_Hours
                0x000000000080072d                flags
                0x000000000080072e                LCD
                0x0000000000800730                Alarm_Minutes
 COMMON         0x0000000000800731        0x8 ./KBD_program.o
                0x0000000000800731                KBD_Au8ColsPins
                0x0000000000800735                KBD_Au8RowsPins
                0x0000000000800739                PROVIDE (__bss_end, .)
                0x0000000000003302                __data_load_start = LOADADDR (.data)
                0x0000000000003372                __data_load_end = (__data_load_start + SIZEOF (.data))

.noinit         0x0000000000800739        0x0
                [!provide]                        PROVIDE (__noinit_start, .)
 *(.noinit*)
                [!provide]                        PROVIDE (__noinit_end, .)
                0x0000000000800739                _end = .
                [!provide]                        PROVIDE (__heap_start, .)

.eeprom         0x0000000000810000        0x0
 *(.eeprom*)
                0x0000000000810000                __eeprom_end = .

.fuse
 *(.fuse)
 *(.lfuse)
 *(.hfuse)
 *(.efuse)

.lock
 *(.lock*)

.signature
 *(.signature*)

.user_signatures
 *(.user_signatures*)

.stab
 *(.stab)

.stabstr
 *(.stabstr)

.stab.excl
 *(.stab.excl)

.stab.exclstr
 *(.stab.exclstr)

.stab.index
 *(.stab.index)

.stab.indexstr
 *(.stab.indexstr)

.comment        0x0000000000000000       0x11
 *(.comment)
 .comment       0x0000000000000000       0x11 ./Clock.o
                                         0x12 (size before relaxing)
 .comment       0x0000000000000011       0x12 ./DIO_Program.o
 .comment       0x0000000000000011       0x12 ./KBD_program.o
 .comment       0x0000000000000011       0x12 ./LCD_program.o
 .comment       0x0000000000000011       0x12 ./croutine.o
 .comment       0x0000000000000011       0x12 ./event_groups.o
 .comment       0x0000000000000011       0x12 ./heap_1.o
 .comment       0x0000000000000011       0x12 ./list.o
 .comment       0x0000000000000011       0x12 ./main.o
 .comment       0x0000000000000011       0x12 ./port.o
 .comment       0x0000000000000011       0x12 ./queue.o
 .comment       0x0000000000000011       0x12 ./tasks.o
 .comment       0x0000000000000011       0x12 ./timers.o

.note.gnu.avr.deviceinfo
                0x0000000000000000       0x3c
 .note.gnu.avr.deviceinfo
                0x0000000000000000       0x3c /usr/lib/gcc/avr/5.4.0/../../../avr/lib/avr5/crtatmega32.o

.note.gnu.build-id
 *(.note.gnu.build-id)

.debug
 *(.debug)

.line
 *(.line)

.debug_srcinfo
 *(.debug_srcinfo)

.debug_sfnames
 *(.debug_sfnames)

.debug_aranges
 *(.debug_aranges)

.debug_pubnames
 *(.debug_pubnames)

.debug_info     0x0000000000000000      0x4e6
 *(.debug_info .gnu.linkonce.wi.*)
 .debug_info    0x0000000000000000      0x4e6 /usr/lib/gcc/avr/5.4.0/../../../avr/lib/avr5/crtatmega32.o

.debug_abbrev   0x0000000000000000      0x4a3
 *(.debug_abbrev)
 .debug_abbrev  0x0000000000000000      0x4a3 /usr/lib/gcc/avr/5.4.0/../../../avr/lib/avr5/crtatmega32.o

.debug_line     0x0000000000000000       0x1a
 *(.debug_line .debug_line.* .debug_line_end)
 .debug_line    0x0000000000000000       0x1a /usr/lib/gcc/avr/5.4.0/../../../avr/lib/avr5/crtatmega32.o

.debug_frame
 *(.debug_frame)

.debug_str      0x0000000000000000      0x196
 *(.debug_str)
 .debug_str     0x0000000000000000      0x196 /usr/lib/gcc/avr/5.4.0/../../../avr/lib/avr5/crtatmega32.o

.debug_loc
 *(.debug_loc)

.debug_macinfo
 *(.debug_macinfo)

.debug_weaknames
 *(.debug_weaknames)

.debug_funcnames
 *(.debug_funcnames)

.debug_typenames
 *(.debug_typenames)

.debug_varnames
 *(.debug_varnames)

.debug_pubtypes
 *(.debug_pubtypes)

.debug_ranges
 *(.debug_ranges)

.debug_macro
 *(.debug_macro)
OUTPUT(Home_Clock.elf elf32-avr)
LOAD linker stubs
