Archive member included to satisfy reference by file (symbol)

/usr/lib/gcc/avr/5.4.0/avr5/libgcc.a(_udivmodqi4.o)
                              ./Clock.o (__udivmodqi4)
/usr/lib/gcc/avr/5.4.0/avr5/libgcc.a(_udivmodhi4.o)
                              ./LCD_program.o (__udivmodhi4)
/usr/lib/gcc/avr/5.4.0/avr5/libgcc.a(_divmodhi4.o)
                              ./Clock.o (__divmodhi4)
/usr/lib/gcc/avr/5.4.0/avr5/libgcc.a(_exit.o)
                              /usr/lib/gcc/avr/5.4.0/../../../avr/lib/avr5/crtatmega32.o (exit)
/usr/lib/gcc/avr/5.4.0/avr5/libgcc.a(_tablejump2.o)
                              ./timers.o (__tablejump2__)
/usr/lib/gcc/avr/5.4.0/avr5/libgcc.a(_copy_data.o)
                              ./Clock.o (__do_copy_data)
/usr/lib/gcc/avr/5.4.0/avr5/libgcc.a(_clear_bss.o)
                              ./Clock.o (__do_clear_bss)
/usr/lib/gcc/avr/5.4.0/../../../avr/lib/avr5/libc.a(memcpy.o)
                              ./queue.o (memcpy)

Allocating common symbols
Common symbol       size              file

KBD_Au8ColsPins     0x4               ./KBD_program.o
KBD_Au8RowsPins     0x4               ./KBD_program.o
Debounce_Timer      0x2               ./Clock.o
LCD                 0x2               ./Clock.o
KPD_INT_Timer       0x2               ./Clock.o

Memory Configuration

Name             Origin             Length             Attributes
text             0x0000000000000000 0x0000000000020000 xr
data             0x0000000000800060 0x000000000000ffa0 rw !x
eeprom           0x0000000000810000 0x0000000000010000 rw !x
fuse             0x0000000000820000 0x0000000000000002 rw !x
lock             0x0000000000830000 0x0000000000000400 rw !x
signature        0x0000000000840000 0x0000000000000400 rw !x
user_signatures  0x0000000000850000 0x0000000000000400 rw !x
*default*        0x0000000000000000 0xffffffffffffffff

Linker script and memory map

LOAD /usr/lib/gcc/avr/5.4.0/../../../avr/lib/avr5/crtatmega32.o
LOAD ./Clock.o
LOAD ./DIO_Program.o
LOAD ./EXTI_program.o
LOAD ./KBD_program.o
LOAD ./LCD_program.o
LOAD ./croutine.o
LOAD ./event_groups.o
LOAD ./heap_1.o
LOAD ./list.o
LOAD ./main.o
LOAD ./port.o
LOAD ./queue.o
LOAD ./tasks.o
LOAD ./timers.o
START GROUP
LOAD /usr/lib/gcc/avr/5.4.0/avr5/libgcc.a
LOAD /usr/lib/gcc/avr/5.4.0/../../../avr/lib/avr5/libm.a
LOAD /usr/lib/gcc/avr/5.4.0/../../../avr/lib/avr5/libc.a
LOAD /usr/lib/gcc/avr/5.4.0/../../../avr/lib/avr5/libatmega32.a
END GROUP
                0x0000000000020000                __TEXT_REGION_LENGTH__ = DEFINED (__TEXT_REGION_LENGTH__)?__TEXT_REGION_LENGTH__:0x20000
                0x000000000000ffa0                __DATA_REGION_LENGTH__ = DEFINED (__DATA_REGION_LENGTH__)?__DATA_REGION_LENGTH__:0xffa0
                0x0000000000010000                __EEPROM_REGION_LENGTH__ = DEFINED (__EEPROM_REGION_LENGTH__)?__EEPROM_REGION_LENGTH__:0x10000
                [0x0000000000000002]                __FUSE_REGION_LENGTH__ = DEFINED (__FUSE_REGION_LENGTH__)?__FUSE_REGION_LENGTH__:0x400
                0x0000000000000400                __LOCK_REGION_LENGTH__ = DEFINED (__LOCK_REGION_LENGTH__)?__LOCK_REGION_LENGTH__:0x400
                0x0000000000000400                __SIGNATURE_REGION_LENGTH__ = DEFINED (__SIGNATURE_REGION_LENGTH__)?__SIGNATURE_REGION_LENGTH__:0x400
                0x0000000000000400                __USER_SIGNATURE_REGION_LENGTH__ = DEFINED (__USER_SIGNATURE_REGION_LENGTH__)?__USER_SIGNATURE_REGION_LENGTH__:0x400

.hash
 *(.hash)

.dynsym
 *(.dynsym)

.dynstr
 *(.dynstr)

.gnu.version
 *(.gnu.version)

.gnu.version_d
 *(.gnu.version_d)

.gnu.version_r
 *(.gnu.version_r)

.rel.init
 *(.rel.init)

.rela.init
 *(.rela.init)

.rel.text
 *(.rel.text)
 *(.rel.text.*)
 *(.rel.gnu.linkonce.t*)

.rela.text
 *(.rela.text)
 *(.rela.text.*)
 *(.rela.gnu.linkonce.t*)

.rel.fini
 *(.rel.fini)

.rela.fini
 *(.rela.fini)

.rel.rodata
 *(.rel.rodata)
 *(.rel.rodata.*)
 *(.rel.gnu.linkonce.r*)

.rela.rodata
 *(.rela.rodata)
 *(.rela.rodata.*)
 *(.rela.gnu.linkonce.r*)

.rel.data
 *(.rel.data)
 *(.rel.data.*)
 *(.rel.gnu.linkonce.d*)

.rela.data
 *(.rela.data)
 *(.rela.data.*)
 *(.rela.gnu.linkonce.d*)

.rel.ctors
 *(.rel.ctors)

.rela.ctors
 *(.rela.ctors)

.rel.dtors
 *(.rel.dtors)

.rela.dtors
 *(.rela.dtors)

.rel.got
 *(.rel.got)

.rela.got
 *(.rela.got)

.rel.bss
 *(.rel.bss)

.rela.bss
 *(.rela.bss)

.rel.plt
 *(.rel.plt)

.rela.plt
 *(.rela.plt)

.text           0x0000000000000000     0x3d5c
 *(.vectors)
 .vectors       0x0000000000000000       0x54 /usr/lib/gcc/avr/5.4.0/../../../avr/lib/avr5/crtatmega32.o
                0x0000000000000000                __vectors
                0x0000000000000000                __vector_default
 *(.vectors)
 *(.progmem.gcc*)
 .progmem.gcc_sw_table.prvTimerTask
                0x0000000000000054       0x14 ./timers.o
                0x0000000000000068                . = ALIGN (0x2)
                0x0000000000000068                __trampolines_start = .
 *(.trampolines)
 .trampolines   0x0000000000000068        0x0 linker stubs
 *(.trampolines*)
                0x0000000000000068                __trampolines_end = .
 *libprintf_flt.a:*(.progmem.data)
 *libc.a:*(.progmem.data)
 *(.progmem*)
                0x0000000000000068                . = ALIGN (0x2)
 *(.jumptables)
 *(.jumptables*)
 *(.lowtext)
 *(.lowtext*)
                0x0000000000000068                __ctors_start = .
 *(.ctors)
                0x0000000000000068                __ctors_end = .
                0x0000000000000068                __dtors_start = .
 *(.dtors)
                0x0000000000000068                __dtors_end = .
 SORT(*)(.ctors)
 SORT(*)(.dtors)
 *(.init0)
 .init0         0x0000000000000068        0x0 /usr/lib/gcc/avr/5.4.0/../../../avr/lib/avr5/crtatmega32.o
                0x0000000000000068                __init
 *(.init0)
 *(.init1)
 *(.init1)
 *(.init2)
 .init2         0x0000000000000068        0xc /usr/lib/gcc/avr/5.4.0/../../../avr/lib/avr5/crtatmega32.o
 *(.init2)
 *(.init3)
 *(.init3)
 *(.init4)
 .init4         0x0000000000000074       0x16 /usr/lib/gcc/avr/5.4.0/avr5/libgcc.a(_copy_data.o)
                0x0000000000000074                __do_copy_data
 .init4         0x000000000000008a       0x10 /usr/lib/gcc/avr/5.4.0/avr5/libgcc.a(_clear_bss.o)
                0x000000000000008a                __do_clear_bss
 *(.init4)
 *(.init5)
 *(.init5)
 *(.init6)
 *(.init6)
 *(.init7)
 *(.init7)
 *(.init8)
 *(.init8)
 *(.init9)
 .init9         0x000000000000009a        0x8 /usr/lib/gcc/avr/5.4.0/../../../avr/lib/avr5/crtatmega32.o
 *(.init9)
 *(.text)
 .text          0x00000000000000a2        0x4 /usr/lib/gcc/avr/5.4.0/../../../avr/lib/avr5/crtatmega32.o
                0x00000000000000a2                __vector_12
                0x00000000000000a2                __bad_interrupt
                0x00000000000000a2                __vector_6
                0x00000000000000a2                __vector_11
                0x00000000000000a2                __vector_13
                0x00000000000000a2                __vector_17
                0x00000000000000a2                __vector_19
                0x00000000000000a2                __vector_5
                0x00000000000000a2                __vector_4
                0x00000000000000a2                __vector_9
                0x00000000000000a2                __vector_15
                0x00000000000000a2                __vector_8
                0x00000000000000a2                __vector_14
                0x00000000000000a2                __vector_10
                0x00000000000000a2                __vector_16
                0x00000000000000a2                __vector_18
                0x00000000000000a2                __vector_20
 .text          0x00000000000000a6        0x0 ./Clock.o
 .text          0x00000000000000a6        0x0 ./DIO_Program.o
 .text          0x00000000000000a6        0x0 ./EXTI_program.o
 .text          0x00000000000000a6        0x0 ./KBD_program.o
 .text          0x00000000000000a6        0x0 ./LCD_program.o
 .text          0x00000000000000a6        0x0 ./croutine.o
 .text          0x00000000000000a6        0x0 ./event_groups.o
 .text          0x00000000000000a6        0x0 ./heap_1.o
 .text          0x00000000000000a6        0x0 ./list.o
 .text          0x00000000000000a6        0x0 ./main.o
 .text          0x00000000000000a6        0x0 ./port.o
 .text          0x00000000000000a6        0x0 ./queue.o
 .text          0x00000000000000a6        0x0 ./tasks.o
 .text          0x00000000000000a6        0x0 ./timers.o
 .text          0x00000000000000a6        0x0 /usr/lib/gcc/avr/5.4.0/avr5/libgcc.a(_udivmodqi4.o)
 .text          0x00000000000000a6        0x0 /usr/lib/gcc/avr/5.4.0/avr5/libgcc.a(_udivmodhi4.o)
 .text          0x00000000000000a6        0x0 /usr/lib/gcc/avr/5.4.0/avr5/libgcc.a(_divmodhi4.o)
 .text          0x00000000000000a6        0x0 /usr/lib/gcc/avr/5.4.0/avr5/libgcc.a(_exit.o)
 .text          0x00000000000000a6        0x0 /usr/lib/gcc/avr/5.4.0/avr5/libgcc.a(_tablejump2.o)
 .text          0x00000000000000a6        0x0 /usr/lib/gcc/avr/5.4.0/avr5/libgcc.a(_copy_data.o)
 .text          0x00000000000000a6        0x0 /usr/lib/gcc/avr/5.4.0/avr5/libgcc.a(_clear_bss.o)
 .text          0x00000000000000a6        0x0 /usr/lib/gcc/avr/5.4.0/../../../avr/lib/avr5/libc.a(memcpy.o)
                0x00000000000000a6                . = ALIGN (0x2)
 *(.text.*)
 .text.Debounce
                0x00000000000000a6        0x2 ./Clock.o
                0x00000000000000a6                Debounce
 .text.Clock_Hours
                0x00000000000000a8       0xc2 ./Clock.o
                0x00000000000000a8                Clock_Hours
 .text.Clock_Minute
                0x000000000000016a       0xd8 ./Clock.o
                0x000000000000016a                Clock_Minute
 .text.Clock_Print_Default_Interface
                0x0000000000000242       0x7a ./Clock.o
                0x0000000000000242                Clock_Print_Default_Interface
 .text.Clock_Second
                0x00000000000002bc       0xa6 ./Clock.o
                0x00000000000002bc                Clock_Second
 .text.Clock_Typing_Right_Arrow
                0x0000000000000362       0x4c ./Clock.o
                0x0000000000000362                Clock_Typing_Right_Arrow
 .text.Clock_Typing_Left_Arrow
                0x00000000000003ae       0x52 ./Clock.o
                0x00000000000003ae                Clock_Typing_Left_Arrow
 .text.Clock_Typing_Up_Arrow
                0x0000000000000400       0x56 ./Clock.o
                0x0000000000000400                Clock_Typing_Up_Arrow
 .text.Clock_Typing_Number
                0x0000000000000456      0x13a ./Clock.o
                0x0000000000000456                Clock_Typing_Number
 .text.Clock_Typing_Mode
                0x0000000000000590       0xaa ./Clock.o
                0x0000000000000590                Clock_Typing_Mode
 .text.Clock_Typing_Exit
                0x000000000000063a       0xd2 ./Clock.o
                0x000000000000063a                Clock_Typing_Exit
 .text.Clock_Typing_Enter
                0x000000000000070c       0x32 ./Clock.o
                0x000000000000070c                Clock_Typing_Enter
 .text.SignlePress
                0x000000000000073e       0x5a ./Clock.o
                0x000000000000073e                SignlePress
 .text.Clock_Alarm_Enter
                0x0000000000000798       0x80 ./Clock.o
                0x0000000000000798                Clock_Alarm_Enter
 .text.Clock_Alarm_Exit
                0x0000000000000818       0x68 ./Clock.o
                0x0000000000000818                Clock_Alarm_Exit
 .text.KPD_Button_INT_ISR
                0x0000000000000880       0xe6 ./Clock.o
                0x0000000000000880                KPD_Button_INT_ISR
 .text.Clock_Print_Alarm_Interface
                0x0000000000000966       0x70 ./Clock.o
                0x0000000000000966                Clock_Print_Alarm_Interface
 .text.Clock_Alarm
                0x00000000000009d6       0x8e ./Clock.o
                0x00000000000009d6                Clock_Alarm
 .text.KPD_Button_INT
                0x0000000000000a64       0x12 ./Clock.o
                0x0000000000000a64                KPD_Button_INT
 .text.Clock_Semaphore_Init
                0x0000000000000a76       0xa0 ./Clock.o
                0x0000000000000a76                Clock_Semaphore_Init
 .text.DIO_voidInitialize
                0x0000000000000b16        0xa ./DIO_Program.o
                0x0000000000000b16                DIO_voidInitialize
 .text.DIO_u8SetPinDirection
                0x0000000000000b20       0xe2 ./DIO_Program.o
                0x0000000000000b20                DIO_u8SetPinDirection
 .text.DIO_u8SetPinValue
                0x0000000000000c02       0xe2 ./DIO_Program.o
                0x0000000000000c02                DIO_u8SetPinValue
 .text.DIO_u8SetPortDirection
                0x0000000000000ce4       0x26 ./DIO_Program.o
                0x0000000000000ce4                DIO_u8SetPortDirection
 .text.DIO_u8SetPortValue
                0x0000000000000d0a       0x26 ./DIO_Program.o
                0x0000000000000d0a                DIO_u8SetPortValue
 .text.DIO_u8GetPinValue
                0x0000000000000d30       0x42 ./DIO_Program.o
                0x0000000000000d30                DIO_u8GetPinValue
 .text.DIO_u8GetPortValue
                0x0000000000000d72       0x2a ./DIO_Program.o
                0x0000000000000d72                DIO_u8GetPortValue
 .text.__vector_1
                0x0000000000000d9c       0x52 ./EXTI_program.o
                0x0000000000000d9c                __vector_1
 .text.__vector_2
                0x0000000000000dee       0x52 ./EXTI_program.o
                0x0000000000000dee                __vector_2
 .text.__vector_3
                0x0000000000000e40       0x52 ./EXTI_program.o
                0x0000000000000e40                __vector_3
 .text.voidSetCallBack
                0x0000000000000e92       0x12 ./EXTI_program.o
                0x0000000000000e92                voidSetCallBack
 .text.Interrupt_Initialize
                0x0000000000000ea4        0x8 ./EXTI_program.o
                0x0000000000000ea4                Interrupt_Initialize
 .text.Interrupt_Enable
                0x0000000000000eac       0x20 ./EXTI_program.o
                0x0000000000000eac                Interrupt_Enable
 .text.Interrupt_Disable
                0x0000000000000ecc       0x20 ./EXTI_program.o
                0x0000000000000ecc                Interrupt_Disable
 .text.Interrupt_Set_Level
                0x0000000000000eec       0x76 ./EXTI_program.o
                0x0000000000000eec                Interrupt_Set_Level
 .text.KBD_u8GetKeyPadState
                0x0000000000000f62       0xbc ./KBD_program.o
                0x0000000000000f62                KBD_u8GetKeyPadState
 .text.KBD_u8Initialize
                0x000000000000101e      0x172 ./KBD_program.o
                0x000000000000101e                KBD_u8Initialize
 .text.KBD_keys_map
                0x0000000000001190       0x20 ./KBD_program.o
                0x0000000000001190                KBD_keys_map
 .text.LCD_Void_Write
                0x00000000000011b0       0x8a ./LCD_program.o
 .text.LCD_Void_Write_Cmd
                0x000000000000123a       0x14 ./LCD_program.o
                0x000000000000123a                LCD_Void_Write_Cmd
 .text.LCD_Void_Write_Data
                0x000000000000124e       0x14 ./LCD_program.o
                0x000000000000124e                LCD_Void_Write_Data
 .text.LCD_Void_Write_String
                0x0000000000001262       0x3e ./LCD_program.o
                0x0000000000001262                LCD_Void_Write_String
 .text.LCD_Void_Clear
                0x00000000000012a0        0x6 ./LCD_program.o
                0x00000000000012a0                LCD_Void_Clear
 .text.LCD_Void_Write_Blinking_String
                0x00000000000012a6       0x38 ./LCD_program.o
                0x00000000000012a6                LCD_Void_Write_Blinking_String
 .text.LCD_Set_Block
                0x00000000000012de        0xe ./LCD_program.o
                0x00000000000012de                LCD_Set_Block
 .text.LCD_Void_Write_Moving_String
                0x00000000000012ec       0x4e ./LCD_program.o
                0x00000000000012ec                LCD_Void_Write_Moving_String
 .text.LCD_Void_Write_CGRAM
                0x000000000000133a       0x38 ./LCD_program.o
                0x000000000000133a                LCD_Void_Write_CGRAM
 .text.LCD_initialize
                0x0000000000001372       0xbe ./LCD_program.o
                0x0000000000001372                LCD_initialize
 .text.LCD_Void_Write_Number
                0x0000000000001430       0x72 ./LCD_program.o
                0x0000000000001430                LCD_Void_Write_Number
 .text.LCD_Void_Write_Number_2
                0x00000000000014a2       0x1a ./LCD_program.o
                0x00000000000014a2                LCD_Void_Write_Number_2
 .text.LCD_Void_Write_Number_1
                0x00000000000014bc        0x6 ./LCD_program.o
                0x00000000000014bc                LCD_Void_Write_Number_1
 .text.xEventGroupCreate
                0x00000000000014c2       0x26 ./event_groups.o
                0x00000000000014c2                xEventGroupCreate
 .text.xEventGroupWaitBits
                0x00000000000014e8       0xf0 ./event_groups.o
                0x00000000000014e8                xEventGroupWaitBits
 .text.xEventGroupClearBits
                0x00000000000015d8       0x1e ./event_groups.o
                0x00000000000015d8                xEventGroupClearBits
 .text.xEventGroupGetBitsFromISR
                0x00000000000015f6        0x8 ./event_groups.o
                0x00000000000015f6                xEventGroupGetBitsFromISR
 .text.xEventGroupSetBits
                0x00000000000015fe       0xaa ./event_groups.o
                0x00000000000015fe                xEventGroupSetBits
 .text.xEventGroupSync
                0x00000000000016a8       0xd6 ./event_groups.o
                0x00000000000016a8                xEventGroupSync
 .text.vEventGroupDelete
                0x000000000000177e       0x2c ./event_groups.o
                0x000000000000177e                vEventGroupDelete
 .text.vEventGroupSetBitsCallback
                0x00000000000017aa        0x6 ./event_groups.o
                0x00000000000017aa                vEventGroupSetBitsCallback
 .text.vEventGroupClearBitsCallback
                0x00000000000017b0        0x6 ./event_groups.o
                0x00000000000017b0                vEventGroupClearBitsCallback
 .text.pvPortMalloc
                0x00000000000017b6       0x64 ./heap_1.o
                0x00000000000017b6                pvPortMalloc
 .text.vPortFree
                0x000000000000181a        0x2 ./heap_1.o
                0x000000000000181a                vPortFree
 .text.vPortInitialiseBlocks
                0x000000000000181c        0xa ./heap_1.o
                0x000000000000181c                vPortInitialiseBlocks
 .text.xPortGetFreeHeapSize
                0x0000000000001826       0x12 ./heap_1.o
                0x0000000000001826                xPortGetFreeHeapSize
 .text.vListInitialise
                0x0000000000001838       0x1c ./list.o
                0x0000000000001838                vListInitialise
 .text.vListInitialiseItem
                0x0000000000001854        0x8 ./list.o
                0x0000000000001854                vListInitialiseItem
 .text.vListInsertEnd
                0x000000000000185c       0x42 ./list.o
                0x000000000000185c                vListInsertEnd
 .text.vListInsert
                0x000000000000189e       0x70 ./list.o
                0x000000000000189e                vListInsert
 .text.uxListRemove
                0x000000000000190e       0x48 ./list.o
                0x000000000000190e                uxListRemove
 .text.startup.main
                0x0000000000001956       0x7a ./main.o
                0x0000000000001956                main
 .text.pxPortInitialiseStack
                0x00000000000019d0       0xd8 ./port.o
                0x00000000000019d0                pxPortInitialiseStack
 .text.xPortStartScheduler
                0x0000000000001aa8       0x6c ./port.o
                0x0000000000001aa8                xPortStartScheduler
 .text.vPortEndScheduler
                0x0000000000001b14        0x2 ./port.o
                0x0000000000001b14                vPortEndScheduler
 .text.vPortYield
                0x0000000000001b16       0xb2 ./port.o
                0x0000000000001b16                vPortYield
 .text.vPortYieldFromTick
                0x0000000000001bc8       0xb8 ./port.o
                0x0000000000001bc8                vPortYieldFromTick
 .text.__vector_7
                0x0000000000001c80        0x6 ./port.o
                0x0000000000001c80                __vector_7
 .text.prvIsQueueEmpty
                0x0000000000001c86       0x16 ./queue.o
 .text.prvCopyDataToQueue
                0x0000000000001c9c       0xa6 ./queue.o
 .text.prvCopyDataFromQueue
                0x0000000000001d42       0x34 ./queue.o
 .text.prvUnlockQueue
                0x0000000000001d76       0x7c ./queue.o
 .text.xQueueGenericReset
                0x0000000000001df2       0x7e ./queue.o
                0x0000000000001df2                xQueueGenericReset
 .text.xQueueGenericCreate
                0x0000000000001e70       0x50 ./queue.o
                0x0000000000001e70                xQueueGenericCreate
 .text.xQueueGenericSend
                0x0000000000001ec0      0x12c ./queue.o
                0x0000000000001ec0                xQueueGenericSend
 .text.xQueueCreateMutex
                0x0000000000001fec       0x34 ./queue.o
                0x0000000000001fec                xQueueCreateMutex
 .text.xQueueGenericSendFromISR
                0x0000000000002020       0x5e ./queue.o
                0x0000000000002020                xQueueGenericSendFromISR
 .text.xQueueGiveFromISR
                0x000000000000207e       0x46 ./queue.o
                0x000000000000207e                xQueueGiveFromISR
 .text.xQueueReceive
                0x00000000000020c4      0x124 ./queue.o
                0x00000000000020c4                xQueueReceive
 .text.xQueueSemaphoreTake
                0x00000000000021e8      0x184 ./queue.o
                0x00000000000021e8                xQueueSemaphoreTake
 .text.xQueuePeek
                0x000000000000236c      0x124 ./queue.o
                0x000000000000236c                xQueuePeek
 .text.xQueueReceiveFromISR
                0x0000000000002490       0x5e ./queue.o
                0x0000000000002490                xQueueReceiveFromISR
 .text.xQueuePeekFromISR
                0x00000000000024ee       0x2e ./queue.o
                0x00000000000024ee                xQueuePeekFromISR
 .text.uxQueueMessagesWaiting
                0x000000000000251c       0x10 ./queue.o
                0x000000000000251c                uxQueueMessagesWaiting
 .text.uxQueueSpacesAvailable
                0x000000000000252c       0x14 ./queue.o
                0x000000000000252c                uxQueueSpacesAvailable
 .text.uxQueueMessagesWaitingFromISR
                0x0000000000002540        0x6 ./queue.o
                0x0000000000002540                uxQueueMessagesWaitingFromISR
 .text.vQueueDelete
                0x0000000000002546        0x4 ./queue.o
                0x0000000000002546                vQueueDelete
 .text.xQueueIsQueueEmptyFromISR
                0x000000000000254a        0xc ./queue.o
                0x000000000000254a                xQueueIsQueueEmptyFromISR
 .text.xQueueIsQueueFullFromISR
                0x0000000000002556        0xe ./queue.o
                0x0000000000002556                xQueueIsQueueFullFromISR
 .text.vQueueWaitForMessageRestricted
                0x0000000000002564       0x38 ./queue.o
                0x0000000000002564                vQueueWaitForMessageRestricted
 .text.prvResetNextTaskUnblockTime
                0x000000000000259c       0x36 ./tasks.o
 .text.prvAddCurrentTaskToDelayedList
                0x00000000000025d2       0xb8 ./tasks.o
 .text.prvIdleTask
                0x000000000000268a       0x58 ./tasks.o
 .text.xTaskCreate
                0x00000000000026e2      0x204 ./tasks.o
                0x00000000000026e2                xTaskCreate
 .text.vTaskDelete
                0x00000000000028e6       0xaa ./tasks.o
                0x00000000000028e6                vTaskDelete
 .text.vTaskResume
                0x0000000000002990       0x8e ./tasks.o
                0x0000000000002990                vTaskResume
 .text.xTaskResumeFromISR
                0x0000000000002a1e       0x90 ./tasks.o
                0x0000000000002a1e                xTaskResumeFromISR
 .text.vTaskStartScheduler
                0x0000000000002aae       0x5c ./tasks.o
                0x0000000000002aae                vTaskStartScheduler
 .text.vTaskEndScheduler
                0x0000000000002b0a        0xa ./tasks.o
                0x0000000000002b0a                vTaskEndScheduler
 .text.vTaskSuspendAll
                0x0000000000002b14        0xc ./tasks.o
                0x0000000000002b14                vTaskSuspendAll
 .text.xTaskGetTickCount
                0x0000000000002b20       0x14 ./tasks.o
                0x0000000000002b20                xTaskGetTickCount
 .text.xTaskGetTickCountFromISR
                0x0000000000002b34        0xa ./tasks.o
                0x0000000000002b34                xTaskGetTickCountFromISR
 .text.uxTaskGetNumberOfTasks
                0x0000000000002b3e        0x6 ./tasks.o
                0x0000000000002b3e                uxTaskGetNumberOfTasks
 .text.pcTaskGetName
                0x0000000000002b44       0x10 ./tasks.o
                0x0000000000002b44                pcTaskGetName
 .text.xTaskIncrementTick
                0x0000000000002b54      0x158 ./tasks.o
                0x0000000000002b54                xTaskIncrementTick
 .text.xTaskResumeAll
                0x0000000000002cac       0xde ./tasks.o
                0x0000000000002cac                xTaskResumeAll
 .text.vTaskDelayUntil
                0x0000000000002d8a       0x70 ./tasks.o
                0x0000000000002d8a                vTaskDelayUntil
 .text.vTaskDelay
                0x0000000000002dfa       0x2a ./tasks.o
                0x0000000000002dfa                vTaskDelay
 .text.vTaskSwitchContext
                0x0000000000002e24       0x86 ./tasks.o
                0x0000000000002e24                vTaskSwitchContext
 .text.vTaskSuspend
                0x0000000000002eaa       0xac ./tasks.o
                0x0000000000002eaa                vTaskSuspend
 .text.vTaskPlaceOnEventList
                0x0000000000002f56       0x22 ./tasks.o
                0x0000000000002f56                vTaskPlaceOnEventList
 .text.vTaskPlaceOnUnorderedEventList
                0x0000000000002f78       0x30 ./tasks.o
                0x0000000000002f78                vTaskPlaceOnUnorderedEventList
 .text.vTaskPlaceOnEventListRestricted
                0x0000000000002fa8       0x30 ./tasks.o
                0x0000000000002fa8                vTaskPlaceOnEventListRestricted
 .text.xTaskRemoveFromEventList
                0x0000000000002fd8       0x80 ./tasks.o
                0x0000000000002fd8                xTaskRemoveFromEventList
 .text.vTaskRemoveFromUnorderedEventList
                0x0000000000003058       0x64 ./tasks.o
                0x0000000000003058                vTaskRemoveFromUnorderedEventList
 .text.vTaskSetTimeOutState
                0x00000000000030bc       0x20 ./tasks.o
                0x00000000000030bc                vTaskSetTimeOutState
 .text.vTaskInternalSetTimeOutState
                0x00000000000030dc       0x16 ./tasks.o
                0x00000000000030dc                vTaskInternalSetTimeOutState
 .text.xTaskCheckForTimeOut
                0x00000000000030f2       0x66 ./tasks.o
                0x00000000000030f2                xTaskCheckForTimeOut
 .text.vTaskMissedYield
                0x0000000000003158        0x8 ./tasks.o
                0x0000000000003158                vTaskMissedYield
 .text.xTaskGetCurrentTaskHandle
                0x0000000000003160        0xa ./tasks.o
                0x0000000000003160                xTaskGetCurrentTaskHandle
 .text.xTaskGetSchedulerState
                0x000000000000316a       0x1c ./tasks.o
                0x000000000000316a                xTaskGetSchedulerState
 .text.xTaskPriorityInherit
                0x0000000000003186       0xc6 ./tasks.o
                0x0000000000003186                xTaskPriorityInherit
 .text.xTaskPriorityDisinherit
                0x000000000000324c       0x74 ./tasks.o
                0x000000000000324c                xTaskPriorityDisinherit
 .text.vTaskPriorityDisinheritAfterTimeout
                0x00000000000032c0       0x8e ./tasks.o
                0x00000000000032c0                vTaskPriorityDisinheritAfterTimeout
 .text.uxTaskResetEventItemValue
                0x000000000000334e       0x2e ./tasks.o
                0x000000000000334e                uxTaskResetEventItemValue
 .text.pvTaskIncrementMutexHeldCount
                0x000000000000337c       0x24 ./tasks.o
                0x000000000000337c                pvTaskIncrementMutexHeldCount
 .text.ulTaskNotifyTake
                0x00000000000033a0       0xa2 ./tasks.o
                0x00000000000033a0                ulTaskNotifyTake
 .text.xTaskNotifyWait
                0x0000000000003442      0x110 ./tasks.o
                0x0000000000003442                xTaskNotifyWait
 .text.xTaskGenericNotify
                0x0000000000003552       0xd2 ./tasks.o
                0x0000000000003552                xTaskGenericNotify
 .text.xTaskGenericNotifyFromISR
                0x0000000000003624       0xf4 ./tasks.o
                0x0000000000003624                xTaskGenericNotifyFromISR
 .text.vTaskNotifyGiveFromISR
                0x0000000000003718       0xa4 ./tasks.o
                0x0000000000003718                vTaskNotifyGiveFromISR
 .text.xTaskNotifyStateClear
                0x00000000000037bc       0x28 ./tasks.o
                0x00000000000037bc                xTaskNotifyStateClear
 .text.prvCheckForValidListAndQueue
                0x00000000000037e4       0x52 ./timers.o
 .text.prvInsertTimerInActiveList
                0x0000000000003836       0x54 ./timers.o
 .text.xTimerCreateTimerTask
                0x000000000000388a       0x40 ./timers.o
                0x000000000000388a                xTimerCreateTimerTask
 .text.xTimerCreate
                0x00000000000038ca       0x6e ./timers.o
                0x00000000000038ca                xTimerCreate
 .text.xTimerGenericCommand
                0x0000000000003938       0x7e ./timers.o
                0x0000000000003938                xTimerGenericCommand
 .text.prvSwitchTimerLists
                0x00000000000039b6       0xa2 ./timers.o
 .text.prvTimerTask
                0x0000000000003a58      0x206 ./timers.o
 .text.xTimerGetTimerDaemonTaskHandle
                0x0000000000003c5e        0xa ./timers.o
                0x0000000000003c5e                xTimerGetTimerDaemonTaskHandle
 .text.xTimerGetPeriod
                0x0000000000003c68        0x8 ./timers.o
                0x0000000000003c68                xTimerGetPeriod
 .text.vTimerSetReloadMode
                0x0000000000003c70       0x1c ./timers.o
                0x0000000000003c70                vTimerSetReloadMode
 .text.xTimerGetExpiryTime
                0x0000000000003c8c        0x8 ./timers.o
                0x0000000000003c8c                xTimerGetExpiryTime
 .text.pcTimerGetName
                0x0000000000003c94        0x8 ./timers.o
                0x0000000000003c94                pcTimerGetName
 .text.xTimerIsTimerActive
                0x0000000000003c9c       0x12 ./timers.o
                0x0000000000003c9c                xTimerIsTimerActive
 .text.pvTimerGetTimerID
                0x0000000000003cae       0x12 ./timers.o
                0x0000000000003cae                pvTimerGetTimerID
 .text.vTimerSetTimerID
                0x0000000000003cc0       0x12 ./timers.o
                0x0000000000003cc0                vTimerSetTimerID
 .text.libgcc.mul
                0x0000000000003cd2        0x0 /usr/lib/gcc/avr/5.4.0/avr5/libgcc.a(_udivmodqi4.o)
 .text.libgcc.div
                0x0000000000003cd2       0x18 /usr/lib/gcc/avr/5.4.0/avr5/libgcc.a(_udivmodqi4.o)
                0x0000000000003cd2                __udivmodqi4
 .text.libgcc   0x0000000000003cea        0x0 /usr/lib/gcc/avr/5.4.0/avr5/libgcc.a(_udivmodqi4.o)
 .text.libgcc.prologue
                0x0000000000003cea        0x0 /usr/lib/gcc/avr/5.4.0/avr5/libgcc.a(_udivmodqi4.o)
 .text.libgcc.builtins
                0x0000000000003cea        0x0 /usr/lib/gcc/avr/5.4.0/avr5/libgcc.a(_udivmodqi4.o)
 .text.libgcc.fmul
                0x0000000000003cea        0x0 /usr/lib/gcc/avr/5.4.0/avr5/libgcc.a(_udivmodqi4.o)
 .text.libgcc.fixed
                0x0000000000003cea        0x0 /usr/lib/gcc/avr/5.4.0/avr5/libgcc.a(_udivmodqi4.o)
 .text.libgcc.mul
                0x0000000000003cea        0x0 /usr/lib/gcc/avr/5.4.0/avr5/libgcc.a(_udivmodhi4.o)
 .text.libgcc.div
                0x0000000000003cea       0x28 /usr/lib/gcc/avr/5.4.0/avr5/libgcc.a(_udivmodhi4.o)
                0x0000000000003cea                __udivmodhi4
 .text.libgcc   0x0000000000003d12        0x0 /usr/lib/gcc/avr/5.4.0/avr5/libgcc.a(_udivmodhi4.o)
 .text.libgcc.prologue
                0x0000000000003d12        0x0 /usr/lib/gcc/avr/5.4.0/avr5/libgcc.a(_udivmodhi4.o)
 .text.libgcc.builtins
                0x0000000000003d12        0x0 /usr/lib/gcc/avr/5.4.0/avr5/libgcc.a(_udivmodhi4.o)
 .text.libgcc.fmul
                0x0000000000003d12        0x0 /usr/lib/gcc/avr/5.4.0/avr5/libgcc.a(_udivmodhi4.o)
 .text.libgcc.fixed
                0x0000000000003d12        0x0 /usr/lib/gcc/avr/5.4.0/avr5/libgcc.a(_udivmodhi4.o)
 .text.libgcc.mul
                0x0000000000003d12        0x0 /usr/lib/gcc/avr/5.4.0/avr5/libgcc.a(_divmodhi4.o)
 .text.libgcc.div
                0x0000000000003d12       0x28 /usr/lib/gcc/avr/5.4.0/avr5/libgcc.a(_divmodhi4.o)
                0x0000000000003d12                __divmodhi4
                0x0000000000003d12                _div
 .text.libgcc   0x0000000000003d3a        0x0 /usr/lib/gcc/avr/5.4.0/avr5/libgcc.a(_divmodhi4.o)
 .text.libgcc.prologue
                0x0000000000003d3a        0x0 /usr/lib/gcc/avr/5.4.0/avr5/libgcc.a(_divmodhi4.o)
 .text.libgcc.builtins
                0x0000000000003d3a        0x0 /usr/lib/gcc/avr/5.4.0/avr5/libgcc.a(_divmodhi4.o)
 .text.libgcc.fmul
                0x0000000000003d3a        0x0 /usr/lib/gcc/avr/5.4.0/avr5/libgcc.a(_divmodhi4.o)
 .text.libgcc.fixed
                0x0000000000003d3a        0x0 /usr/lib/gcc/avr/5.4.0/avr5/libgcc.a(_divmodhi4.o)
 .text.libgcc.mul
                0x0000000000003d3a        0x0 /usr/lib/gcc/avr/5.4.0/avr5/libgcc.a(_exit.o)
 .text.libgcc.div
                0x0000000000003d3a        0x0 /usr/lib/gcc/avr/5.4.0/avr5/libgcc.a(_exit.o)
 .text.libgcc   0x0000000000003d3a        0x0 /usr/lib/gcc/avr/5.4.0/avr5/libgcc.a(_exit.o)
 .text.libgcc.prologue
                0x0000000000003d3a        0x0 /usr/lib/gcc/avr/5.4.0/avr5/libgcc.a(_exit.o)
 .text.libgcc.builtins
                0x0000000000003d3a        0x0 /usr/lib/gcc/avr/5.4.0/avr5/libgcc.a(_exit.o)
 .text.libgcc.fmul
                0x0000000000003d3a        0x0 /usr/lib/gcc/avr/5.4.0/avr5/libgcc.a(_exit.o)
 .text.libgcc.fixed
                0x0000000000003d3a        0x0 /usr/lib/gcc/avr/5.4.0/avr5/libgcc.a(_exit.o)
 .text.libgcc.mul
                0x0000000000003d3a        0x0 /usr/lib/gcc/avr/5.4.0/avr5/libgcc.a(_tablejump2.o)
 .text.libgcc.div
                0x0000000000003d3a        0x0 /usr/lib/gcc/avr/5.4.0/avr5/libgcc.a(_tablejump2.o)
 .text.libgcc   0x0000000000003d3a        0xc /usr/lib/gcc/avr/5.4.0/avr5/libgcc.a(_tablejump2.o)
                0x0000000000003d3a                __tablejump2__
 .text.libgcc.prologue
                0x0000000000003d46        0x0 /usr/lib/gcc/avr/5.4.0/avr5/libgcc.a(_tablejump2.o)
 .text.libgcc.builtins
                0x0000000000003d46        0x0 /usr/lib/gcc/avr/5.4.0/avr5/libgcc.a(_tablejump2.o)
 .text.libgcc.fmul
                0x0000000000003d46        0x0 /usr/lib/gcc/avr/5.4.0/avr5/libgcc.a(_tablejump2.o)
 .text.libgcc.fixed
                0x0000000000003d46        0x0 /usr/lib/gcc/avr/5.4.0/avr5/libgcc.a(_tablejump2.o)
 .text.libgcc.mul
                0x0000000000003d46        0x0 /usr/lib/gcc/avr/5.4.0/avr5/libgcc.a(_copy_data.o)
 .text.libgcc.div
                0x0000000000003d46        0x0 /usr/lib/gcc/avr/5.4.0/avr5/libgcc.a(_copy_data.o)
 .text.libgcc   0x0000000000003d46        0x0 /usr/lib/gcc/avr/5.4.0/avr5/libgcc.a(_copy_data.o)
 .text.libgcc.prologue
                0x0000000000003d46        0x0 /usr/lib/gcc/avr/5.4.0/avr5/libgcc.a(_copy_data.o)
 .text.libgcc.builtins
                0x0000000000003d46        0x0 /usr/lib/gcc/avr/5.4.0/avr5/libgcc.a(_copy_data.o)
 .text.libgcc.fmul
                0x0000000000003d46        0x0 /usr/lib/gcc/avr/5.4.0/avr5/libgcc.a(_copy_data.o)
 .text.libgcc.fixed
                0x0000000000003d46        0x0 /usr/lib/gcc/avr/5.4.0/avr5/libgcc.a(_copy_data.o)
 .text.libgcc.mul
                0x0000000000003d46        0x0 /usr/lib/gcc/avr/5.4.0/avr5/libgcc.a(_clear_bss.o)
 .text.libgcc.div
                0x0000000000003d46        0x0 /usr/lib/gcc/avr/5.4.0/avr5/libgcc.a(_clear_bss.o)
 .text.libgcc   0x0000000000003d46        0x0 /usr/lib/gcc/avr/5.4.0/avr5/libgcc.a(_clear_bss.o)
 .text.libgcc.prologue
                0x0000000000003d46        0x0 /usr/lib/gcc/avr/5.4.0/avr5/libgcc.a(_clear_bss.o)
 .text.libgcc.builtins
                0x0000000000003d46        0x0 /usr/lib/gcc/avr/5.4.0/avr5/libgcc.a(_clear_bss.o)
 .text.libgcc.fmul
                0x0000000000003d46        0x0 /usr/lib/gcc/avr/5.4.0/avr5/libgcc.a(_clear_bss.o)
 .text.libgcc.fixed
                0x0000000000003d46        0x0 /usr/lib/gcc/avr/5.4.0/avr5/libgcc.a(_clear_bss.o)
 .text.avr-libc
                0x0000000000003d46       0x12 /usr/lib/gcc/avr/5.4.0/../../../avr/lib/avr5/libc.a(memcpy.o)
                0x0000000000003d46                memcpy
                0x0000000000003d58                . = ALIGN (0x2)
 *(.fini9)
 .fini9         0x0000000000003d58        0x0 /usr/lib/gcc/avr/5.4.0/avr5/libgcc.a(_exit.o)
                0x0000000000003d58                exit
                0x0000000000003d58                _exit
 *(.fini9)
 *(.fini8)
 *(.fini8)
 *(.fini7)
 *(.fini7)
 *(.fini6)
 *(.fini6)
 *(.fini5)
 *(.fini5)
 *(.fini4)
 *(.fini4)
 *(.fini3)
 *(.fini3)
 *(.fini2)
 *(.fini2)
 *(.fini1)
 *(.fini1)
 *(.fini0)
 .fini0         0x0000000000003d58        0x4 /usr/lib/gcc/avr/5.4.0/avr5/libgcc.a(_exit.o)
 *(.fini0)
                0x0000000000003d5c                _etext = .

.data           0x0000000000800060       0x84 load address 0x0000000000003d5c
                0x0000000000800060                PROVIDE (__data_start, .)
 *(.data)
 .data          0x0000000000800060        0x0 /usr/lib/gcc/avr/5.4.0/../../../avr/lib/avr5/crtatmega32.o
 .data          0x0000000000800060        0x0 ./Clock.o
 .data          0x0000000000800060        0x0 ./DIO_Program.o
 .data          0x0000000000800060        0x0 ./EXTI_program.o
 .data          0x0000000000800060        0x0 ./KBD_program.o
 .data          0x0000000000800060        0x0 ./LCD_program.o
 .data          0x0000000000800060        0x0 ./croutine.o
 .data          0x0000000000800060        0x0 ./event_groups.o
 .data          0x0000000000800060        0x0 ./heap_1.o
 .data          0x0000000000800060        0x0 ./list.o
 .data          0x0000000000800060        0x0 ./main.o
 .data          0x0000000000800060        0x0 ./port.o
 .data          0x0000000000800060        0x0 ./queue.o
 .data          0x0000000000800060        0x0 ./tasks.o
 .data          0x0000000000800060        0x0 ./timers.o
 .data          0x0000000000800060        0x0 /usr/lib/gcc/avr/5.4.0/avr5/libgcc.a(_udivmodqi4.o)
 .data          0x0000000000800060        0x0 /usr/lib/gcc/avr/5.4.0/avr5/libgcc.a(_udivmodhi4.o)
 .data          0x0000000000800060        0x0 /usr/lib/gcc/avr/5.4.0/avr5/libgcc.a(_divmodhi4.o)
 .data          0x0000000000800060        0x0 /usr/lib/gcc/avr/5.4.0/avr5/libgcc.a(_exit.o)
 .data          0x0000000000800060        0x0 /usr/lib/gcc/avr/5.4.0/avr5/libgcc.a(_tablejump2.o)
 .data          0x0000000000800060        0x0 /usr/lib/gcc/avr/5.4.0/avr5/libgcc.a(_copy_data.o)
 .data          0x0000000000800060        0x0 /usr/lib/gcc/avr/5.4.0/avr5/libgcc.a(_clear_bss.o)
 .data          0x0000000000800060        0x0 /usr/lib/gcc/avr/5.4.0/../../../avr/lib/avr5/libc.a(memcpy.o)
 *(.data*)
 .data.current_block
                0x0000000000800060        0x1 ./Clock.o
                0x0000000000800060                current_block
 .data.key_map  0x0000000000800061       0x10 ./KBD_program.o
                0x0000000000800061                key_map
 *(.rodata)
 *(.rodata*)
 .rodata.str1.1
                0x0000000000800071       0x46 ./Clock.o
                                         0x4c (size before relaxing)
 .rodata.Pattern_Arrow
                0x00000000008000b7        0x8 ./LCD_program.o
                0x00000000008000b7                Pattern_Arrow
 .rodata.Pattern_AM
                0x00000000008000bf        0x8 ./LCD_program.o
                0x00000000008000bf                Pattern_AM
 .rodata.Pattern_Alarm
                0x00000000008000c7        0x8 ./LCD_program.o
                0x00000000008000c7                Pattern_Alarm
 .rodata.str1.1
                0x00000000008000cf        0x8 ./main.o
 .rodata.str1.1
                0x00000000008000d7        0x5 ./tasks.o
 .rodata.str1.1
                0x00000000008000dc        0x8 ./timers.o
 *(.gnu.linkonce.d*)
                0x00000000008000e4                . = ALIGN (0x2)
                0x00000000008000e4                _edata = .
                0x00000000008000e4                PROVIDE (__data_end, .)

.bss            0x00000000008000e4      0x694
                0x00000000008000e4                PROVIDE (__bss_start, .)
 *(.bss)
 .bss           0x00000000008000e4        0x0 /usr/lib/gcc/avr/5.4.0/../../../avr/lib/avr5/crtatmega32.o
 .bss           0x00000000008000e4        0x0 ./Clock.o
 .bss           0x00000000008000e4        0x0 ./DIO_Program.o
 .bss           0x00000000008000e4        0x0 ./EXTI_program.o
 .bss           0x00000000008000e4        0x0 ./KBD_program.o
 .bss           0x00000000008000e4        0x0 ./LCD_program.o
 .bss           0x00000000008000e4        0x0 ./croutine.o
 .bss           0x00000000008000e4        0x0 ./event_groups.o
 .bss           0x00000000008000e4        0x0 ./heap_1.o
 .bss           0x00000000008000e4        0x0 ./list.o
 .bss           0x00000000008000e4        0x0 ./main.o
 .bss           0x00000000008000e4        0x0 ./port.o
 .bss           0x00000000008000e4        0x0 ./queue.o
 .bss           0x00000000008000e4        0x0 ./tasks.o
 .bss           0x00000000008000e4        0x0 ./timers.o
 .bss           0x00000000008000e4        0x0 /usr/lib/gcc/avr/5.4.0/avr5/libgcc.a(_udivmodqi4.o)
 .bss           0x00000000008000e4        0x0 /usr/lib/gcc/avr/5.4.0/avr5/libgcc.a(_udivmodhi4.o)
 .bss           0x00000000008000e4        0x0 /usr/lib/gcc/avr/5.4.0/avr5/libgcc.a(_divmodhi4.o)
 .bss           0x00000000008000e4        0x0 /usr/lib/gcc/avr/5.4.0/avr5/libgcc.a(_exit.o)
 .bss           0x00000000008000e4        0x0 /usr/lib/gcc/avr/5.4.0/avr5/libgcc.a(_tablejump2.o)
 .bss           0x00000000008000e4        0x0 /usr/lib/gcc/avr/5.4.0/avr5/libgcc.a(_copy_data.o)
 .bss           0x00000000008000e4        0x0 /usr/lib/gcc/avr/5.4.0/avr5/libgcc.a(_clear_bss.o)
 .bss           0x00000000008000e4        0x0 /usr/lib/gcc/avr/5.4.0/../../../avr/lib/avr5/libc.a(memcpy.o)
 *(.bss*)
 .bss.KPD_handle_INT
                0x00000000008000e4        0x2 ./Clock.o
                0x00000000008000e4                KPD_handle_INT
 .bss.KPD_handle
                0x00000000008000e6        0x2 ./Clock.o
                0x00000000008000e6                KPD_handle
 .bss.Alarm_handle
                0x00000000008000e8        0x2 ./Clock.o
                0x00000000008000e8                Alarm_handle
 .bss.Hours_handle
                0x00000000008000ea        0x2 ./Clock.o
                0x00000000008000ea                Hours_handle
 .bss.Minutes_handle
                0x00000000008000ec        0x2 ./Clock.o
                0x00000000008000ec                Minutes_handle
 .bss.flags     0x00000000008000ee        0x2 ./Clock.o
                0x00000000008000ee                flags
 .bss.Alarm_AM_PM
                0x00000000008000f0        0x1 ./Clock.o
                0x00000000008000f0                Alarm_AM_PM
 .bss.Alarm_Hours
                0x00000000008000f1        0x1 ./Clock.o
                0x00000000008000f1                Alarm_Hours
 .bss.Alarm_Minutes
                0x00000000008000f2        0x1 ./Clock.o
                0x00000000008000f2                Alarm_Minutes
 .bss.AM_PM     0x00000000008000f3        0x1 ./Clock.o
                0x00000000008000f3                AM_PM
 .bss.Hours     0x00000000008000f4        0x1 ./Clock.o
                0x00000000008000f4                Hours
 .bss.Minutes   0x00000000008000f5        0x1 ./Clock.o
                0x00000000008000f5                Minutes
 .bss.Seconds   0x00000000008000f6        0x1 ./Clock.o
                0x00000000008000f6                Seconds
 .bss.count_twice
                0x00000000008000f7        0x1 ./Clock.o
                0x00000000008000f7                count_twice
 .bss.count_once
                0x00000000008000f8        0x1 ./Clock.o
                0x00000000008000f8                count_once
 .bss.PvoidCallBack
                0x00000000008000f9        0x6 ./EXTI_program.o
 .bss.pucAlignedHeap.2085
                0x00000000008000ff        0x2 ./heap_1.o
 .bss.xNextFreeByte
                0x0000000000800101        0x2 ./heap_1.o
 .bss.ucHeap    0x0000000000800103      0x5dc ./heap_1.o
 .bss.uxSchedulerSuspended
                0x00000000008006df        0x1 ./tasks.o
 .bss.xIdleTaskHandle
                0x00000000008006e0        0x2 ./tasks.o
 .bss.xNextTaskUnblockTime
                0x00000000008006e2        0x2 ./tasks.o
 .bss.uxTaskNumber
                0x00000000008006e4        0x1 ./tasks.o
 .bss.xNumOfOverflows
                0x00000000008006e5        0x1 ./tasks.o
 .bss.xYieldPending
                0x00000000008006e6        0x1 ./tasks.o
 .bss.uxPendedTicks
                0x00000000008006e7        0x1 ./tasks.o
 .bss.xSchedulerRunning
                0x00000000008006e8        0x1 ./tasks.o
 .bss.uxTopReadyPriority
                0x00000000008006e9        0x1 ./tasks.o
 .bss.xTickCount
                0x00000000008006ea        0x2 ./tasks.o
 .bss.uxCurrentNumberOfTasks
                0x00000000008006ec        0x1 ./tasks.o
 .bss.xSuspendedTaskList
                0x00000000008006ed        0x9 ./tasks.o
 .bss.uxDeletedTasksWaitingCleanUp
                0x00000000008006f6        0x1 ./tasks.o
 .bss.xTasksWaitingTermination
                0x00000000008006f7        0x9 ./tasks.o
 .bss.xPendingReadyList
                0x0000000000800700        0x9 ./tasks.o
 .bss.pxOverflowDelayedTaskList
                0x0000000000800709        0x2 ./tasks.o
 .bss.pxDelayedTaskList
                0x000000000080070b        0x2 ./tasks.o
 .bss.xDelayedTaskList2
                0x000000000080070d        0x9 ./tasks.o
 .bss.xDelayedTaskList1
                0x0000000000800716        0x9 ./tasks.o
 .bss.pxReadyTasksLists
                0x000000000080071f       0x2d ./tasks.o
 .bss.pxCurrentTCB
                0x000000000080074c        0x2 ./tasks.o
                0x000000000080074c                pxCurrentTCB
 .bss.xLastTime.2378
                0x000000000080074e        0x2 ./timers.o
 .bss.xTimerTaskHandle
                0x0000000000800750        0x2 ./timers.o
 .bss.xTimerQueue
                0x0000000000800752        0x2 ./timers.o
 .bss.pxOverflowTimerList
                0x0000000000800754        0x2 ./timers.o
 .bss.pxCurrentTimerList
                0x0000000000800756        0x2 ./timers.o
 .bss.xActiveTimerList2
                0x0000000000800758        0x9 ./timers.o
 .bss.xActiveTimerList1
                0x0000000000800761        0x9 ./timers.o
 *(COMMON)
 COMMON         0x000000000080076a        0x6 ./Clock.o
                0x000000000080076a                Debounce_Timer
                0x000000000080076c                LCD
                0x000000000080076e                KPD_INT_Timer
 COMMON         0x0000000000800770        0x8 ./KBD_program.o
                0x0000000000800770                KBD_Au8ColsPins
                0x0000000000800774                KBD_Au8RowsPins
                0x0000000000800778                PROVIDE (__bss_end, .)
                0x0000000000003d5c                __data_load_start = LOADADDR (.data)
                0x0000000000003de0                __data_load_end = (__data_load_start + SIZEOF (.data))

.noinit         0x0000000000800778        0x0
                [!provide]                        PROVIDE (__noinit_start, .)
 *(.noinit*)
                [!provide]                        PROVIDE (__noinit_end, .)
                0x0000000000800778                _end = .
                [!provide]                        PROVIDE (__heap_start, .)

.eeprom         0x0000000000810000        0x0
 *(.eeprom*)
                0x0000000000810000                __eeprom_end = .

.fuse
 *(.fuse)
 *(.lfuse)
 *(.hfuse)
 *(.efuse)

.lock
 *(.lock*)

.signature
 *(.signature*)

.user_signatures
 *(.user_signatures*)

.stab
 *(.stab)

.stabstr
 *(.stabstr)

.stab.excl
 *(.stab.excl)

.stab.exclstr
 *(.stab.exclstr)

.stab.index
 *(.stab.index)

.stab.indexstr
 *(.stab.indexstr)

.comment        0x0000000000000000       0x11
 *(.comment)
 .comment       0x0000000000000000       0x11 ./Clock.o
                                         0x12 (size before relaxing)
 .comment       0x0000000000000011       0x12 ./DIO_Program.o
 .comment       0x0000000000000011       0x12 ./EXTI_program.o
 .comment       0x0000000000000011       0x12 ./KBD_program.o
 .comment       0x0000000000000011       0x12 ./LCD_program.o
 .comment       0x0000000000000011       0x12 ./croutine.o
 .comment       0x0000000000000011       0x12 ./event_groups.o
 .comment       0x0000000000000011       0x12 ./heap_1.o
 .comment       0x0000000000000011       0x12 ./list.o
 .comment       0x0000000000000011       0x12 ./main.o
 .comment       0x0000000000000011       0x12 ./port.o
 .comment       0x0000000000000011       0x12 ./queue.o
 .comment       0x0000000000000011       0x12 ./tasks.o
 .comment       0x0000000000000011       0x12 ./timers.o

.note.gnu.avr.deviceinfo
                0x0000000000000000       0x3c
 .note.gnu.avr.deviceinfo
                0x0000000000000000       0x3c /usr/lib/gcc/avr/5.4.0/../../../avr/lib/avr5/crtatmega32.o

.note.gnu.build-id
 *(.note.gnu.build-id)

.debug
 *(.debug)

.line
 *(.line)

.debug_srcinfo
 *(.debug_srcinfo)

.debug_sfnames
 *(.debug_sfnames)

.debug_aranges
 *(.debug_aranges)

.debug_pubnames
 *(.debug_pubnames)

.debug_info     0x0000000000000000      0x4e6
 *(.debug_info .gnu.linkonce.wi.*)
 .debug_info    0x0000000000000000      0x4e6 /usr/lib/gcc/avr/5.4.0/../../../avr/lib/avr5/crtatmega32.o

.debug_abbrev   0x0000000000000000      0x4a3
 *(.debug_abbrev)
 .debug_abbrev  0x0000000000000000      0x4a3 /usr/lib/gcc/avr/5.4.0/../../../avr/lib/avr5/crtatmega32.o

.debug_line     0x0000000000000000       0x1a
 *(.debug_line .debug_line.* .debug_line_end)
 .debug_line    0x0000000000000000       0x1a /usr/lib/gcc/avr/5.4.0/../../../avr/lib/avr5/crtatmega32.o

.debug_frame
 *(.debug_frame)

.debug_str      0x0000000000000000      0x196
 *(.debug_str)
 .debug_str     0x0000000000000000      0x196 /usr/lib/gcc/avr/5.4.0/../../../avr/lib/avr5/crtatmega32.o

.debug_loc
 *(.debug_loc)

.debug_macinfo
 *(.debug_macinfo)

.debug_weaknames
 *(.debug_weaknames)

.debug_funcnames
 *(.debug_funcnames)

.debug_typenames
 *(.debug_typenames)

.debug_varnames
 *(.debug_varnames)

.debug_pubtypes
 *(.debug_pubtypes)

.debug_ranges
 *(.debug_ranges)

.debug_macro
 *(.debug_macro)
OUTPUT(Home_Clock.elf elf32-avr)
LOAD linker stubs
