Archive member included to satisfy reference by file (symbol)

/usr/lib/gcc/avr/5.4.0/avr5/libgcc.a(_udivmodqi4.o)
                              ./Clock.o (__udivmodqi4)
/usr/lib/gcc/avr/5.4.0/avr5/libgcc.a(_udivmodhi4.o)
                              ./Clock.o (__udivmodhi4)
/usr/lib/gcc/avr/5.4.0/avr5/libgcc.a(_divmodhi4.o)
                              ./Clock.o (__divmodhi4)
/usr/lib/gcc/avr/5.4.0/avr5/libgcc.a(_exit.o)
                              /usr/lib/gcc/avr/5.4.0/../../../avr/lib/avr5/crtatmega32.o (exit)
/usr/lib/gcc/avr/5.4.0/avr5/libgcc.a(_tablejump2.o)
                              ./timers.o (__tablejump2__)
/usr/lib/gcc/avr/5.4.0/avr5/libgcc.a(_copy_data.o)
                              ./Clock.o (__do_copy_data)
/usr/lib/gcc/avr/5.4.0/avr5/libgcc.a(_clear_bss.o)
                              ./Clock.o (__do_clear_bss)
/usr/lib/gcc/avr/5.4.0/../../../avr/lib/avr5/libc.a(memcpy.o)
                              ./queue.o (memcpy)
/usr/lib/gcc/avr/5.4.0/../../../avr/lib/avr5/libatmega32.a(eerd_block.o)
                              ./LCD_program.o (eeprom_read_block)
/usr/lib/gcc/avr/5.4.0/../../../avr/lib/avr5/libatmega32.a(eerd_byte.o)
                              ./Clock.o (eeprom_read_byte)
/usr/lib/gcc/avr/5.4.0/../../../avr/lib/avr5/libatmega32.a(eeupd_block.o)
                              ./EEPROM.o (eeprom_update_block)
/usr/lib/gcc/avr/5.4.0/../../../avr/lib/avr5/libatmega32.a(eeupd_byte.o)
                              /usr/lib/gcc/avr/5.4.0/../../../avr/lib/avr5/libatmega32.a(eeupd_block.o) (eeprom_update_r18)

Allocating common symbols
Common symbol       size              file

KBD_Au8ColsPins     0x4               ./KBD_program.o
KBD_Au8RowsPins     0x4               ./KBD_program.o
Debounce_Timer      0x2               ./Clock.o
LCD                 0x2               ./Clock.o
LCD_Alert_Timer     0x2               ./Clock.o
KPD_INT_Timer       0x2               ./Clock.o

Memory Configuration

Name             Origin             Length             Attributes
text             0x0000000000000000 0x0000000000020000 xr
data             0x0000000000800060 0x000000000000ffa0 rw !x
eeprom           0x0000000000810000 0x0000000000010000 rw !x
fuse             0x0000000000820000 0x0000000000000002 rw !x
lock             0x0000000000830000 0x0000000000000400 rw !x
signature        0x0000000000840000 0x0000000000000400 rw !x
user_signatures  0x0000000000850000 0x0000000000000400 rw !x
*default*        0x0000000000000000 0xffffffffffffffff

Linker script and memory map

LOAD /usr/lib/gcc/avr/5.4.0/../../../avr/lib/avr5/crtatmega32.o
LOAD ./Clock.o
LOAD ./DIO_Program.o
LOAD ./EEPROM.o
LOAD ./EXTI_program.o
LOAD ./KBD_program.o
LOAD ./LCD_program.o
LOAD ./PWM_T0.o
LOAD ./croutine.o
LOAD ./event_groups.o
LOAD ./heap_1.o
LOAD ./list.o
LOAD ./main.o
LOAD ./port.o
LOAD ./queue.o
LOAD ./tasks.o
LOAD ./timers.o
START GROUP
LOAD /usr/lib/gcc/avr/5.4.0/avr5/libgcc.a
LOAD /usr/lib/gcc/avr/5.4.0/../../../avr/lib/avr5/libm.a
LOAD /usr/lib/gcc/avr/5.4.0/../../../avr/lib/avr5/libc.a
LOAD /usr/lib/gcc/avr/5.4.0/../../../avr/lib/avr5/libatmega32.a
END GROUP
                0x0000000000020000                __TEXT_REGION_LENGTH__ = DEFINED (__TEXT_REGION_LENGTH__)?__TEXT_REGION_LENGTH__:0x20000
                0x000000000000ffa0                __DATA_REGION_LENGTH__ = DEFINED (__DATA_REGION_LENGTH__)?__DATA_REGION_LENGTH__:0xffa0
                0x0000000000010000                __EEPROM_REGION_LENGTH__ = DEFINED (__EEPROM_REGION_LENGTH__)?__EEPROM_REGION_LENGTH__:0x10000
                [0x0000000000000002]                __FUSE_REGION_LENGTH__ = DEFINED (__FUSE_REGION_LENGTH__)?__FUSE_REGION_LENGTH__:0x400
                0x0000000000000400                __LOCK_REGION_LENGTH__ = DEFINED (__LOCK_REGION_LENGTH__)?__LOCK_REGION_LENGTH__:0x400
                0x0000000000000400                __SIGNATURE_REGION_LENGTH__ = DEFINED (__SIGNATURE_REGION_LENGTH__)?__SIGNATURE_REGION_LENGTH__:0x400
                0x0000000000000400                __USER_SIGNATURE_REGION_LENGTH__ = DEFINED (__USER_SIGNATURE_REGION_LENGTH__)?__USER_SIGNATURE_REGION_LENGTH__:0x400

.hash
 *(.hash)

.dynsym
 *(.dynsym)

.dynstr
 *(.dynstr)

.gnu.version
 *(.gnu.version)

.gnu.version_d
 *(.gnu.version_d)

.gnu.version_r
 *(.gnu.version_r)

.rel.init
 *(.rel.init)

.rela.init
 *(.rela.init)

.rel.text
 *(.rel.text)
 *(.rel.text.*)
 *(.rel.gnu.linkonce.t*)

.rela.text
 *(.rela.text)
 *(.rela.text.*)
 *(.rela.gnu.linkonce.t*)

.rel.fini
 *(.rel.fini)

.rela.fini
 *(.rela.fini)

.rel.rodata
 *(.rel.rodata)
 *(.rel.rodata.*)
 *(.rel.gnu.linkonce.r*)

.rela.rodata
 *(.rela.rodata)
 *(.rela.rodata.*)
 *(.rela.gnu.linkonce.r*)

.rel.data
 *(.rel.data)
 *(.rel.data.*)
 *(.rel.gnu.linkonce.d*)

.rela.data
 *(.rela.data)
 *(.rela.data.*)
 *(.rela.gnu.linkonce.d*)

.rel.ctors
 *(.rel.ctors)

.rela.ctors
 *(.rela.ctors)

.rel.dtors
 *(.rel.dtors)

.rela.dtors
 *(.rela.dtors)

.rel.got
 *(.rel.got)

.rela.got
 *(.rela.got)

.rel.bss
 *(.rel.bss)

.rela.bss
 *(.rela.bss)

.rel.plt
 *(.rel.plt)

.rela.plt
 *(.rela.plt)

.text           0x0000000000000000     0x40e0
 *(.vectors)
 .vectors       0x0000000000000000       0x54 /usr/lib/gcc/avr/5.4.0/../../../avr/lib/avr5/crtatmega32.o
                0x0000000000000000                __vectors
                0x0000000000000000                __vector_default
 *(.vectors)
 *(.progmem.gcc*)
 .progmem.gcc_sw_table.prvTimerTask
                0x0000000000000054       0x14 ./timers.o
                0x0000000000000068                . = ALIGN (0x2)
                0x0000000000000068                __trampolines_start = .
 *(.trampolines)
 .trampolines   0x0000000000000068        0x0 linker stubs
 *(.trampolines*)
                0x0000000000000068                __trampolines_end = .
 *libprintf_flt.a:*(.progmem.data)
 *libc.a:*(.progmem.data)
 *(.progmem*)
                0x0000000000000068                . = ALIGN (0x2)
 *(.jumptables)
 *(.jumptables*)
 *(.lowtext)
 *(.lowtext*)
                0x0000000000000068                __ctors_start = .
 *(.ctors)
                0x0000000000000068                __ctors_end = .
                0x0000000000000068                __dtors_start = .
 *(.dtors)
                0x0000000000000068                __dtors_end = .
 SORT(*)(.ctors)
 SORT(*)(.dtors)
 *(.init0)
 .init0         0x0000000000000068        0x0 /usr/lib/gcc/avr/5.4.0/../../../avr/lib/avr5/crtatmega32.o
                0x0000000000000068                __init
 *(.init0)
 *(.init1)
 *(.init1)
 *(.init2)
 .init2         0x0000000000000068        0xc /usr/lib/gcc/avr/5.4.0/../../../avr/lib/avr5/crtatmega32.o
 *(.init2)
 *(.init3)
 *(.init3)
 *(.init4)
 .init4         0x0000000000000074       0x16 /usr/lib/gcc/avr/5.4.0/avr5/libgcc.a(_copy_data.o)
                0x0000000000000074                __do_copy_data
 .init4         0x000000000000008a       0x10 /usr/lib/gcc/avr/5.4.0/avr5/libgcc.a(_clear_bss.o)
                0x000000000000008a                __do_clear_bss
 *(.init4)
 *(.init5)
 *(.init5)
 *(.init6)
 *(.init6)
 *(.init7)
 *(.init7)
 *(.init8)
 *(.init8)
 *(.init9)
 .init9         0x000000000000009a        0x8 /usr/lib/gcc/avr/5.4.0/../../../avr/lib/avr5/crtatmega32.o
 *(.init9)
 *(.text)
 .text          0x00000000000000a2        0x4 /usr/lib/gcc/avr/5.4.0/../../../avr/lib/avr5/crtatmega32.o
                0x00000000000000a2                __vector_12
                0x00000000000000a2                __bad_interrupt
                0x00000000000000a2                __vector_6
                0x00000000000000a2                __vector_11
                0x00000000000000a2                __vector_13
                0x00000000000000a2                __vector_17
                0x00000000000000a2                __vector_19
                0x00000000000000a2                __vector_5
                0x00000000000000a2                __vector_4
                0x00000000000000a2                __vector_9
                0x00000000000000a2                __vector_15
                0x00000000000000a2                __vector_8
                0x00000000000000a2                __vector_14
                0x00000000000000a2                __vector_10
                0x00000000000000a2                __vector_16
                0x00000000000000a2                __vector_18
                0x00000000000000a2                __vector_20
 .text          0x00000000000000a6        0x0 ./Clock.o
 .text          0x00000000000000a6        0x0 ./DIO_Program.o
 .text          0x00000000000000a6        0x0 ./EEPROM.o
 .text          0x00000000000000a6        0x0 ./EXTI_program.o
 .text          0x00000000000000a6        0x0 ./KBD_program.o
 .text          0x00000000000000a6        0x0 ./LCD_program.o
 .text          0x00000000000000a6        0x0 ./PWM_T0.o
 .text          0x00000000000000a6        0x0 ./croutine.o
 .text          0x00000000000000a6        0x0 ./event_groups.o
 .text          0x00000000000000a6        0x0 ./heap_1.o
 .text          0x00000000000000a6        0x0 ./list.o
 .text          0x00000000000000a6        0x0 ./main.o
 .text          0x00000000000000a6        0x0 ./port.o
 .text          0x00000000000000a6        0x0 ./queue.o
 .text          0x00000000000000a6        0x0 ./tasks.o
 .text          0x00000000000000a6        0x0 ./timers.o
 .text          0x00000000000000a6        0x0 /usr/lib/gcc/avr/5.4.0/avr5/libgcc.a(_udivmodqi4.o)
 .text          0x00000000000000a6        0x0 /usr/lib/gcc/avr/5.4.0/avr5/libgcc.a(_udivmodhi4.o)
 .text          0x00000000000000a6        0x0 /usr/lib/gcc/avr/5.4.0/avr5/libgcc.a(_divmodhi4.o)
 .text          0x00000000000000a6        0x0 /usr/lib/gcc/avr/5.4.0/avr5/libgcc.a(_exit.o)
 .text          0x00000000000000a6        0x0 /usr/lib/gcc/avr/5.4.0/avr5/libgcc.a(_tablejump2.o)
 .text          0x00000000000000a6        0x0 /usr/lib/gcc/avr/5.4.0/avr5/libgcc.a(_copy_data.o)
 .text          0x00000000000000a6        0x0 /usr/lib/gcc/avr/5.4.0/avr5/libgcc.a(_clear_bss.o)
 .text          0x00000000000000a6        0x0 /usr/lib/gcc/avr/5.4.0/../../../avr/lib/avr5/libc.a(memcpy.o)
 .text          0x00000000000000a6        0x0 /usr/lib/gcc/avr/5.4.0/../../../avr/lib/avr5/libatmega32.a(eerd_block.o)
 .text          0x00000000000000a6        0x0 /usr/lib/gcc/avr/5.4.0/../../../avr/lib/avr5/libatmega32.a(eerd_byte.o)
 .text          0x00000000000000a6        0x0 /usr/lib/gcc/avr/5.4.0/../../../avr/lib/avr5/libatmega32.a(eeupd_block.o)
 .text          0x00000000000000a6        0x0 /usr/lib/gcc/avr/5.4.0/../../../avr/lib/avr5/libatmega32.a(eeupd_byte.o)
                0x00000000000000a6                . = ALIGN (0x2)
 *(.text.*)
 .text.Debounce
                0x00000000000000a6        0x2 ./Clock.o
                0x00000000000000a6                Debounce
 .text.LCD_Alert
                0x00000000000000a8       0x16 ./Clock.o
                0x00000000000000a8                LCD_Alert
 .text.Clock_Hours
                0x00000000000000be       0xc2 ./Clock.o
                0x00000000000000be                Clock_Hours
 .text.Clock_Minute
                0x0000000000000180       0xd8 ./Clock.o
                0x0000000000000180                Clock_Minute
 .text.Clock_Beep
                0x0000000000000258       0x24 ./Clock.o
                0x0000000000000258                Clock_Beep
 .text.Clock_Ring
                0x000000000000027c       0x6c ./Clock.o
                0x000000000000027c                Clock_Ring
 .text.Clock_Print_Default_Interface
                0x00000000000002e8       0x7a ./Clock.o
                0x00000000000002e8                Clock_Print_Default_Interface
 .text.Clock_Second
                0x0000000000000362       0x6a ./Clock.o
                0x0000000000000362                Clock_Second
 .text.Clock_Typing_Right_Arrow
                0x00000000000003cc       0x4e ./Clock.o
                0x00000000000003cc                Clock_Typing_Right_Arrow
 .text.Clock_Typing_Left_Arrow
                0x000000000000041a       0x56 ./Clock.o
                0x000000000000041a                Clock_Typing_Left_Arrow
 .text.Clock_Typing_Up_Arrow
                0x0000000000000470       0x48 ./Clock.o
                0x0000000000000470                Clock_Typing_Up_Arrow
 .text.Clock_Typing_Number
                0x00000000000004b8      0x122 ./Clock.o
                0x00000000000004b8                Clock_Typing_Number
 .text.Clock_Typing_Mode
                0x00000000000005da       0xaa ./Clock.o
                0x00000000000005da                Clock_Typing_Mode
 .text.Clock_Typing_Exit
                0x0000000000000684       0xd0 ./Clock.o
                0x0000000000000684                Clock_Typing_Exit
 .text.Clock_Typing_Enter
                0x0000000000000754       0x26 ./Clock.o
                0x0000000000000754                Clock_Typing_Enter
 .text.SignlePress
                0x000000000000077a       0x52 ./Clock.o
                0x000000000000077a                SignlePress
 .text.Clock_Alarm_Enter
                0x00000000000007cc       0x80 ./Clock.o
                0x00000000000007cc                Clock_Alarm_Enter
 .text.Clock_Alarm_Exit
                0x000000000000084c       0x68 ./Clock.o
                0x000000000000084c                Clock_Alarm_Exit
 .text.KPD_Button_INT_ISR
                0x00000000000008b4       0xd6 ./Clock.o
                0x00000000000008b4                KPD_Button_INT_ISR
 .text.Clock_Print_Alarm_Interface
                0x000000000000098a       0x54 ./Clock.o
                0x000000000000098a                Clock_Print_Alarm_Interface
 .text.Clock_Alarm
                0x00000000000009de      0x162 ./Clock.o
                0x00000000000009de                Clock_Alarm
 .text.KPD_Button_INT
                0x0000000000000b40       0x12 ./Clock.o
                0x0000000000000b40                KPD_Button_INT
 .text.Clock_Semaphore_Init
                0x0000000000000b52       0xf2 ./Clock.o
                0x0000000000000b52                Clock_Semaphore_Init
 .text.DIO_voidInitialize
                0x0000000000000c44        0xa ./DIO_Program.o
                0x0000000000000c44                DIO_voidInitialize
 .text.DIO_u8SetPinDirection
                0x0000000000000c4e       0xe2 ./DIO_Program.o
                0x0000000000000c4e                DIO_u8SetPinDirection
 .text.DIO_u8SetPinValue
                0x0000000000000d30       0xe2 ./DIO_Program.o
                0x0000000000000d30                DIO_u8SetPinValue
 .text.DIO_u8SetPortDirection
                0x0000000000000e12       0x26 ./DIO_Program.o
                0x0000000000000e12                DIO_u8SetPortDirection
 .text.DIO_u8SetPortValue
                0x0000000000000e38       0x26 ./DIO_Program.o
                0x0000000000000e38                DIO_u8SetPortValue
 .text.DIO_u8GetPinValue
                0x0000000000000e5e       0x42 ./DIO_Program.o
                0x0000000000000e5e                DIO_u8GetPinValue
 .text.DIO_u8GetPortValue
                0x0000000000000ea0       0x2a ./DIO_Program.o
                0x0000000000000ea0                DIO_u8GetPortValue
 .text.Map_Write
                0x0000000000000eca       0x14 ./EEPROM.o
                0x0000000000000eca                Map_Write
 .text.Map_Read
                0x0000000000000ede       0x82 ./EEPROM.o
                0x0000000000000ede                Map_Read
 .text.Maps_Burner
                0x0000000000000f60       0x24 ./EEPROM.o
                0x0000000000000f60                Maps_Burner
 .text.__vector_1
                0x0000000000000f84       0x52 ./EXTI_program.o
                0x0000000000000f84                __vector_1
 .text.__vector_2
                0x0000000000000fd6       0x52 ./EXTI_program.o
                0x0000000000000fd6                __vector_2
 .text.__vector_3
                0x0000000000001028       0x52 ./EXTI_program.o
                0x0000000000001028                __vector_3
 .text.voidSetCallBack
                0x000000000000107a       0x12 ./EXTI_program.o
                0x000000000000107a                voidSetCallBack
 .text.Interrupt_Initialize
                0x000000000000108c        0x8 ./EXTI_program.o
                0x000000000000108c                Interrupt_Initialize
 .text.Interrupt_Enable
                0x0000000000001094       0x20 ./EXTI_program.o
                0x0000000000001094                Interrupt_Enable
 .text.Interrupt_Disable
                0x00000000000010b4       0x20 ./EXTI_program.o
                0x00000000000010b4                Interrupt_Disable
 .text.Interrupt_Set_Level
                0x00000000000010d4       0x76 ./EXTI_program.o
                0x00000000000010d4                Interrupt_Set_Level
 .text.KBD_u8GetKeyPadState
                0x000000000000114a       0xbc ./KBD_program.o
                0x000000000000114a                KBD_u8GetKeyPadState
 .text.KBD_u8Initialize
                0x0000000000001206      0x172 ./KBD_program.o
                0x0000000000001206                KBD_u8Initialize
 .text.KBD_keys_map
                0x0000000000001378       0x20 ./KBD_program.o
                0x0000000000001378                KBD_keys_map
 .text.LCD_Void_Write
                0x0000000000001398       0x8a ./LCD_program.o
 .text.LCD_Void_Write_Cmd
                0x0000000000001422       0x14 ./LCD_program.o
                0x0000000000001422                LCD_Void_Write_Cmd
 .text.LCD_Void_Write_Data
                0x0000000000001436       0x14 ./LCD_program.o
                0x0000000000001436                LCD_Void_Write_Data
 .text.LCD_Void_Write_String
                0x000000000000144a       0x3e ./LCD_program.o
                0x000000000000144a                LCD_Void_Write_String
 .text.LCD_Void_Clear
                0x0000000000001488        0x6 ./LCD_program.o
                0x0000000000001488                LCD_Void_Clear
 .text.LCD_Void_Write_Blinking_String
                0x000000000000148e       0x38 ./LCD_program.o
                0x000000000000148e                LCD_Void_Write_Blinking_String
 .text.LCD_Set_Block
                0x00000000000014c6        0xe ./LCD_program.o
                0x00000000000014c6                LCD_Set_Block
 .text.LCD_Void_Write_Moving_String
                0x00000000000014d4       0x4e ./LCD_program.o
                0x00000000000014d4                LCD_Void_Write_Moving_String
 .text.LCD_Void_Write_CGRAM
                0x0000000000001522       0x38 ./LCD_program.o
                0x0000000000001522                LCD_Void_Write_CGRAM
 .text.LCD_Void_Write_Number
                0x000000000000155a       0x72 ./LCD_program.o
                0x000000000000155a                LCD_Void_Write_Number
 .text.LCD_Void_Write_Number_2
                0x00000000000015cc       0x1a ./LCD_program.o
                0x00000000000015cc                LCD_Void_Write_Number_2
 .text.LCD_Void_Write_Number_1
                0x00000000000015e6        0x6 ./LCD_program.o
                0x00000000000015e6                LCD_Void_Write_Number_1
 .text.LCD_Load_CGRAM
                0x00000000000015ec       0x5a ./LCD_program.o
                0x00000000000015ec                LCD_Load_CGRAM
 .text.LCD_initialize
                0x0000000000001646       0xae ./LCD_program.o
                0x0000000000001646                LCD_initialize
 .text.LCD_Void_Write_Number_3
                0x00000000000016f4       0x60 ./LCD_program.o
                0x00000000000016f4                LCD_Void_Write_Number_3
 .text.PWM_Stop
                0x0000000000001754        0x4 ./PWM_T0.o
                0x0000000000001754                PWM_Stop
 .text.PWM_Set_Prescalar
                0x0000000000001758        0xe ./PWM_T0.o
                0x0000000000001758                PWM_Set_Prescalar
 .text.PWM_Set_Duty
                0x0000000000001766        0xe ./PWM_T0.o
                0x0000000000001766                PWM_Set_Duty
 .text.PWM_Read_Sound
                0x0000000000001774       0x60 ./PWM_T0.o
                0x0000000000001774                PWM_Read_Sound
 .text.xEventGroupCreate
                0x00000000000017d4       0x26 ./event_groups.o
                0x00000000000017d4                xEventGroupCreate
 .text.xEventGroupWaitBits
                0x00000000000017fa       0xf0 ./event_groups.o
                0x00000000000017fa                xEventGroupWaitBits
 .text.xEventGroupClearBits
                0x00000000000018ea       0x1e ./event_groups.o
                0x00000000000018ea                xEventGroupClearBits
 .text.xEventGroupGetBitsFromISR
                0x0000000000001908        0x8 ./event_groups.o
                0x0000000000001908                xEventGroupGetBitsFromISR
 .text.xEventGroupSetBits
                0x0000000000001910       0xaa ./event_groups.o
                0x0000000000001910                xEventGroupSetBits
 .text.xEventGroupSync
                0x00000000000019ba       0xd6 ./event_groups.o
                0x00000000000019ba                xEventGroupSync
 .text.vEventGroupDelete
                0x0000000000001a90       0x2c ./event_groups.o
                0x0000000000001a90                vEventGroupDelete
 .text.vEventGroupSetBitsCallback
                0x0000000000001abc        0x6 ./event_groups.o
                0x0000000000001abc                vEventGroupSetBitsCallback
 .text.vEventGroupClearBitsCallback
                0x0000000000001ac2        0x6 ./event_groups.o
                0x0000000000001ac2                vEventGroupClearBitsCallback
 .text.pvPortMalloc
                0x0000000000001ac8       0x64 ./heap_1.o
                0x0000000000001ac8                pvPortMalloc
 .text.vPortFree
                0x0000000000001b2c        0x2 ./heap_1.o
                0x0000000000001b2c                vPortFree
 .text.vPortInitialiseBlocks
                0x0000000000001b2e        0xa ./heap_1.o
                0x0000000000001b2e                vPortInitialiseBlocks
 .text.xPortGetFreeHeapSize
                0x0000000000001b38       0x12 ./heap_1.o
                0x0000000000001b38                xPortGetFreeHeapSize
 .text.vListInitialise
                0x0000000000001b4a       0x1c ./list.o
                0x0000000000001b4a                vListInitialise
 .text.vListInitialiseItem
                0x0000000000001b66        0x8 ./list.o
                0x0000000000001b66                vListInitialiseItem
 .text.vListInsertEnd
                0x0000000000001b6e       0x42 ./list.o
                0x0000000000001b6e                vListInsertEnd
 .text.vListInsert
                0x0000000000001bb0       0x70 ./list.o
                0x0000000000001bb0                vListInsert
 .text.uxListRemove
                0x0000000000001c20       0x48 ./list.o
                0x0000000000001c20                uxListRemove
 .text.startup.main
                0x0000000000001c68       0x7a ./main.o
                0x0000000000001c68                main
 .text.pxPortInitialiseStack
                0x0000000000001ce2       0xd8 ./port.o
                0x0000000000001ce2                pxPortInitialiseStack
 .text.xPortStartScheduler
                0x0000000000001dba       0x6c ./port.o
                0x0000000000001dba                xPortStartScheduler
 .text.vPortEndScheduler
                0x0000000000001e26        0x2 ./port.o
                0x0000000000001e26                vPortEndScheduler
 .text.vPortYield
                0x0000000000001e28       0xb2 ./port.o
                0x0000000000001e28                vPortYield
 .text.vPortYieldFromTick
                0x0000000000001eda       0xb8 ./port.o
                0x0000000000001eda                vPortYieldFromTick
 .text.__vector_7
                0x0000000000001f92        0x6 ./port.o
                0x0000000000001f92                __vector_7
 .text.prvIsQueueEmpty
                0x0000000000001f98       0x16 ./queue.o
 .text.prvCopyDataToQueue
                0x0000000000001fae       0xa6 ./queue.o
 .text.prvCopyDataFromQueue
                0x0000000000002054       0x34 ./queue.o
 .text.prvUnlockQueue
                0x0000000000002088       0x7c ./queue.o
 .text.xQueueGenericReset
                0x0000000000002104       0x7e ./queue.o
                0x0000000000002104                xQueueGenericReset
 .text.xQueueGenericCreate
                0x0000000000002182       0x50 ./queue.o
                0x0000000000002182                xQueueGenericCreate
 .text.xQueueGenericSend
                0x00000000000021d2      0x12c ./queue.o
                0x00000000000021d2                xQueueGenericSend
 .text.xQueueCreateMutex
                0x00000000000022fe       0x34 ./queue.o
                0x00000000000022fe                xQueueCreateMutex
 .text.xQueueGenericSendFromISR
                0x0000000000002332       0x5e ./queue.o
                0x0000000000002332                xQueueGenericSendFromISR
 .text.xQueueGiveFromISR
                0x0000000000002390       0x46 ./queue.o
                0x0000000000002390                xQueueGiveFromISR
 .text.xQueueReceive
                0x00000000000023d6      0x124 ./queue.o
                0x00000000000023d6                xQueueReceive
 .text.xQueueSemaphoreTake
                0x00000000000024fa      0x184 ./queue.o
                0x00000000000024fa                xQueueSemaphoreTake
 .text.xQueuePeek
                0x000000000000267e      0x124 ./queue.o
                0x000000000000267e                xQueuePeek
 .text.xQueueReceiveFromISR
                0x00000000000027a2       0x5e ./queue.o
                0x00000000000027a2                xQueueReceiveFromISR
 .text.xQueuePeekFromISR
                0x0000000000002800       0x2e ./queue.o
                0x0000000000002800                xQueuePeekFromISR
 .text.uxQueueMessagesWaiting
                0x000000000000282e       0x10 ./queue.o
                0x000000000000282e                uxQueueMessagesWaiting
 .text.uxQueueSpacesAvailable
                0x000000000000283e       0x14 ./queue.o
                0x000000000000283e                uxQueueSpacesAvailable
 .text.uxQueueMessagesWaitingFromISR
                0x0000000000002852        0x6 ./queue.o
                0x0000000000002852                uxQueueMessagesWaitingFromISR
 .text.vQueueDelete
                0x0000000000002858        0x4 ./queue.o
                0x0000000000002858                vQueueDelete
 .text.xQueueIsQueueEmptyFromISR
                0x000000000000285c        0xc ./queue.o
                0x000000000000285c                xQueueIsQueueEmptyFromISR
 .text.xQueueIsQueueFullFromISR
                0x0000000000002868        0xe ./queue.o
                0x0000000000002868                xQueueIsQueueFullFromISR
 .text.vQueueWaitForMessageRestricted
                0x0000000000002876       0x38 ./queue.o
                0x0000000000002876                vQueueWaitForMessageRestricted
 .text.prvResetNextTaskUnblockTime
                0x00000000000028ae       0x36 ./tasks.o
 .text.prvAddCurrentTaskToDelayedList
                0x00000000000028e4       0xb8 ./tasks.o
 .text.prvIdleTask
                0x000000000000299c       0x58 ./tasks.o
 .text.xTaskCreate
                0x00000000000029f4      0x204 ./tasks.o
                0x00000000000029f4                xTaskCreate
 .text.vTaskDelete
                0x0000000000002bf8       0xaa ./tasks.o
                0x0000000000002bf8                vTaskDelete
 .text.vTaskResume
                0x0000000000002ca2       0x8e ./tasks.o
                0x0000000000002ca2                vTaskResume
 .text.xTaskResumeFromISR
                0x0000000000002d30       0x90 ./tasks.o
                0x0000000000002d30                xTaskResumeFromISR
 .text.vTaskStartScheduler
                0x0000000000002dc0       0x5c ./tasks.o
                0x0000000000002dc0                vTaskStartScheduler
 .text.vTaskEndScheduler
                0x0000000000002e1c        0xa ./tasks.o
                0x0000000000002e1c                vTaskEndScheduler
 .text.vTaskSuspendAll
                0x0000000000002e26        0xc ./tasks.o
                0x0000000000002e26                vTaskSuspendAll
 .text.xTaskGetTickCount
                0x0000000000002e32       0x14 ./tasks.o
                0x0000000000002e32                xTaskGetTickCount
 .text.xTaskGetTickCountFromISR
                0x0000000000002e46        0xa ./tasks.o
                0x0000000000002e46                xTaskGetTickCountFromISR
 .text.uxTaskGetNumberOfTasks
                0x0000000000002e50        0x6 ./tasks.o
                0x0000000000002e50                uxTaskGetNumberOfTasks
 .text.pcTaskGetName
                0x0000000000002e56       0x10 ./tasks.o
                0x0000000000002e56                pcTaskGetName
 .text.xTaskIncrementTick
                0x0000000000002e66      0x158 ./tasks.o
                0x0000000000002e66                xTaskIncrementTick
 .text.xTaskResumeAll
                0x0000000000002fbe       0xde ./tasks.o
                0x0000000000002fbe                xTaskResumeAll
 .text.vTaskDelayUntil
                0x000000000000309c       0x70 ./tasks.o
                0x000000000000309c                vTaskDelayUntil
 .text.vTaskDelay
                0x000000000000310c       0x2a ./tasks.o
                0x000000000000310c                vTaskDelay
 .text.vTaskSwitchContext
                0x0000000000003136       0x86 ./tasks.o
                0x0000000000003136                vTaskSwitchContext
 .text.vTaskSuspend
                0x00000000000031bc       0xac ./tasks.o
                0x00000000000031bc                vTaskSuspend
 .text.vTaskPlaceOnEventList
                0x0000000000003268       0x22 ./tasks.o
                0x0000000000003268                vTaskPlaceOnEventList
 .text.vTaskPlaceOnUnorderedEventList
                0x000000000000328a       0x30 ./tasks.o
                0x000000000000328a                vTaskPlaceOnUnorderedEventList
 .text.vTaskPlaceOnEventListRestricted
                0x00000000000032ba       0x30 ./tasks.o
                0x00000000000032ba                vTaskPlaceOnEventListRestricted
 .text.xTaskRemoveFromEventList
                0x00000000000032ea       0x80 ./tasks.o
                0x00000000000032ea                xTaskRemoveFromEventList
 .text.vTaskRemoveFromUnorderedEventList
                0x000000000000336a       0x64 ./tasks.o
                0x000000000000336a                vTaskRemoveFromUnorderedEventList
 .text.vTaskSetTimeOutState
                0x00000000000033ce       0x20 ./tasks.o
                0x00000000000033ce                vTaskSetTimeOutState
 .text.vTaskInternalSetTimeOutState
                0x00000000000033ee       0x16 ./tasks.o
                0x00000000000033ee                vTaskInternalSetTimeOutState
 .text.xTaskCheckForTimeOut
                0x0000000000003404       0x66 ./tasks.o
                0x0000000000003404                xTaskCheckForTimeOut
 .text.vTaskMissedYield
                0x000000000000346a        0x8 ./tasks.o
                0x000000000000346a                vTaskMissedYield
 .text.xTaskGetCurrentTaskHandle
                0x0000000000003472        0xa ./tasks.o
                0x0000000000003472                xTaskGetCurrentTaskHandle
 .text.xTaskGetSchedulerState
                0x000000000000347c       0x1c ./tasks.o
                0x000000000000347c                xTaskGetSchedulerState
 .text.xTaskPriorityInherit
                0x0000000000003498       0xc6 ./tasks.o
                0x0000000000003498                xTaskPriorityInherit
 .text.xTaskPriorityDisinherit
                0x000000000000355e       0x74 ./tasks.o
                0x000000000000355e                xTaskPriorityDisinherit
 .text.vTaskPriorityDisinheritAfterTimeout
                0x00000000000035d2       0x8e ./tasks.o
                0x00000000000035d2                vTaskPriorityDisinheritAfterTimeout
 .text.uxTaskResetEventItemValue
                0x0000000000003660       0x2e ./tasks.o
                0x0000000000003660                uxTaskResetEventItemValue
 .text.pvTaskIncrementMutexHeldCount
                0x000000000000368e       0x24 ./tasks.o
                0x000000000000368e                pvTaskIncrementMutexHeldCount
 .text.ulTaskNotifyTake
                0x00000000000036b2       0xa2 ./tasks.o
                0x00000000000036b2                ulTaskNotifyTake
 .text.xTaskNotifyWait
                0x0000000000003754      0x110 ./tasks.o
                0x0000000000003754                xTaskNotifyWait
 .text.xTaskGenericNotify
                0x0000000000003864       0xd2 ./tasks.o
                0x0000000000003864                xTaskGenericNotify
 .text.xTaskGenericNotifyFromISR
                0x0000000000003936       0xf4 ./tasks.o
                0x0000000000003936                xTaskGenericNotifyFromISR
 .text.vTaskNotifyGiveFromISR
                0x0000000000003a2a       0xa4 ./tasks.o
                0x0000000000003a2a                vTaskNotifyGiveFromISR
 .text.xTaskNotifyStateClear
                0x0000000000003ace       0x28 ./tasks.o
                0x0000000000003ace                xTaskNotifyStateClear
 .text.prvCheckForValidListAndQueue
                0x0000000000003af6       0x52 ./timers.o
 .text.prvInsertTimerInActiveList
                0x0000000000003b48       0x54 ./timers.o
 .text.xTimerCreateTimerTask
                0x0000000000003b9c       0x40 ./timers.o
                0x0000000000003b9c                xTimerCreateTimerTask
 .text.xTimerCreate
                0x0000000000003bdc       0x6e ./timers.o
                0x0000000000003bdc                xTimerCreate
 .text.xTimerGenericCommand
                0x0000000000003c4a       0x7e ./timers.o
                0x0000000000003c4a                xTimerGenericCommand
 .text.prvSwitchTimerLists
                0x0000000000003cc8       0xa2 ./timers.o
 .text.prvTimerTask
                0x0000000000003d6a      0x206 ./timers.o
 .text.xTimerGetTimerDaemonTaskHandle
                0x0000000000003f70        0xa ./timers.o
                0x0000000000003f70                xTimerGetTimerDaemonTaskHandle
 .text.xTimerGetPeriod
                0x0000000000003f7a        0x8 ./timers.o
                0x0000000000003f7a                xTimerGetPeriod
 .text.vTimerSetReloadMode
                0x0000000000003f82       0x1c ./timers.o
                0x0000000000003f82                vTimerSetReloadMode
 .text.xTimerGetExpiryTime
                0x0000000000003f9e        0x8 ./timers.o
                0x0000000000003f9e                xTimerGetExpiryTime
 .text.pcTimerGetName
                0x0000000000003fa6        0x8 ./timers.o
                0x0000000000003fa6                pcTimerGetName
 .text.xTimerIsTimerActive
                0x0000000000003fae       0x12 ./timers.o
                0x0000000000003fae                xTimerIsTimerActive
 .text.pvTimerGetTimerID
                0x0000000000003fc0       0x12 ./timers.o
                0x0000000000003fc0                pvTimerGetTimerID
 .text.vTimerSetTimerID
                0x0000000000003fd2       0x12 ./timers.o
                0x0000000000003fd2                vTimerSetTimerID
 .text.libgcc.mul
                0x0000000000003fe4        0x0 /usr/lib/gcc/avr/5.4.0/avr5/libgcc.a(_udivmodqi4.o)
 .text.libgcc.div
                0x0000000000003fe4       0x18 /usr/lib/gcc/avr/5.4.0/avr5/libgcc.a(_udivmodqi4.o)
                0x0000000000003fe4                __udivmodqi4
 .text.libgcc   0x0000000000003ffc        0x0 /usr/lib/gcc/avr/5.4.0/avr5/libgcc.a(_udivmodqi4.o)
 .text.libgcc.prologue
                0x0000000000003ffc        0x0 /usr/lib/gcc/avr/5.4.0/avr5/libgcc.a(_udivmodqi4.o)
 .text.libgcc.builtins
                0x0000000000003ffc        0x0 /usr/lib/gcc/avr/5.4.0/avr5/libgcc.a(_udivmodqi4.o)
 .text.libgcc.fmul
                0x0000000000003ffc        0x0 /usr/lib/gcc/avr/5.4.0/avr5/libgcc.a(_udivmodqi4.o)
 .text.libgcc.fixed
                0x0000000000003ffc        0x0 /usr/lib/gcc/avr/5.4.0/avr5/libgcc.a(_udivmodqi4.o)
 .text.libgcc.mul
                0x0000000000003ffc        0x0 /usr/lib/gcc/avr/5.4.0/avr5/libgcc.a(_udivmodhi4.o)
 .text.libgcc.div
                0x0000000000003ffc       0x28 /usr/lib/gcc/avr/5.4.0/avr5/libgcc.a(_udivmodhi4.o)
                0x0000000000003ffc                __udivmodhi4
 .text.libgcc   0x0000000000004024        0x0 /usr/lib/gcc/avr/5.4.0/avr5/libgcc.a(_udivmodhi4.o)
 .text.libgcc.prologue
                0x0000000000004024        0x0 /usr/lib/gcc/avr/5.4.0/avr5/libgcc.a(_udivmodhi4.o)
 .text.libgcc.builtins
                0x0000000000004024        0x0 /usr/lib/gcc/avr/5.4.0/avr5/libgcc.a(_udivmodhi4.o)
 .text.libgcc.fmul
                0x0000000000004024        0x0 /usr/lib/gcc/avr/5.4.0/avr5/libgcc.a(_udivmodhi4.o)
 .text.libgcc.fixed
                0x0000000000004024        0x0 /usr/lib/gcc/avr/5.4.0/avr5/libgcc.a(_udivmodhi4.o)
 .text.libgcc.mul
                0x0000000000004024        0x0 /usr/lib/gcc/avr/5.4.0/avr5/libgcc.a(_divmodhi4.o)
 .text.libgcc.div
                0x0000000000004024       0x28 /usr/lib/gcc/avr/5.4.0/avr5/libgcc.a(_divmodhi4.o)
                0x0000000000004024                __divmodhi4
                0x0000000000004024                _div
 .text.libgcc   0x000000000000404c        0x0 /usr/lib/gcc/avr/5.4.0/avr5/libgcc.a(_divmodhi4.o)
 .text.libgcc.prologue
                0x000000000000404c        0x0 /usr/lib/gcc/avr/5.4.0/avr5/libgcc.a(_divmodhi4.o)
 .text.libgcc.builtins
                0x000000000000404c        0x0 /usr/lib/gcc/avr/5.4.0/avr5/libgcc.a(_divmodhi4.o)
 .text.libgcc.fmul
                0x000000000000404c        0x0 /usr/lib/gcc/avr/5.4.0/avr5/libgcc.a(_divmodhi4.o)
 .text.libgcc.fixed
                0x000000000000404c        0x0 /usr/lib/gcc/avr/5.4.0/avr5/libgcc.a(_divmodhi4.o)
 .text.libgcc.mul
                0x000000000000404c        0x0 /usr/lib/gcc/avr/5.4.0/avr5/libgcc.a(_exit.o)
 .text.libgcc.div
                0x000000000000404c        0x0 /usr/lib/gcc/avr/5.4.0/avr5/libgcc.a(_exit.o)
 .text.libgcc   0x000000000000404c        0x0 /usr/lib/gcc/avr/5.4.0/avr5/libgcc.a(_exit.o)
 .text.libgcc.prologue
                0x000000000000404c        0x0 /usr/lib/gcc/avr/5.4.0/avr5/libgcc.a(_exit.o)
 .text.libgcc.builtins
                0x000000000000404c        0x0 /usr/lib/gcc/avr/5.4.0/avr5/libgcc.a(_exit.o)
 .text.libgcc.fmul
                0x000000000000404c        0x0 /usr/lib/gcc/avr/5.4.0/avr5/libgcc.a(_exit.o)
 .text.libgcc.fixed
                0x000000000000404c        0x0 /usr/lib/gcc/avr/5.4.0/avr5/libgcc.a(_exit.o)
 .text.libgcc.mul
                0x000000000000404c        0x0 /usr/lib/gcc/avr/5.4.0/avr5/libgcc.a(_tablejump2.o)
 .text.libgcc.div
                0x000000000000404c        0x0 /usr/lib/gcc/avr/5.4.0/avr5/libgcc.a(_tablejump2.o)
 .text.libgcc   0x000000000000404c        0xc /usr/lib/gcc/avr/5.4.0/avr5/libgcc.a(_tablejump2.o)
                0x000000000000404c                __tablejump2__
 .text.libgcc.prologue
                0x0000000000004058        0x0 /usr/lib/gcc/avr/5.4.0/avr5/libgcc.a(_tablejump2.o)
 .text.libgcc.builtins
                0x0000000000004058        0x0 /usr/lib/gcc/avr/5.4.0/avr5/libgcc.a(_tablejump2.o)
 .text.libgcc.fmul
                0x0000000000004058        0x0 /usr/lib/gcc/avr/5.4.0/avr5/libgcc.a(_tablejump2.o)
 .text.libgcc.fixed
                0x0000000000004058        0x0 /usr/lib/gcc/avr/5.4.0/avr5/libgcc.a(_tablejump2.o)
 .text.libgcc.mul
                0x0000000000004058        0x0 /usr/lib/gcc/avr/5.4.0/avr5/libgcc.a(_copy_data.o)
 .text.libgcc.div
                0x0000000000004058        0x0 /usr/lib/gcc/avr/5.4.0/avr5/libgcc.a(_copy_data.o)
 .text.libgcc   0x0000000000004058        0x0 /usr/lib/gcc/avr/5.4.0/avr5/libgcc.a(_copy_data.o)
 .text.libgcc.prologue
                0x0000000000004058        0x0 /usr/lib/gcc/avr/5.4.0/avr5/libgcc.a(_copy_data.o)
 .text.libgcc.builtins
                0x0000000000004058        0x0 /usr/lib/gcc/avr/5.4.0/avr5/libgcc.a(_copy_data.o)
 .text.libgcc.fmul
                0x0000000000004058        0x0 /usr/lib/gcc/avr/5.4.0/avr5/libgcc.a(_copy_data.o)
 .text.libgcc.fixed
                0x0000000000004058        0x0 /usr/lib/gcc/avr/5.4.0/avr5/libgcc.a(_copy_data.o)
 .text.libgcc.mul
                0x0000000000004058        0x0 /usr/lib/gcc/avr/5.4.0/avr5/libgcc.a(_clear_bss.o)
 .text.libgcc.div
                0x0000000000004058        0x0 /usr/lib/gcc/avr/5.4.0/avr5/libgcc.a(_clear_bss.o)
 .text.libgcc   0x0000000000004058        0x0 /usr/lib/gcc/avr/5.4.0/avr5/libgcc.a(_clear_bss.o)
 .text.libgcc.prologue
                0x0000000000004058        0x0 /usr/lib/gcc/avr/5.4.0/avr5/libgcc.a(_clear_bss.o)
 .text.libgcc.builtins
                0x0000000000004058        0x0 /usr/lib/gcc/avr/5.4.0/avr5/libgcc.a(_clear_bss.o)
 .text.libgcc.fmul
                0x0000000000004058        0x0 /usr/lib/gcc/avr/5.4.0/avr5/libgcc.a(_clear_bss.o)
 .text.libgcc.fixed
                0x0000000000004058        0x0 /usr/lib/gcc/avr/5.4.0/avr5/libgcc.a(_clear_bss.o)
 .text.avr-libc
                0x0000000000004058       0x12 /usr/lib/gcc/avr/5.4.0/../../../avr/lib/avr5/libc.a(memcpy.o)
                0x0000000000004058                memcpy
 .text.avr-libc
                0x000000000000406a       0x20 /usr/lib/gcc/avr/5.4.0/../../../avr/lib/avr5/libatmega32.a(eerd_block.o)
                0x000000000000406a                eeprom_read_block
                0x000000000000406e                eeprom_read_blraw
 .text.avr-libc
                0x000000000000408a       0x10 /usr/lib/gcc/avr/5.4.0/../../../avr/lib/avr5/libatmega32.a(eerd_byte.o)
                0x000000000000408a                eeprom_read_byte
 .text.avr-libc
                0x000000000000409a       0x20 /usr/lib/gcc/avr/5.4.0/../../../avr/lib/avr5/libatmega32.a(eeupd_block.o)
                0x000000000000409a                eeprom_update_block
 .text.avr-libc
                0x00000000000040ba       0x22 /usr/lib/gcc/avr/5.4.0/../../../avr/lib/avr5/libatmega32.a(eeupd_byte.o)
                0x00000000000040ba                eeprom_update_byte
                0x00000000000040bc                eeprom_update_r18
                0x00000000000040dc                . = ALIGN (0x2)
 *(.fini9)
 .fini9         0x00000000000040dc        0x0 /usr/lib/gcc/avr/5.4.0/avr5/libgcc.a(_exit.o)
                0x00000000000040dc                exit
                0x00000000000040dc                _exit
 *(.fini9)
 *(.fini8)
 *(.fini8)
 *(.fini7)
 *(.fini7)
 *(.fini6)
 *(.fini6)
 *(.fini5)
 *(.fini5)
 *(.fini4)
 *(.fini4)
 *(.fini3)
 *(.fini3)
 *(.fini2)
 *(.fini2)
 *(.fini1)
 *(.fini1)
 *(.fini0)
 .fini0         0x00000000000040dc        0x4 /usr/lib/gcc/avr/5.4.0/avr5/libgcc.a(_exit.o)
 *(.fini0)
                0x00000000000040e0                _etext = .

.data           0x0000000000800060       0x90 load address 0x00000000000040e0
                0x0000000000800060                PROVIDE (__data_start, .)
 *(.data)
 .data          0x0000000000800060        0x0 /usr/lib/gcc/avr/5.4.0/../../../avr/lib/avr5/crtatmega32.o
 .data          0x0000000000800060        0x0 ./Clock.o
 .data          0x0000000000800060        0x0 ./DIO_Program.o
 .data          0x0000000000800060        0x0 ./EEPROM.o
 .data          0x0000000000800060        0x0 ./EXTI_program.o
 .data          0x0000000000800060        0x0 ./KBD_program.o
 .data          0x0000000000800060        0x0 ./LCD_program.o
 .data          0x0000000000800060        0x0 ./PWM_T0.o
 .data          0x0000000000800060        0x0 ./croutine.o
 .data          0x0000000000800060        0x0 ./event_groups.o
 .data          0x0000000000800060        0x0 ./heap_1.o
 .data          0x0000000000800060        0x0 ./list.o
 .data          0x0000000000800060        0x0 ./main.o
 .data          0x0000000000800060        0x0 ./port.o
 .data          0x0000000000800060        0x0 ./queue.o
 .data          0x0000000000800060        0x0 ./tasks.o
 .data          0x0000000000800060        0x0 ./timers.o
 .data          0x0000000000800060        0x0 /usr/lib/gcc/avr/5.4.0/avr5/libgcc.a(_udivmodqi4.o)
 .data          0x0000000000800060        0x0 /usr/lib/gcc/avr/5.4.0/avr5/libgcc.a(_udivmodhi4.o)
 .data          0x0000000000800060        0x0 /usr/lib/gcc/avr/5.4.0/avr5/libgcc.a(_divmodhi4.o)
 .data          0x0000000000800060        0x0 /usr/lib/gcc/avr/5.4.0/avr5/libgcc.a(_exit.o)
 .data          0x0000000000800060        0x0 /usr/lib/gcc/avr/5.4.0/avr5/libgcc.a(_tablejump2.o)
 .data          0x0000000000800060        0x0 /usr/lib/gcc/avr/5.4.0/avr5/libgcc.a(_copy_data.o)
 .data          0x0000000000800060        0x0 /usr/lib/gcc/avr/5.4.0/avr5/libgcc.a(_clear_bss.o)
 .data          0x0000000000800060        0x0 /usr/lib/gcc/avr/5.4.0/../../../avr/lib/avr5/libc.a(memcpy.o)
 .data          0x0000000000800060        0x0 /usr/lib/gcc/avr/5.4.0/../../../avr/lib/avr5/libatmega32.a(eerd_block.o)
 .data          0x0000000000800060        0x0 /usr/lib/gcc/avr/5.4.0/../../../avr/lib/avr5/libatmega32.a(eerd_byte.o)
 .data          0x0000000000800060        0x0 /usr/lib/gcc/avr/5.4.0/../../../avr/lib/avr5/libatmega32.a(eeupd_block.o)
 .data          0x0000000000800060        0x0 /usr/lib/gcc/avr/5.4.0/../../../avr/lib/avr5/libatmega32.a(eeupd_byte.o)
 *(.data*)
 .data.current_block
                0x0000000000800060        0x1 ./Clock.o
                0x0000000000800060                current_block
 .data.key_map  0x0000000000800061       0x10 ./KBD_program.o
                0x0000000000800061                key_map
 *(.rodata)
 *(.rodata*)
 .rodata.str1.1
                0x0000000000800071       0x69 ./Clock.o
                                         0x6f (size before relaxing)
 .rodata.str1.1
                0x00000000008000da        0x8 ./main.o
 .rodata.str1.1
                0x00000000008000e2        0x5 ./tasks.o
 .rodata.str1.1
                0x00000000008000e7        0x8 ./timers.o
 *(.gnu.linkonce.d*)
                0x00000000008000f0                . = ALIGN (0x2)
 *fill*         0x00000000008000ef        0x1 
                0x00000000008000f0                _edata = .
                0x00000000008000f0                PROVIDE (__data_end, .)

.bss            0x00000000008000f0      0x698
                0x00000000008000f0                PROVIDE (__bss_start, .)
 *(.bss)
 .bss           0x00000000008000f0        0x0 /usr/lib/gcc/avr/5.4.0/../../../avr/lib/avr5/crtatmega32.o
 .bss           0x00000000008000f0        0x0 ./Clock.o
 .bss           0x00000000008000f0        0x0 ./DIO_Program.o
 .bss           0x00000000008000f0        0x0 ./EEPROM.o
 .bss           0x00000000008000f0        0x0 ./EXTI_program.o
 .bss           0x00000000008000f0        0x0 ./KBD_program.o
 .bss           0x00000000008000f0        0x0 ./LCD_program.o
 .bss           0x00000000008000f0        0x0 ./PWM_T0.o
 .bss           0x00000000008000f0        0x0 ./croutine.o
 .bss           0x00000000008000f0        0x0 ./event_groups.o
 .bss           0x00000000008000f0        0x0 ./heap_1.o
 .bss           0x00000000008000f0        0x0 ./list.o
 .bss           0x00000000008000f0        0x0 ./main.o
 .bss           0x00000000008000f0        0x0 ./port.o
 .bss           0x00000000008000f0        0x0 ./queue.o
 .bss           0x00000000008000f0        0x0 ./tasks.o
 .bss           0x00000000008000f0        0x0 ./timers.o
 .bss           0x00000000008000f0        0x0 /usr/lib/gcc/avr/5.4.0/avr5/libgcc.a(_udivmodqi4.o)
 .bss           0x00000000008000f0        0x0 /usr/lib/gcc/avr/5.4.0/avr5/libgcc.a(_udivmodhi4.o)
 .bss           0x00000000008000f0        0x0 /usr/lib/gcc/avr/5.4.0/avr5/libgcc.a(_divmodhi4.o)
 .bss           0x00000000008000f0        0x0 /usr/lib/gcc/avr/5.4.0/avr5/libgcc.a(_exit.o)
 .bss           0x00000000008000f0        0x0 /usr/lib/gcc/avr/5.4.0/avr5/libgcc.a(_tablejump2.o)
 .bss           0x00000000008000f0        0x0 /usr/lib/gcc/avr/5.4.0/avr5/libgcc.a(_copy_data.o)
 .bss           0x00000000008000f0        0x0 /usr/lib/gcc/avr/5.4.0/avr5/libgcc.a(_clear_bss.o)
 .bss           0x00000000008000f0        0x0 /usr/lib/gcc/avr/5.4.0/../../../avr/lib/avr5/libc.a(memcpy.o)
 .bss           0x00000000008000f0        0x0 /usr/lib/gcc/avr/5.4.0/../../../avr/lib/avr5/libatmega32.a(eerd_block.o)
 .bss           0x00000000008000f0        0x0 /usr/lib/gcc/avr/5.4.0/../../../avr/lib/avr5/libatmega32.a(eerd_byte.o)
 .bss           0x00000000008000f0        0x0 /usr/lib/gcc/avr/5.4.0/../../../avr/lib/avr5/libatmega32.a(eeupd_block.o)
 .bss           0x00000000008000f0        0x0 /usr/lib/gcc/avr/5.4.0/../../../avr/lib/avr5/libatmega32.a(eeupd_byte.o)
 *(.bss*)
 .bss.Beep_handle
                0x00000000008000f0        0x2 ./Clock.o
                0x00000000008000f0                Beep_handle
 .bss.KPD_handle_INT
                0x00000000008000f2        0x2 ./Clock.o
                0x00000000008000f2                KPD_handle_INT
 .bss.KPD_handle
                0x00000000008000f4        0x2 ./Clock.o
                0x00000000008000f4                KPD_handle
 .bss.Ring_handle
                0x00000000008000f6        0x2 ./Clock.o
                0x00000000008000f6                Ring_handle
 .bss.Alarm_handle
                0x00000000008000f8        0x2 ./Clock.o
                0x00000000008000f8                Alarm_handle
 .bss.Hours_handle
                0x00000000008000fa        0x2 ./Clock.o
                0x00000000008000fa                Hours_handle
 .bss.Minutes_handle
                0x00000000008000fc        0x2 ./Clock.o
                0x00000000008000fc                Minutes_handle
 .bss.flags     0x00000000008000fe        0x2 ./Clock.o
                0x00000000008000fe                flags
 .bss.Alarm_AM_PM
                0x0000000000800100        0x1 ./Clock.o
                0x0000000000800100                Alarm_AM_PM
 .bss.Alarm_Hours
                0x0000000000800101        0x1 ./Clock.o
                0x0000000000800101                Alarm_Hours
 .bss.Alarm_Minutes
                0x0000000000800102        0x1 ./Clock.o
                0x0000000000800102                Alarm_Minutes
 .bss.AM_PM     0x0000000000800103        0x1 ./Clock.o
                0x0000000000800103                AM_PM
 .bss.Hours     0x0000000000800104        0x1 ./Clock.o
                0x0000000000800104                Hours
 .bss.Minutes   0x0000000000800105        0x1 ./Clock.o
                0x0000000000800105                Minutes
 .bss.Seconds   0x0000000000800106        0x1 ./Clock.o
                0x0000000000800106                Seconds
 .bss.PvoidCallBack
                0x0000000000800107        0x6 ./EXTI_program.o
 .bss.pucAlignedHeap.2085
                0x000000000080010d        0x2 ./heap_1.o
 .bss.xNextFreeByte
                0x000000000080010f        0x2 ./heap_1.o
 .bss.ucHeap    0x0000000000800111      0x5dc ./heap_1.o
 .bss.uxSchedulerSuspended
                0x00000000008006ed        0x1 ./tasks.o
 .bss.xIdleTaskHandle
                0x00000000008006ee        0x2 ./tasks.o
 .bss.xNextTaskUnblockTime
                0x00000000008006f0        0x2 ./tasks.o
 .bss.uxTaskNumber
                0x00000000008006f2        0x1 ./tasks.o
 .bss.xNumOfOverflows
                0x00000000008006f3        0x1 ./tasks.o
 .bss.xYieldPending
                0x00000000008006f4        0x1 ./tasks.o
 .bss.uxPendedTicks
                0x00000000008006f5        0x1 ./tasks.o
 .bss.xSchedulerRunning
                0x00000000008006f6        0x1 ./tasks.o
 .bss.uxTopReadyPriority
                0x00000000008006f7        0x1 ./tasks.o
 .bss.xTickCount
                0x00000000008006f8        0x2 ./tasks.o
 .bss.uxCurrentNumberOfTasks
                0x00000000008006fa        0x1 ./tasks.o
 .bss.xSuspendedTaskList
                0x00000000008006fb        0x9 ./tasks.o
 .bss.uxDeletedTasksWaitingCleanUp
                0x0000000000800704        0x1 ./tasks.o
 .bss.xTasksWaitingTermination
                0x0000000000800705        0x9 ./tasks.o
 .bss.xPendingReadyList
                0x000000000080070e        0x9 ./tasks.o
 .bss.pxOverflowDelayedTaskList
                0x0000000000800717        0x2 ./tasks.o
 .bss.pxDelayedTaskList
                0x0000000000800719        0x2 ./tasks.o
 .bss.xDelayedTaskList2
                0x000000000080071b        0x9 ./tasks.o
 .bss.xDelayedTaskList1
                0x0000000000800724        0x9 ./tasks.o
 .bss.pxReadyTasksLists
                0x000000000080072d       0x2d ./tasks.o
 .bss.pxCurrentTCB
                0x000000000080075a        0x2 ./tasks.o
                0x000000000080075a                pxCurrentTCB
 .bss.xLastTime.2378
                0x000000000080075c        0x2 ./timers.o
 .bss.xTimerTaskHandle
                0x000000000080075e        0x2 ./timers.o
 .bss.xTimerQueue
                0x0000000000800760        0x2 ./timers.o
 .bss.pxOverflowTimerList
                0x0000000000800762        0x2 ./timers.o
 .bss.pxCurrentTimerList
                0x0000000000800764        0x2 ./timers.o
 .bss.xActiveTimerList2
                0x0000000000800766        0x9 ./timers.o
 .bss.xActiveTimerList1
                0x000000000080076f        0x9 ./timers.o
 *(COMMON)
 COMMON         0x0000000000800778        0x8 ./Clock.o
                0x0000000000800778                Debounce_Timer
                0x000000000080077a                LCD
                0x000000000080077c                LCD_Alert_Timer
                0x000000000080077e                KPD_INT_Timer
 COMMON         0x0000000000800780        0x8 ./KBD_program.o
                0x0000000000800780                KBD_Au8ColsPins
                0x0000000000800784                KBD_Au8RowsPins
                0x0000000000800788                PROVIDE (__bss_end, .)
                0x00000000000040e0                __data_load_start = LOADADDR (.data)
                0x0000000000004170                __data_load_end = (__data_load_start + SIZEOF (.data))

.noinit         0x0000000000800788        0x0
                [!provide]                        PROVIDE (__noinit_start, .)
 *(.noinit*)
                [!provide]                        PROVIDE (__noinit_end, .)
                0x0000000000800788                _end = .
                [!provide]                        PROVIDE (__heap_start, .)

.eeprom         0x0000000000810000        0x0
 *(.eeprom*)
                0x0000000000810000                __eeprom_end = .

.fuse
 *(.fuse)
 *(.lfuse)
 *(.hfuse)
 *(.efuse)

.lock
 *(.lock*)

.signature
 *(.signature*)

.user_signatures
 *(.user_signatures*)

.stab
 *(.stab)

.stabstr
 *(.stabstr)

.stab.excl
 *(.stab.excl)

.stab.exclstr
 *(.stab.exclstr)

.stab.index
 *(.stab.index)

.stab.indexstr
 *(.stab.indexstr)

.comment        0x0000000000000000       0x11
 *(.comment)
 .comment       0x0000000000000000       0x11 ./Clock.o
                                         0x12 (size before relaxing)
 .comment       0x0000000000000011       0x12 ./DIO_Program.o
 .comment       0x0000000000000011       0x12 ./EEPROM.o
 .comment       0x0000000000000011       0x12 ./EXTI_program.o
 .comment       0x0000000000000011       0x12 ./KBD_program.o
 .comment       0x0000000000000011       0x12 ./LCD_program.o
 .comment       0x0000000000000011       0x12 ./PWM_T0.o
 .comment       0x0000000000000011       0x12 ./croutine.o
 .comment       0x0000000000000011       0x12 ./event_groups.o
 .comment       0x0000000000000011       0x12 ./heap_1.o
 .comment       0x0000000000000011       0x12 ./list.o
 .comment       0x0000000000000011       0x12 ./main.o
 .comment       0x0000000000000011       0x12 ./port.o
 .comment       0x0000000000000011       0x12 ./queue.o
 .comment       0x0000000000000011       0x12 ./tasks.o
 .comment       0x0000000000000011       0x12 ./timers.o

.note.gnu.avr.deviceinfo
                0x0000000000000000       0x3c
 .note.gnu.avr.deviceinfo
                0x0000000000000000       0x3c /usr/lib/gcc/avr/5.4.0/../../../avr/lib/avr5/crtatmega32.o

.note.gnu.build-id
 *(.note.gnu.build-id)

.debug
 *(.debug)

.line
 *(.line)

.debug_srcinfo
 *(.debug_srcinfo)

.debug_sfnames
 *(.debug_sfnames)

.debug_aranges
 *(.debug_aranges)

.debug_pubnames
 *(.debug_pubnames)

.debug_info     0x0000000000000000      0x4e6
 *(.debug_info .gnu.linkonce.wi.*)
 .debug_info    0x0000000000000000      0x4e6 /usr/lib/gcc/avr/5.4.0/../../../avr/lib/avr5/crtatmega32.o

.debug_abbrev   0x0000000000000000      0x4a3
 *(.debug_abbrev)
 .debug_abbrev  0x0000000000000000      0x4a3 /usr/lib/gcc/avr/5.4.0/../../../avr/lib/avr5/crtatmega32.o

.debug_line     0x0000000000000000       0x1a
 *(.debug_line .debug_line.* .debug_line_end)
 .debug_line    0x0000000000000000       0x1a /usr/lib/gcc/avr/5.4.0/../../../avr/lib/avr5/crtatmega32.o

.debug_frame
 *(.debug_frame)

.debug_str      0x0000000000000000      0x196
 *(.debug_str)
 .debug_str     0x0000000000000000      0x196 /usr/lib/gcc/avr/5.4.0/../../../avr/lib/avr5/crtatmega32.o

.debug_loc
 *(.debug_loc)

.debug_macinfo
 *(.debug_macinfo)

.debug_weaknames
 *(.debug_weaknames)

.debug_funcnames
 *(.debug_funcnames)

.debug_typenames
 *(.debug_typenames)

.debug_varnames
 *(.debug_varnames)

.debug_pubtypes
 *(.debug_pubtypes)

.debug_ranges
 *(.debug_ranges)

.debug_macro
 *(.debug_macro)
OUTPUT(Home_Clock.elf elf32-avr)
LOAD linker stubs
