Archive member included to satisfy reference by file (symbol)

/usr/lib/gcc/avr/5.4.0/avr5/libgcc.a(_udivmodqi4.o)
                              ./Clock.o (__udivmodqi4)
/usr/lib/gcc/avr/5.4.0/avr5/libgcc.a(_udivmodhi4.o)
                              ./LCD_program.o (__udivmodhi4)
/usr/lib/gcc/avr/5.4.0/avr5/libgcc.a(_divmodhi4.o)
                              ./Clock.o (__divmodhi4)
/usr/lib/gcc/avr/5.4.0/avr5/libgcc.a(_exit.o)
                              /usr/lib/gcc/avr/5.4.0/../../../avr/lib/avr5/crtatmega32.o (exit)
/usr/lib/gcc/avr/5.4.0/avr5/libgcc.a(_copy_data.o)
                              ./Clock.o (__do_copy_data)
/usr/lib/gcc/avr/5.4.0/avr5/libgcc.a(_clear_bss.o)
                              ./Clock.o (__do_clear_bss)
/usr/lib/gcc/avr/5.4.0/../../../avr/lib/avr5/libc.a(memcpy.o)
                              ./queue.o (memcpy)

Allocating common symbols
Common symbol       size              file

KBD_Au8ColsPins     0x4               ./KBD_program.o
KBD_Au8RowsPins     0x4               ./KBD_program.o
LCD                 0x2               ./Clock.o

Memory Configuration

Name             Origin             Length             Attributes
text             0x0000000000000000 0x0000000000020000 xr
data             0x0000000000800060 0x000000000000ffa0 rw !x
eeprom           0x0000000000810000 0x0000000000010000 rw !x
fuse             0x0000000000820000 0x0000000000000002 rw !x
lock             0x0000000000830000 0x0000000000000400 rw !x
signature        0x0000000000840000 0x0000000000000400 rw !x
user_signatures  0x0000000000850000 0x0000000000000400 rw !x
*default*        0x0000000000000000 0xffffffffffffffff

Linker script and memory map

LOAD /usr/lib/gcc/avr/5.4.0/../../../avr/lib/avr5/crtatmega32.o
LOAD ./Clock.o
LOAD ./DIO_Program.o
LOAD ./KBD_program.o
LOAD ./LCD_program.o
LOAD ./croutine.o
LOAD ./event_groups.o
LOAD ./heap_1.o
LOAD ./list.o
LOAD ./main.o
LOAD ./port.o
LOAD ./queue.o
LOAD ./tasks.o
LOAD ./timers.o
START GROUP
LOAD /usr/lib/gcc/avr/5.4.0/avr5/libgcc.a
LOAD /usr/lib/gcc/avr/5.4.0/../../../avr/lib/avr5/libm.a
LOAD /usr/lib/gcc/avr/5.4.0/../../../avr/lib/avr5/libc.a
LOAD /usr/lib/gcc/avr/5.4.0/../../../avr/lib/avr5/libatmega32.a
END GROUP
                0x0000000000020000                __TEXT_REGION_LENGTH__ = DEFINED (__TEXT_REGION_LENGTH__)?__TEXT_REGION_LENGTH__:0x20000
                0x000000000000ffa0                __DATA_REGION_LENGTH__ = DEFINED (__DATA_REGION_LENGTH__)?__DATA_REGION_LENGTH__:0xffa0
                0x0000000000010000                __EEPROM_REGION_LENGTH__ = DEFINED (__EEPROM_REGION_LENGTH__)?__EEPROM_REGION_LENGTH__:0x10000
                [0x0000000000000002]                __FUSE_REGION_LENGTH__ = DEFINED (__FUSE_REGION_LENGTH__)?__FUSE_REGION_LENGTH__:0x400
                0x0000000000000400                __LOCK_REGION_LENGTH__ = DEFINED (__LOCK_REGION_LENGTH__)?__LOCK_REGION_LENGTH__:0x400
                0x0000000000000400                __SIGNATURE_REGION_LENGTH__ = DEFINED (__SIGNATURE_REGION_LENGTH__)?__SIGNATURE_REGION_LENGTH__:0x400
                0x0000000000000400                __USER_SIGNATURE_REGION_LENGTH__ = DEFINED (__USER_SIGNATURE_REGION_LENGTH__)?__USER_SIGNATURE_REGION_LENGTH__:0x400

.hash
 *(.hash)

.dynsym
 *(.dynsym)

.dynstr
 *(.dynstr)

.gnu.version
 *(.gnu.version)

.gnu.version_d
 *(.gnu.version_d)

.gnu.version_r
 *(.gnu.version_r)

.rel.init
 *(.rel.init)

.rela.init
 *(.rela.init)

.rel.text
 *(.rel.text)
 *(.rel.text.*)
 *(.rel.gnu.linkonce.t*)

.rela.text
 *(.rela.text)
 *(.rela.text.*)
 *(.rela.gnu.linkonce.t*)

.rel.fini
 *(.rel.fini)

.rela.fini
 *(.rela.fini)

.rel.rodata
 *(.rel.rodata)
 *(.rel.rodata.*)
 *(.rel.gnu.linkonce.r*)

.rela.rodata
 *(.rela.rodata)
 *(.rela.rodata.*)
 *(.rela.gnu.linkonce.r*)

.rel.data
 *(.rel.data)
 *(.rel.data.*)
 *(.rel.gnu.linkonce.d*)

.rela.data
 *(.rela.data)
 *(.rela.data.*)
 *(.rela.gnu.linkonce.d*)

.rel.ctors
 *(.rel.ctors)

.rela.ctors
 *(.rela.ctors)

.rel.dtors
 *(.rel.dtors)

.rela.dtors
 *(.rela.dtors)

.rel.got
 *(.rel.got)

.rela.got
 *(.rela.got)

.rel.bss
 *(.rel.bss)

.rela.bss
 *(.rela.bss)

.rel.plt
 *(.rel.plt)

.rela.plt
 *(.rela.plt)

.text           0x0000000000000000     0x3416
 *(.vectors)
 .vectors       0x0000000000000000       0x54 /usr/lib/gcc/avr/5.4.0/../../../avr/lib/avr5/crtatmega32.o
                0x0000000000000000                __vectors
                0x0000000000000000                __vector_default
 *(.vectors)
 *(.progmem.gcc*)
                0x0000000000000054                . = ALIGN (0x2)
                0x0000000000000054                __trampolines_start = .
 *(.trampolines)
 .trampolines   0x0000000000000054        0x0 linker stubs
 *(.trampolines*)
                0x0000000000000054                __trampolines_end = .
 *libprintf_flt.a:*(.progmem.data)
 *libc.a:*(.progmem.data)
 *(.progmem*)
                0x0000000000000054                . = ALIGN (0x2)
 *(.jumptables)
 *(.jumptables*)
 *(.lowtext)
 *(.lowtext*)
                0x0000000000000054                __ctors_start = .
 *(.ctors)
                0x0000000000000054                __ctors_end = .
                0x0000000000000054                __dtors_start = .
 *(.dtors)
                0x0000000000000054                __dtors_end = .
 SORT(*)(.ctors)
 SORT(*)(.dtors)
 *(.init0)
 .init0         0x0000000000000054        0x0 /usr/lib/gcc/avr/5.4.0/../../../avr/lib/avr5/crtatmega32.o
                0x0000000000000054                __init
 *(.init0)
 *(.init1)
 *(.init1)
 *(.init2)
 .init2         0x0000000000000054        0xc /usr/lib/gcc/avr/5.4.0/../../../avr/lib/avr5/crtatmega32.o
 *(.init2)
 *(.init3)
 *(.init3)
 *(.init4)
 .init4         0x0000000000000060       0x16 /usr/lib/gcc/avr/5.4.0/avr5/libgcc.a(_copy_data.o)
                0x0000000000000060                __do_copy_data
 .init4         0x0000000000000076       0x10 /usr/lib/gcc/avr/5.4.0/avr5/libgcc.a(_clear_bss.o)
                0x0000000000000076                __do_clear_bss
 *(.init4)
 *(.init5)
 *(.init5)
 *(.init6)
 *(.init6)
 *(.init7)
 *(.init7)
 *(.init8)
 *(.init8)
 *(.init9)
 .init9         0x0000000000000086        0x8 /usr/lib/gcc/avr/5.4.0/../../../avr/lib/avr5/crtatmega32.o
 *(.init9)
 *(.text)
 .text          0x000000000000008e        0x4 /usr/lib/gcc/avr/5.4.0/../../../avr/lib/avr5/crtatmega32.o
                0x000000000000008e                __vector_1
                0x000000000000008e                __vector_12
                0x000000000000008e                __bad_interrupt
                0x000000000000008e                __vector_6
                0x000000000000008e                __vector_3
                0x000000000000008e                __vector_11
                0x000000000000008e                __vector_13
                0x000000000000008e                __vector_17
                0x000000000000008e                __vector_19
                0x000000000000008e                __vector_5
                0x000000000000008e                __vector_4
                0x000000000000008e                __vector_9
                0x000000000000008e                __vector_2
                0x000000000000008e                __vector_15
                0x000000000000008e                __vector_8
                0x000000000000008e                __vector_14
                0x000000000000008e                __vector_10
                0x000000000000008e                __vector_16
                0x000000000000008e                __vector_18
                0x000000000000008e                __vector_20
 .text          0x0000000000000092        0x0 ./Clock.o
 .text          0x0000000000000092        0x0 ./DIO_Program.o
 .text          0x0000000000000092        0x0 ./KBD_program.o
 .text          0x0000000000000092        0x0 ./LCD_program.o
 .text          0x0000000000000092        0x0 ./croutine.o
 .text          0x0000000000000092        0x0 ./event_groups.o
 .text          0x0000000000000092        0x0 ./heap_1.o
 .text          0x0000000000000092        0x0 ./list.o
 .text          0x0000000000000092        0x0 ./main.o
 .text          0x0000000000000092        0x0 ./port.o
 .text          0x0000000000000092        0x0 ./queue.o
 .text          0x0000000000000092        0x0 ./tasks.o
 .text          0x0000000000000092        0x0 ./timers.o
 .text          0x0000000000000092        0x0 /usr/lib/gcc/avr/5.4.0/avr5/libgcc.a(_udivmodqi4.o)
 .text          0x0000000000000092        0x0 /usr/lib/gcc/avr/5.4.0/avr5/libgcc.a(_udivmodhi4.o)
 .text          0x0000000000000092        0x0 /usr/lib/gcc/avr/5.4.0/avr5/libgcc.a(_divmodhi4.o)
 .text          0x0000000000000092        0x0 /usr/lib/gcc/avr/5.4.0/avr5/libgcc.a(_exit.o)
 .text          0x0000000000000092        0x0 /usr/lib/gcc/avr/5.4.0/avr5/libgcc.a(_copy_data.o)
 .text          0x0000000000000092        0x0 /usr/lib/gcc/avr/5.4.0/avr5/libgcc.a(_clear_bss.o)
 .text          0x0000000000000092        0x0 /usr/lib/gcc/avr/5.4.0/../../../avr/lib/avr5/libc.a(memcpy.o)
                0x0000000000000092                . = ALIGN (0x2)
 *(.text.*)
 .text.Clock_Hours
                0x0000000000000092       0xc2 ./Clock.o
                0x0000000000000092                Clock_Hours
 .text.Clock_Minute
                0x0000000000000154       0xcc ./Clock.o
                0x0000000000000154                Clock_Minute
 .text.Clock_Print_Default_Interface
                0x0000000000000220       0x7a ./Clock.o
                0x0000000000000220                Clock_Print_Default_Interface
 .text.Clock_Second
                0x000000000000029a       0x78 ./Clock.o
                0x000000000000029a                Clock_Second
 .text.Clock_Check_KPD
                0x0000000000000312       0x64 ./Clock.o
                0x0000000000000312                Clock_Check_KPD
 .text.Clock_Typing_Right_Arrow
                0x0000000000000376       0x4c ./Clock.o
                0x0000000000000376                Clock_Typing_Right_Arrow
 .text.Clock_Typing_Left_Arrow
                0x00000000000003c2       0x52 ./Clock.o
                0x00000000000003c2                Clock_Typing_Left_Arrow
 .text.Clock_Typing_Up_Arrow
                0x0000000000000414       0x4c ./Clock.o
                0x0000000000000414                Clock_Typing_Up_Arrow
 .text.Clock_Typing_Alarm_Button
                0x0000000000000460       0x6a ./Clock.o
                0x0000000000000460                Clock_Typing_Alarm_Button
 .text.Clock_Typing_Number
                0x00000000000004ca      0x120 ./Clock.o
                0x00000000000004ca                Clock_Typing_Number
 .text.Clock_Typing_Exit
                0x00000000000005ea       0xe6 ./Clock.o
                0x00000000000005ea                Clock_Typing_Exit
 .text.Clock_Typing_Enter
                0x00000000000006d0       0x5e ./Clock.o
                0x00000000000006d0                Clock_Typing_Enter
 .text.Clock_Print_Alarm_Interface
                0x000000000000072e       0x70 ./Clock.o
                0x000000000000072e                Clock_Print_Alarm_Interface
 .text.Clock_Alarm
                0x000000000000079e       0x58 ./Clock.o
                0x000000000000079e                Clock_Alarm
 .text.Clock_Typing_Mode
                0x00000000000007f6      0x136 ./Clock.o
                0x00000000000007f6                Clock_Typing_Mode
 .text.DIO_voidInitialize
                0x000000000000092c        0xa ./DIO_Program.o
                0x000000000000092c                DIO_voidInitialize
 .text.DIO_u8SetPinDirection
                0x0000000000000936       0xe2 ./DIO_Program.o
                0x0000000000000936                DIO_u8SetPinDirection
 .text.DIO_u8SetPinValue
                0x0000000000000a18       0xe2 ./DIO_Program.o
                0x0000000000000a18                DIO_u8SetPinValue
 .text.DIO_u8SetPortDirection
                0x0000000000000afa       0x26 ./DIO_Program.o
                0x0000000000000afa                DIO_u8SetPortDirection
 .text.DIO_u8SetPortValue
                0x0000000000000b20       0x26 ./DIO_Program.o
                0x0000000000000b20                DIO_u8SetPortValue
 .text.DIO_u8GetPinValue
                0x0000000000000b46       0x42 ./DIO_Program.o
                0x0000000000000b46                DIO_u8GetPinValue
 .text.DIO_u8GetPortValue
                0x0000000000000b88       0x2a ./DIO_Program.o
                0x0000000000000b88                DIO_u8GetPortValue
 .text.KBD_u8GetKeyPadState
                0x0000000000000bb2       0xbc ./KBD_program.o
                0x0000000000000bb2                KBD_u8GetKeyPadState
 .text.KBD_u8Initialize
                0x0000000000000c6e      0x172 ./KBD_program.o
                0x0000000000000c6e                KBD_u8Initialize
 .text.KBD_keys_map
                0x0000000000000de0       0x20 ./KBD_program.o
                0x0000000000000de0                KBD_keys_map
 .text.LCD_Void_Write
                0x0000000000000e00       0x8a ./LCD_program.o
 .text.LCD_Void_Write_Cmd
                0x0000000000000e8a       0x14 ./LCD_program.o
                0x0000000000000e8a                LCD_Void_Write_Cmd
 .text.LCD_Void_Write_Data
                0x0000000000000e9e       0x14 ./LCD_program.o
                0x0000000000000e9e                LCD_Void_Write_Data
 .text.LCD_Void_Write_String
                0x0000000000000eb2       0x3e ./LCD_program.o
                0x0000000000000eb2                LCD_Void_Write_String
 .text.LCD_Void_Clear
                0x0000000000000ef0        0x6 ./LCD_program.o
                0x0000000000000ef0                LCD_Void_Clear
 .text.LCD_Void_Write_Blinking_String
                0x0000000000000ef6       0x38 ./LCD_program.o
                0x0000000000000ef6                LCD_Void_Write_Blinking_String
 .text.LCD_Set_Block
                0x0000000000000f2e        0xe ./LCD_program.o
                0x0000000000000f2e                LCD_Set_Block
 .text.LCD_Void_Write_Moving_String
                0x0000000000000f3c       0x4e ./LCD_program.o
                0x0000000000000f3c                LCD_Void_Write_Moving_String
 .text.LCD_Void_Write_CGRAM
                0x0000000000000f8a       0x38 ./LCD_program.o
                0x0000000000000f8a                LCD_Void_Write_CGRAM
 .text.LCD_initialize
                0x0000000000000fc2       0xbe ./LCD_program.o
                0x0000000000000fc2                LCD_initialize
 .text.LCD_Void_Write_Number
                0x0000000000001080       0x72 ./LCD_program.o
                0x0000000000001080                LCD_Void_Write_Number
 .text.LCD_Void_Write_Number_2
                0x00000000000010f2       0x1a ./LCD_program.o
                0x00000000000010f2                LCD_Void_Write_Number_2
 .text.LCD_Void_Write_Number_1
                0x000000000000110c        0x6 ./LCD_program.o
                0x000000000000110c                LCD_Void_Write_Number_1
 .text.xEventGroupCreate
                0x0000000000001112       0x26 ./event_groups.o
                0x0000000000001112                xEventGroupCreate
 .text.xEventGroupWaitBits
                0x0000000000001138       0xf0 ./event_groups.o
                0x0000000000001138                xEventGroupWaitBits
 .text.xEventGroupClearBits
                0x0000000000001228       0x1e ./event_groups.o
                0x0000000000001228                xEventGroupClearBits
 .text.xEventGroupGetBitsFromISR
                0x0000000000001246        0x8 ./event_groups.o
                0x0000000000001246                xEventGroupGetBitsFromISR
 .text.xEventGroupSetBits
                0x000000000000124e       0xaa ./event_groups.o
                0x000000000000124e                xEventGroupSetBits
 .text.xEventGroupSync
                0x00000000000012f8       0xd6 ./event_groups.o
                0x00000000000012f8                xEventGroupSync
 .text.vEventGroupDelete
                0x00000000000013ce       0x2c ./event_groups.o
                0x00000000000013ce                vEventGroupDelete
 .text.vEventGroupSetBitsCallback
                0x00000000000013fa        0x6 ./event_groups.o
                0x00000000000013fa                vEventGroupSetBitsCallback
 .text.vEventGroupClearBitsCallback
                0x0000000000001400        0x6 ./event_groups.o
                0x0000000000001400                vEventGroupClearBitsCallback
 .text.pvPortMalloc
                0x0000000000001406       0x64 ./heap_1.o
                0x0000000000001406                pvPortMalloc
 .text.vPortFree
                0x000000000000146a        0x2 ./heap_1.o
                0x000000000000146a                vPortFree
 .text.vPortInitialiseBlocks
                0x000000000000146c        0xa ./heap_1.o
                0x000000000000146c                vPortInitialiseBlocks
 .text.xPortGetFreeHeapSize
                0x0000000000001476       0x12 ./heap_1.o
                0x0000000000001476                xPortGetFreeHeapSize
 .text.vListInitialise
                0x0000000000001488       0x1c ./list.o
                0x0000000000001488                vListInitialise
 .text.vListInitialiseItem
                0x00000000000014a4        0x8 ./list.o
                0x00000000000014a4                vListInitialiseItem
 .text.vListInsertEnd
                0x00000000000014ac       0x42 ./list.o
                0x00000000000014ac                vListInsertEnd
 .text.vListInsert
                0x00000000000014ee       0x70 ./list.o
                0x00000000000014ee                vListInsert
 .text.uxListRemove
                0x000000000000155e       0x48 ./list.o
                0x000000000000155e                uxListRemove
 .text.startup.main
                0x00000000000015a6       0x6a ./main.o
                0x00000000000015a6                main
 .text.pxPortInitialiseStack
                0x0000000000001610       0xd8 ./port.o
                0x0000000000001610                pxPortInitialiseStack
 .text.xPortStartScheduler
                0x00000000000016e8       0x6c ./port.o
                0x00000000000016e8                xPortStartScheduler
 .text.vPortEndScheduler
                0x0000000000001754        0x2 ./port.o
                0x0000000000001754                vPortEndScheduler
 .text.vPortYield
                0x0000000000001756       0xb2 ./port.o
                0x0000000000001756                vPortYield
 .text.vPortYieldFromTick
                0x0000000000001808       0xb8 ./port.o
                0x0000000000001808                vPortYieldFromTick
 .text.__vector_7
                0x00000000000018c0        0x6 ./port.o
                0x00000000000018c0                __vector_7
 .text.prvIsQueueEmpty
                0x00000000000018c6       0x16 ./queue.o
 .text.prvCopyDataToQueue
                0x00000000000018dc       0xa6 ./queue.o
 .text.prvCopyDataFromQueue
                0x0000000000001982       0x34 ./queue.o
 .text.prvUnlockQueue
                0x00000000000019b6       0x7c ./queue.o
 .text.xQueueGenericReset
                0x0000000000001a32       0x7e ./queue.o
                0x0000000000001a32                xQueueGenericReset
 .text.xQueueGenericCreate
                0x0000000000001ab0       0x50 ./queue.o
                0x0000000000001ab0                xQueueGenericCreate
 .text.xQueueGenericSend
                0x0000000000001b00      0x12c ./queue.o
                0x0000000000001b00                xQueueGenericSend
 .text.xQueueCreateMutex
                0x0000000000001c2c       0x34 ./queue.o
                0x0000000000001c2c                xQueueCreateMutex
 .text.xQueueGenericSendFromISR
                0x0000000000001c60       0x5e ./queue.o
                0x0000000000001c60                xQueueGenericSendFromISR
 .text.xQueueGiveFromISR
                0x0000000000001cbe       0x46 ./queue.o
                0x0000000000001cbe                xQueueGiveFromISR
 .text.xQueueReceive
                0x0000000000001d04      0x124 ./queue.o
                0x0000000000001d04                xQueueReceive
 .text.xQueueSemaphoreTake
                0x0000000000001e28      0x184 ./queue.o
                0x0000000000001e28                xQueueSemaphoreTake
 .text.xQueuePeek
                0x0000000000001fac      0x124 ./queue.o
                0x0000000000001fac                xQueuePeek
 .text.xQueueReceiveFromISR
                0x00000000000020d0       0x5e ./queue.o
                0x00000000000020d0                xQueueReceiveFromISR
 .text.xQueuePeekFromISR
                0x000000000000212e       0x2e ./queue.o
                0x000000000000212e                xQueuePeekFromISR
 .text.uxQueueMessagesWaiting
                0x000000000000215c       0x10 ./queue.o
                0x000000000000215c                uxQueueMessagesWaiting
 .text.uxQueueSpacesAvailable
                0x000000000000216c       0x14 ./queue.o
                0x000000000000216c                uxQueueSpacesAvailable
 .text.uxQueueMessagesWaitingFromISR
                0x0000000000002180        0x6 ./queue.o
                0x0000000000002180                uxQueueMessagesWaitingFromISR
 .text.vQueueDelete
                0x0000000000002186        0x4 ./queue.o
                0x0000000000002186                vQueueDelete
 .text.xQueueIsQueueEmptyFromISR
                0x000000000000218a        0xc ./queue.o
                0x000000000000218a                xQueueIsQueueEmptyFromISR
 .text.xQueueIsQueueFullFromISR
                0x0000000000002196        0xe ./queue.o
                0x0000000000002196                xQueueIsQueueFullFromISR
 .text.prvResetNextTaskUnblockTime
                0x00000000000021a4       0x36 ./tasks.o
 .text.prvAddCurrentTaskToDelayedList
                0x00000000000021da       0xb8 ./tasks.o
 .text.prvIdleTask
                0x0000000000002292       0x58 ./tasks.o
 .text.xTaskCreate
                0x00000000000022ea      0x204 ./tasks.o
                0x00000000000022ea                xTaskCreate
 .text.vTaskDelete
                0x00000000000024ee       0xaa ./tasks.o
                0x00000000000024ee                vTaskDelete
 .text.vTaskResume
                0x0000000000002598       0x8e ./tasks.o
                0x0000000000002598                vTaskResume
 .text.xTaskResumeFromISR
                0x0000000000002626       0x90 ./tasks.o
                0x0000000000002626                xTaskResumeFromISR
 .text.vTaskStartScheduler
                0x00000000000026b6       0x54 ./tasks.o
                0x00000000000026b6                vTaskStartScheduler
 .text.vTaskEndScheduler
                0x000000000000270a        0xa ./tasks.o
                0x000000000000270a                vTaskEndScheduler
 .text.vTaskSuspendAll
                0x0000000000002714        0xc ./tasks.o
                0x0000000000002714                vTaskSuspendAll
 .text.xTaskGetTickCount
                0x0000000000002720       0x14 ./tasks.o
                0x0000000000002720                xTaskGetTickCount
 .text.xTaskGetTickCountFromISR
                0x0000000000002734        0xa ./tasks.o
                0x0000000000002734                xTaskGetTickCountFromISR
 .text.uxTaskGetNumberOfTasks
                0x000000000000273e        0x6 ./tasks.o
                0x000000000000273e                uxTaskGetNumberOfTasks
 .text.pcTaskGetName
                0x0000000000002744       0x10 ./tasks.o
                0x0000000000002744                pcTaskGetName
 .text.xTaskIncrementTick
                0x0000000000002754      0x158 ./tasks.o
                0x0000000000002754                xTaskIncrementTick
 .text.xTaskResumeAll
                0x00000000000028ac       0xde ./tasks.o
                0x00000000000028ac                xTaskResumeAll
 .text.vTaskDelayUntil
                0x000000000000298a       0x70 ./tasks.o
                0x000000000000298a                vTaskDelayUntil
 .text.vTaskDelay
                0x00000000000029fa       0x2a ./tasks.o
                0x00000000000029fa                vTaskDelay
 .text.vTaskSwitchContext
                0x0000000000002a24       0x86 ./tasks.o
                0x0000000000002a24                vTaskSwitchContext
 .text.vTaskSuspend
                0x0000000000002aaa       0xac ./tasks.o
                0x0000000000002aaa                vTaskSuspend
 .text.vTaskPlaceOnEventList
                0x0000000000002b56       0x22 ./tasks.o
                0x0000000000002b56                vTaskPlaceOnEventList
 .text.vTaskPlaceOnUnorderedEventList
                0x0000000000002b78       0x30 ./tasks.o
                0x0000000000002b78                vTaskPlaceOnUnorderedEventList
 .text.xTaskRemoveFromEventList
                0x0000000000002ba8       0x80 ./tasks.o
                0x0000000000002ba8                xTaskRemoveFromEventList
 .text.vTaskRemoveFromUnorderedEventList
                0x0000000000002c28       0x64 ./tasks.o
                0x0000000000002c28                vTaskRemoveFromUnorderedEventList
 .text.vTaskSetTimeOutState
                0x0000000000002c8c       0x20 ./tasks.o
                0x0000000000002c8c                vTaskSetTimeOutState
 .text.vTaskInternalSetTimeOutState
                0x0000000000002cac       0x16 ./tasks.o
                0x0000000000002cac                vTaskInternalSetTimeOutState
 .text.xTaskCheckForTimeOut
                0x0000000000002cc2       0x66 ./tasks.o
                0x0000000000002cc2                xTaskCheckForTimeOut
 .text.vTaskMissedYield
                0x0000000000002d28        0x8 ./tasks.o
                0x0000000000002d28                vTaskMissedYield
 .text.xTaskGetCurrentTaskHandle
                0x0000000000002d30        0xa ./tasks.o
                0x0000000000002d30                xTaskGetCurrentTaskHandle
 .text.xTaskPriorityInherit
                0x0000000000002d3a       0xc6 ./tasks.o
                0x0000000000002d3a                xTaskPriorityInherit
 .text.xTaskPriorityDisinherit
                0x0000000000002e00       0x74 ./tasks.o
                0x0000000000002e00                xTaskPriorityDisinherit
 .text.vTaskPriorityDisinheritAfterTimeout
                0x0000000000002e74       0x8e ./tasks.o
                0x0000000000002e74                vTaskPriorityDisinheritAfterTimeout
 .text.uxTaskResetEventItemValue
                0x0000000000002f02       0x2e ./tasks.o
                0x0000000000002f02                uxTaskResetEventItemValue
 .text.pvTaskIncrementMutexHeldCount
                0x0000000000002f30       0x24 ./tasks.o
                0x0000000000002f30                pvTaskIncrementMutexHeldCount
 .text.ulTaskNotifyTake
                0x0000000000002f54       0xa2 ./tasks.o
                0x0000000000002f54                ulTaskNotifyTake
 .text.xTaskNotifyWait
                0x0000000000002ff6      0x110 ./tasks.o
                0x0000000000002ff6                xTaskNotifyWait
 .text.xTaskGenericNotify
                0x0000000000003106       0xd2 ./tasks.o
                0x0000000000003106                xTaskGenericNotify
 .text.xTaskGenericNotifyFromISR
                0x00000000000031d8       0xf4 ./tasks.o
                0x00000000000031d8                xTaskGenericNotifyFromISR
 .text.vTaskNotifyGiveFromISR
                0x00000000000032cc       0xa4 ./tasks.o
                0x00000000000032cc                vTaskNotifyGiveFromISR
 .text.xTaskNotifyStateClear
                0x0000000000003370       0x28 ./tasks.o
                0x0000000000003370                xTaskNotifyStateClear
 .text.libgcc.mul
                0x0000000000003398        0x0 /usr/lib/gcc/avr/5.4.0/avr5/libgcc.a(_udivmodqi4.o)
 .text.libgcc.div
                0x0000000000003398       0x18 /usr/lib/gcc/avr/5.4.0/avr5/libgcc.a(_udivmodqi4.o)
                0x0000000000003398                __udivmodqi4
 .text.libgcc   0x00000000000033b0        0x0 /usr/lib/gcc/avr/5.4.0/avr5/libgcc.a(_udivmodqi4.o)
 .text.libgcc.prologue
                0x00000000000033b0        0x0 /usr/lib/gcc/avr/5.4.0/avr5/libgcc.a(_udivmodqi4.o)
 .text.libgcc.builtins
                0x00000000000033b0        0x0 /usr/lib/gcc/avr/5.4.0/avr5/libgcc.a(_udivmodqi4.o)
 .text.libgcc.fmul
                0x00000000000033b0        0x0 /usr/lib/gcc/avr/5.4.0/avr5/libgcc.a(_udivmodqi4.o)
 .text.libgcc.fixed
                0x00000000000033b0        0x0 /usr/lib/gcc/avr/5.4.0/avr5/libgcc.a(_udivmodqi4.o)
 .text.libgcc.mul
                0x00000000000033b0        0x0 /usr/lib/gcc/avr/5.4.0/avr5/libgcc.a(_udivmodhi4.o)
 .text.libgcc.div
                0x00000000000033b0       0x28 /usr/lib/gcc/avr/5.4.0/avr5/libgcc.a(_udivmodhi4.o)
                0x00000000000033b0                __udivmodhi4
 .text.libgcc   0x00000000000033d8        0x0 /usr/lib/gcc/avr/5.4.0/avr5/libgcc.a(_udivmodhi4.o)
 .text.libgcc.prologue
                0x00000000000033d8        0x0 /usr/lib/gcc/avr/5.4.0/avr5/libgcc.a(_udivmodhi4.o)
 .text.libgcc.builtins
                0x00000000000033d8        0x0 /usr/lib/gcc/avr/5.4.0/avr5/libgcc.a(_udivmodhi4.o)
 .text.libgcc.fmul
                0x00000000000033d8        0x0 /usr/lib/gcc/avr/5.4.0/avr5/libgcc.a(_udivmodhi4.o)
 .text.libgcc.fixed
                0x00000000000033d8        0x0 /usr/lib/gcc/avr/5.4.0/avr5/libgcc.a(_udivmodhi4.o)
 .text.libgcc.mul
                0x00000000000033d8        0x0 /usr/lib/gcc/avr/5.4.0/avr5/libgcc.a(_divmodhi4.o)
 .text.libgcc.div
                0x00000000000033d8       0x28 /usr/lib/gcc/avr/5.4.0/avr5/libgcc.a(_divmodhi4.o)
                0x00000000000033d8                __divmodhi4
                0x00000000000033d8                _div
 .text.libgcc   0x0000000000003400        0x0 /usr/lib/gcc/avr/5.4.0/avr5/libgcc.a(_divmodhi4.o)
 .text.libgcc.prologue
                0x0000000000003400        0x0 /usr/lib/gcc/avr/5.4.0/avr5/libgcc.a(_divmodhi4.o)
 .text.libgcc.builtins
                0x0000000000003400        0x0 /usr/lib/gcc/avr/5.4.0/avr5/libgcc.a(_divmodhi4.o)
 .text.libgcc.fmul
                0x0000000000003400        0x0 /usr/lib/gcc/avr/5.4.0/avr5/libgcc.a(_divmodhi4.o)
 .text.libgcc.fixed
                0x0000000000003400        0x0 /usr/lib/gcc/avr/5.4.0/avr5/libgcc.a(_divmodhi4.o)
 .text.libgcc.mul
                0x0000000000003400        0x0 /usr/lib/gcc/avr/5.4.0/avr5/libgcc.a(_exit.o)
 .text.libgcc.div
                0x0000000000003400        0x0 /usr/lib/gcc/avr/5.4.0/avr5/libgcc.a(_exit.o)
 .text.libgcc   0x0000000000003400        0x0 /usr/lib/gcc/avr/5.4.0/avr5/libgcc.a(_exit.o)
 .text.libgcc.prologue
                0x0000000000003400        0x0 /usr/lib/gcc/avr/5.4.0/avr5/libgcc.a(_exit.o)
 .text.libgcc.builtins
                0x0000000000003400        0x0 /usr/lib/gcc/avr/5.4.0/avr5/libgcc.a(_exit.o)
 .text.libgcc.fmul
                0x0000000000003400        0x0 /usr/lib/gcc/avr/5.4.0/avr5/libgcc.a(_exit.o)
 .text.libgcc.fixed
                0x0000000000003400        0x0 /usr/lib/gcc/avr/5.4.0/avr5/libgcc.a(_exit.o)
 .text.libgcc.mul
                0x0000000000003400        0x0 /usr/lib/gcc/avr/5.4.0/avr5/libgcc.a(_copy_data.o)
 .text.libgcc.div
                0x0000000000003400        0x0 /usr/lib/gcc/avr/5.4.0/avr5/libgcc.a(_copy_data.o)
 .text.libgcc   0x0000000000003400        0x0 /usr/lib/gcc/avr/5.4.0/avr5/libgcc.a(_copy_data.o)
 .text.libgcc.prologue
                0x0000000000003400        0x0 /usr/lib/gcc/avr/5.4.0/avr5/libgcc.a(_copy_data.o)
 .text.libgcc.builtins
                0x0000000000003400        0x0 /usr/lib/gcc/avr/5.4.0/avr5/libgcc.a(_copy_data.o)
 .text.libgcc.fmul
                0x0000000000003400        0x0 /usr/lib/gcc/avr/5.4.0/avr5/libgcc.a(_copy_data.o)
 .text.libgcc.fixed
                0x0000000000003400        0x0 /usr/lib/gcc/avr/5.4.0/avr5/libgcc.a(_copy_data.o)
 .text.libgcc.mul
                0x0000000000003400        0x0 /usr/lib/gcc/avr/5.4.0/avr5/libgcc.a(_clear_bss.o)
 .text.libgcc.div
                0x0000000000003400        0x0 /usr/lib/gcc/avr/5.4.0/avr5/libgcc.a(_clear_bss.o)
 .text.libgcc   0x0000000000003400        0x0 /usr/lib/gcc/avr/5.4.0/avr5/libgcc.a(_clear_bss.o)
 .text.libgcc.prologue
                0x0000000000003400        0x0 /usr/lib/gcc/avr/5.4.0/avr5/libgcc.a(_clear_bss.o)
 .text.libgcc.builtins
                0x0000000000003400        0x0 /usr/lib/gcc/avr/5.4.0/avr5/libgcc.a(_clear_bss.o)
 .text.libgcc.fmul
                0x0000000000003400        0x0 /usr/lib/gcc/avr/5.4.0/avr5/libgcc.a(_clear_bss.o)
 .text.libgcc.fixed
                0x0000000000003400        0x0 /usr/lib/gcc/avr/5.4.0/avr5/libgcc.a(_clear_bss.o)
 .text.avr-libc
                0x0000000000003400       0x12 /usr/lib/gcc/avr/5.4.0/../../../avr/lib/avr5/libc.a(memcpy.o)
                0x0000000000003400                memcpy
                0x0000000000003412                . = ALIGN (0x2)
 *(.fini9)
 .fini9         0x0000000000003412        0x0 /usr/lib/gcc/avr/5.4.0/avr5/libgcc.a(_exit.o)
                0x0000000000003412                exit
                0x0000000000003412                _exit
 *(.fini9)
 *(.fini8)
 *(.fini8)
 *(.fini7)
 *(.fini7)
 *(.fini6)
 *(.fini6)
 *(.fini5)
 *(.fini5)
 *(.fini4)
 *(.fini4)
 *(.fini3)
 *(.fini3)
 *(.fini2)
 *(.fini2)
 *(.fini1)
 *(.fini1)
 *(.fini0)
 .fini0         0x0000000000003412        0x4 /usr/lib/gcc/avr/5.4.0/avr5/libgcc.a(_exit.o)
 *(.fini0)
                0x0000000000003416                _etext = .

.data           0x0000000000800060       0x7e load address 0x0000000000003416
                0x0000000000800060                PROVIDE (__data_start, .)
 *(.data)
 .data          0x0000000000800060        0x0 /usr/lib/gcc/avr/5.4.0/../../../avr/lib/avr5/crtatmega32.o
 .data          0x0000000000800060        0x0 ./Clock.o
 .data          0x0000000000800060        0x0 ./DIO_Program.o
 .data          0x0000000000800060        0x0 ./KBD_program.o
 .data          0x0000000000800060        0x0 ./LCD_program.o
 .data          0x0000000000800060        0x0 ./croutine.o
 .data          0x0000000000800060        0x0 ./event_groups.o
 .data          0x0000000000800060        0x0 ./heap_1.o
 .data          0x0000000000800060        0x0 ./list.o
 .data          0x0000000000800060        0x0 ./main.o
 .data          0x0000000000800060        0x0 ./port.o
 .data          0x0000000000800060        0x0 ./queue.o
 .data          0x0000000000800060        0x0 ./tasks.o
 .data          0x0000000000800060        0x0 ./timers.o
 .data          0x0000000000800060        0x0 /usr/lib/gcc/avr/5.4.0/avr5/libgcc.a(_udivmodqi4.o)
 .data          0x0000000000800060        0x0 /usr/lib/gcc/avr/5.4.0/avr5/libgcc.a(_udivmodhi4.o)
 .data          0x0000000000800060        0x0 /usr/lib/gcc/avr/5.4.0/avr5/libgcc.a(_divmodhi4.o)
 .data          0x0000000000800060        0x0 /usr/lib/gcc/avr/5.4.0/avr5/libgcc.a(_exit.o)
 .data          0x0000000000800060        0x0 /usr/lib/gcc/avr/5.4.0/avr5/libgcc.a(_copy_data.o)
 .data          0x0000000000800060        0x0 /usr/lib/gcc/avr/5.4.0/avr5/libgcc.a(_clear_bss.o)
 .data          0x0000000000800060        0x0 /usr/lib/gcc/avr/5.4.0/../../../avr/lib/avr5/libc.a(memcpy.o)
 *(.data*)
 .data.KPD_Check_frequency
                0x0000000000800060        0x1 ./Clock.o
                0x0000000000800060                KPD_Check_frequency
 .data.key_map  0x0000000000800061       0x10 ./KBD_program.o
                0x0000000000800061                key_map
 *(.rodata)
 *(.rodata*)
 .rodata.str1.1
                0x0000000000800071       0x2c ./Clock.o
                                         0x32 (size before relaxing)
 .rodata.Pattern_Arrow
                0x000000000080009d        0x8 ./LCD_program.o
                0x000000000080009d                Pattern_Arrow
 .rodata.Pattern_AM
                0x00000000008000a5        0x8 ./LCD_program.o
                0x00000000008000a5                Pattern_AM
 .rodata.Pattern_Alarm
                0x00000000008000ad        0x8 ./LCD_program.o
                0x00000000008000ad                Pattern_Alarm
 .rodata.str1.1
                0x00000000008000b5       0x24 ./main.o
 .rodata.str1.1
                0x00000000008000d9        0x5 ./tasks.o
 *(.gnu.linkonce.d*)
                0x00000000008000de                . = ALIGN (0x2)
                0x00000000008000de                _edata = .
                0x00000000008000de                PROVIDE (__data_end, .)

.bss            0x00000000008000de      0x66b
                0x00000000008000de                PROVIDE (__bss_start, .)
 *(.bss)
 .bss           0x00000000008000de        0x0 /usr/lib/gcc/avr/5.4.0/../../../avr/lib/avr5/crtatmega32.o
 .bss           0x00000000008000de        0x0 ./Clock.o
 .bss           0x00000000008000de        0x0 ./DIO_Program.o
 .bss           0x00000000008000de        0x0 ./KBD_program.o
 .bss           0x00000000008000de        0x0 ./LCD_program.o
 .bss           0x00000000008000de        0x0 ./croutine.o
 .bss           0x00000000008000de        0x0 ./event_groups.o
 .bss           0x00000000008000de        0x0 ./heap_1.o
 .bss           0x00000000008000de        0x0 ./list.o
 .bss           0x00000000008000de        0x0 ./main.o
 .bss           0x00000000008000de        0x0 ./port.o
 .bss           0x00000000008000de        0x0 ./queue.o
 .bss           0x00000000008000de        0x0 ./tasks.o
 .bss           0x00000000008000de        0x0 ./timers.o
 .bss           0x00000000008000de        0x0 /usr/lib/gcc/avr/5.4.0/avr5/libgcc.a(_udivmodqi4.o)
 .bss           0x00000000008000de        0x0 /usr/lib/gcc/avr/5.4.0/avr5/libgcc.a(_udivmodhi4.o)
 .bss           0x00000000008000de        0x0 /usr/lib/gcc/avr/5.4.0/avr5/libgcc.a(_divmodhi4.o)
 .bss           0x00000000008000de        0x0 /usr/lib/gcc/avr/5.4.0/avr5/libgcc.a(_exit.o)
 .bss           0x00000000008000de        0x0 /usr/lib/gcc/avr/5.4.0/avr5/libgcc.a(_copy_data.o)
 .bss           0x00000000008000de        0x0 /usr/lib/gcc/avr/5.4.0/avr5/libgcc.a(_clear_bss.o)
 .bss           0x00000000008000de        0x0 /usr/lib/gcc/avr/5.4.0/../../../avr/lib/avr5/libc.a(memcpy.o)
 *(.bss*)
 .bss.Alarm_handle
                0x00000000008000de        0x2 ./Clock.o
                0x00000000008000de                Alarm_handle
 .bss.Hours_handle
                0x00000000008000e0        0x2 ./Clock.o
                0x00000000008000e0                Hours_handle
 .bss.Minutes_handle
                0x00000000008000e2        0x2 ./Clock.o
                0x00000000008000e2                Minutes_handle
 .bss.minutes_adjusted
                0x00000000008000e4        0x2 ./Clock.o
                0x00000000008000e4                minutes_adjusted
 .bss.KPD_input
                0x00000000008000e6        0x2 ./Clock.o
                0x00000000008000e6                KPD_input
 .bss.flags     0x00000000008000e8        0x1 ./Clock.o
                0x00000000008000e8                flags
 .bss.Alarm_AM_PM
                0x00000000008000e9        0x1 ./Clock.o
                0x00000000008000e9                Alarm_AM_PM
 .bss.Alarm_Hours
                0x00000000008000ea        0x1 ./Clock.o
                0x00000000008000ea                Alarm_Hours
 .bss.Alarm_Minutes
                0x00000000008000eb        0x1 ./Clock.o
                0x00000000008000eb                Alarm_Minutes
 .bss.AM_PM     0x00000000008000ec        0x1 ./Clock.o
                0x00000000008000ec                AM_PM
 .bss.Hours     0x00000000008000ed        0x1 ./Clock.o
                0x00000000008000ed                Hours
 .bss.Minutes   0x00000000008000ee        0x1 ./Clock.o
                0x00000000008000ee                Minutes
 .bss.Seconds   0x00000000008000ef        0x1 ./Clock.o
                0x00000000008000ef                Seconds
 .bss.pucAlignedHeap.2085
                0x00000000008000f0        0x2 ./heap_1.o
 .bss.xNextFreeByte
                0x00000000008000f2        0x2 ./heap_1.o
 .bss.ucHeap    0x00000000008000f4      0x5dc ./heap_1.o
 .bss.uxSchedulerSuspended
                0x00000000008006d0        0x1 ./tasks.o
 .bss.xIdleTaskHandle
                0x00000000008006d1        0x2 ./tasks.o
 .bss.xNextTaskUnblockTime
                0x00000000008006d3        0x2 ./tasks.o
 .bss.uxTaskNumber
                0x00000000008006d5        0x1 ./tasks.o
 .bss.xNumOfOverflows
                0x00000000008006d6        0x1 ./tasks.o
 .bss.xYieldPending
                0x00000000008006d7        0x1 ./tasks.o
 .bss.uxPendedTicks
                0x00000000008006d8        0x1 ./tasks.o
 .bss.xSchedulerRunning
                0x00000000008006d9        0x1 ./tasks.o
 .bss.uxTopReadyPriority
                0x00000000008006da        0x1 ./tasks.o
 .bss.xTickCount
                0x00000000008006db        0x2 ./tasks.o
 .bss.uxCurrentNumberOfTasks
                0x00000000008006dd        0x1 ./tasks.o
 .bss.xSuspendedTaskList
                0x00000000008006de        0x9 ./tasks.o
 .bss.uxDeletedTasksWaitingCleanUp
                0x00000000008006e7        0x1 ./tasks.o
 .bss.xTasksWaitingTermination
                0x00000000008006e8        0x9 ./tasks.o
 .bss.xPendingReadyList
                0x00000000008006f1        0x9 ./tasks.o
 .bss.pxOverflowDelayedTaskList
                0x00000000008006fa        0x2 ./tasks.o
 .bss.pxDelayedTaskList
                0x00000000008006fc        0x2 ./tasks.o
 .bss.xDelayedTaskList2
                0x00000000008006fe        0x9 ./tasks.o
 .bss.xDelayedTaskList1
                0x0000000000800707        0x9 ./tasks.o
 .bss.pxReadyTasksLists
                0x0000000000800710       0x2d ./tasks.o
 .bss.pxCurrentTCB
                0x000000000080073d        0x2 ./tasks.o
                0x000000000080073d                pxCurrentTCB
 *(COMMON)
 COMMON         0x000000000080073f        0x2 ./Clock.o
                0x000000000080073f                LCD
 COMMON         0x0000000000800741        0x8 ./KBD_program.o
                0x0000000000800741                KBD_Au8ColsPins
                0x0000000000800745                KBD_Au8RowsPins
                0x0000000000800749                PROVIDE (__bss_end, .)
                0x0000000000003416                __data_load_start = LOADADDR (.data)
                0x0000000000003494                __data_load_end = (__data_load_start + SIZEOF (.data))

.noinit         0x0000000000800749        0x0
                [!provide]                        PROVIDE (__noinit_start, .)
 *(.noinit*)
                [!provide]                        PROVIDE (__noinit_end, .)
                0x0000000000800749                _end = .
                [!provide]                        PROVIDE (__heap_start, .)

.eeprom         0x0000000000810000        0x0
 *(.eeprom*)
                0x0000000000810000                __eeprom_end = .

.fuse
 *(.fuse)
 *(.lfuse)
 *(.hfuse)
 *(.efuse)

.lock
 *(.lock*)

.signature
 *(.signature*)

.user_signatures
 *(.user_signatures*)

.stab
 *(.stab)

.stabstr
 *(.stabstr)

.stab.excl
 *(.stab.excl)

.stab.exclstr
 *(.stab.exclstr)

.stab.index
 *(.stab.index)

.stab.indexstr
 *(.stab.indexstr)

.comment        0x0000000000000000       0x11
 *(.comment)
 .comment       0x0000000000000000       0x11 ./Clock.o
                                         0x12 (size before relaxing)
 .comment       0x0000000000000011       0x12 ./DIO_Program.o
 .comment       0x0000000000000011       0x12 ./KBD_program.o
 .comment       0x0000000000000011       0x12 ./LCD_program.o
 .comment       0x0000000000000011       0x12 ./croutine.o
 .comment       0x0000000000000011       0x12 ./event_groups.o
 .comment       0x0000000000000011       0x12 ./heap_1.o
 .comment       0x0000000000000011       0x12 ./list.o
 .comment       0x0000000000000011       0x12 ./main.o
 .comment       0x0000000000000011       0x12 ./port.o
 .comment       0x0000000000000011       0x12 ./queue.o
 .comment       0x0000000000000011       0x12 ./tasks.o
 .comment       0x0000000000000011       0x12 ./timers.o

.note.gnu.avr.deviceinfo
                0x0000000000000000       0x3c
 .note.gnu.avr.deviceinfo
                0x0000000000000000       0x3c /usr/lib/gcc/avr/5.4.0/../../../avr/lib/avr5/crtatmega32.o

.note.gnu.build-id
 *(.note.gnu.build-id)

.debug
 *(.debug)

.line
 *(.line)

.debug_srcinfo
 *(.debug_srcinfo)

.debug_sfnames
 *(.debug_sfnames)

.debug_aranges
 *(.debug_aranges)

.debug_pubnames
 *(.debug_pubnames)

.debug_info     0x0000000000000000      0x4e6
 *(.debug_info .gnu.linkonce.wi.*)
 .debug_info    0x0000000000000000      0x4e6 /usr/lib/gcc/avr/5.4.0/../../../avr/lib/avr5/crtatmega32.o

.debug_abbrev   0x0000000000000000      0x4a3
 *(.debug_abbrev)
 .debug_abbrev  0x0000000000000000      0x4a3 /usr/lib/gcc/avr/5.4.0/../../../avr/lib/avr5/crtatmega32.o

.debug_line     0x0000000000000000       0x1a
 *(.debug_line .debug_line.* .debug_line_end)
 .debug_line    0x0000000000000000       0x1a /usr/lib/gcc/avr/5.4.0/../../../avr/lib/avr5/crtatmega32.o

.debug_frame
 *(.debug_frame)

.debug_str      0x0000000000000000      0x196
 *(.debug_str)
 .debug_str     0x0000000000000000      0x196 /usr/lib/gcc/avr/5.4.0/../../../avr/lib/avr5/crtatmega32.o

.debug_loc
 *(.debug_loc)

.debug_macinfo
 *(.debug_macinfo)

.debug_weaknames
 *(.debug_weaknames)

.debug_funcnames
 *(.debug_funcnames)

.debug_typenames
 *(.debug_typenames)

.debug_varnames
 *(.debug_varnames)

.debug_pubtypes
 *(.debug_pubtypes)

.debug_ranges
 *(.debug_ranges)

.debug_macro
 *(.debug_macro)
OUTPUT(Home_Clock.elf elf32-avr)
LOAD linker stubs
