Archive member included to satisfy reference by file (symbol)

/usr/lib/gcc/avr/5.4.0/avr5/libgcc.a(_udivmodqi4.o)
                              ./Clock.o (__udivmodqi4)
/usr/lib/gcc/avr/5.4.0/avr5/libgcc.a(_udivmodhi4.o)
                              ./LCD_program.o (__udivmodhi4)
/usr/lib/gcc/avr/5.4.0/avr5/libgcc.a(_divmodhi4.o)
                              ./Clock.o (__divmodhi4)
/usr/lib/gcc/avr/5.4.0/avr5/libgcc.a(_exit.o)
                              /usr/lib/gcc/avr/5.4.0/../../../avr/lib/avr5/crtatmega32.o (exit)
/usr/lib/gcc/avr/5.4.0/avr5/libgcc.a(_copy_data.o)
                              ./Clock.o (__do_copy_data)
/usr/lib/gcc/avr/5.4.0/avr5/libgcc.a(_clear_bss.o)
                              ./Clock.o (__do_clear_bss)
/usr/lib/gcc/avr/5.4.0/../../../avr/lib/avr5/libc.a(memcpy.o)
                              ./queue.o (memcpy)

Allocating common symbols
Common symbol       size              file

KBD_Au8ColsPins     0x4               ./KBD_program.o
KBD_Au8RowsPins     0x4               ./KBD_program.o
LCD                 0x2               ./Clock.o

Memory Configuration

Name             Origin             Length             Attributes
text             0x0000000000000000 0x0000000000020000 xr
data             0x0000000000800060 0x000000000000ffa0 rw !x
eeprom           0x0000000000810000 0x0000000000010000 rw !x
fuse             0x0000000000820000 0x0000000000000002 rw !x
lock             0x0000000000830000 0x0000000000000400 rw !x
signature        0x0000000000840000 0x0000000000000400 rw !x
user_signatures  0x0000000000850000 0x0000000000000400 rw !x
*default*        0x0000000000000000 0xffffffffffffffff

Linker script and memory map

LOAD /usr/lib/gcc/avr/5.4.0/../../../avr/lib/avr5/crtatmega32.o
LOAD ./Clock.o
LOAD ./DIO_Program.o
LOAD ./KBD_program.o
LOAD ./LCD_program.o
LOAD ./croutine.o
LOAD ./event_groups.o
LOAD ./heap_1.o
LOAD ./list.o
LOAD ./main.o
LOAD ./port.o
LOAD ./queue.o
LOAD ./tasks.o
LOAD ./timers.o
START GROUP
LOAD /usr/lib/gcc/avr/5.4.0/avr5/libgcc.a
LOAD /usr/lib/gcc/avr/5.4.0/../../../avr/lib/avr5/libm.a
LOAD /usr/lib/gcc/avr/5.4.0/../../../avr/lib/avr5/libc.a
LOAD /usr/lib/gcc/avr/5.4.0/../../../avr/lib/avr5/libatmega32.a
END GROUP
                0x0000000000020000                __TEXT_REGION_LENGTH__ = DEFINED (__TEXT_REGION_LENGTH__)?__TEXT_REGION_LENGTH__:0x20000
                0x000000000000ffa0                __DATA_REGION_LENGTH__ = DEFINED (__DATA_REGION_LENGTH__)?__DATA_REGION_LENGTH__:0xffa0
                0x0000000000010000                __EEPROM_REGION_LENGTH__ = DEFINED (__EEPROM_REGION_LENGTH__)?__EEPROM_REGION_LENGTH__:0x10000
                [0x0000000000000002]                __FUSE_REGION_LENGTH__ = DEFINED (__FUSE_REGION_LENGTH__)?__FUSE_REGION_LENGTH__:0x400
                0x0000000000000400                __LOCK_REGION_LENGTH__ = DEFINED (__LOCK_REGION_LENGTH__)?__LOCK_REGION_LENGTH__:0x400
                0x0000000000000400                __SIGNATURE_REGION_LENGTH__ = DEFINED (__SIGNATURE_REGION_LENGTH__)?__SIGNATURE_REGION_LENGTH__:0x400
                0x0000000000000400                __USER_SIGNATURE_REGION_LENGTH__ = DEFINED (__USER_SIGNATURE_REGION_LENGTH__)?__USER_SIGNATURE_REGION_LENGTH__:0x400

.hash
 *(.hash)

.dynsym
 *(.dynsym)

.dynstr
 *(.dynstr)

.gnu.version
 *(.gnu.version)

.gnu.version_d
 *(.gnu.version_d)

.gnu.version_r
 *(.gnu.version_r)

.rel.init
 *(.rel.init)

.rela.init
 *(.rela.init)

.rel.text
 *(.rel.text)
 *(.rel.text.*)
 *(.rel.gnu.linkonce.t*)

.rela.text
 *(.rela.text)
 *(.rela.text.*)
 *(.rela.gnu.linkonce.t*)

.rel.fini
 *(.rel.fini)

.rela.fini
 *(.rela.fini)

.rel.rodata
 *(.rel.rodata)
 *(.rel.rodata.*)
 *(.rel.gnu.linkonce.r*)

.rela.rodata
 *(.rela.rodata)
 *(.rela.rodata.*)
 *(.rela.gnu.linkonce.r*)

.rel.data
 *(.rel.data)
 *(.rel.data.*)
 *(.rel.gnu.linkonce.d*)

.rela.data
 *(.rela.data)
 *(.rela.data.*)
 *(.rela.gnu.linkonce.d*)

.rel.ctors
 *(.rel.ctors)

.rela.ctors
 *(.rela.ctors)

.rel.dtors
 *(.rel.dtors)

.rela.dtors
 *(.rela.dtors)

.rel.got
 *(.rel.got)

.rela.got
 *(.rela.got)

.rel.bss
 *(.rel.bss)

.rela.bss
 *(.rela.bss)

.rel.plt
 *(.rel.plt)

.rela.plt
 *(.rela.plt)

.text           0x0000000000000000     0x2ffe
 *(.vectors)
 .vectors       0x0000000000000000       0x54 /usr/lib/gcc/avr/5.4.0/../../../avr/lib/avr5/crtatmega32.o
                0x0000000000000000                __vectors
                0x0000000000000000                __vector_default
 *(.vectors)
 *(.progmem.gcc*)
                0x0000000000000054                . = ALIGN (0x2)
                0x0000000000000054                __trampolines_start = .
 *(.trampolines)
 .trampolines   0x0000000000000054        0x0 linker stubs
 *(.trampolines*)
                0x0000000000000054                __trampolines_end = .
 *libprintf_flt.a:*(.progmem.data)
 *libc.a:*(.progmem.data)
 *(.progmem*)
                0x0000000000000054                . = ALIGN (0x2)
 *(.jumptables)
 *(.jumptables*)
 *(.lowtext)
 *(.lowtext*)
                0x0000000000000054                __ctors_start = .
 *(.ctors)
                0x0000000000000054                __ctors_end = .
                0x0000000000000054                __dtors_start = .
 *(.dtors)
                0x0000000000000054                __dtors_end = .
 SORT(*)(.ctors)
 SORT(*)(.dtors)
 *(.init0)
 .init0         0x0000000000000054        0x0 /usr/lib/gcc/avr/5.4.0/../../../avr/lib/avr5/crtatmega32.o
                0x0000000000000054                __init
 *(.init0)
 *(.init1)
 *(.init1)
 *(.init2)
 .init2         0x0000000000000054        0xc /usr/lib/gcc/avr/5.4.0/../../../avr/lib/avr5/crtatmega32.o
 *(.init2)
 *(.init3)
 *(.init3)
 *(.init4)
 .init4         0x0000000000000060       0x16 /usr/lib/gcc/avr/5.4.0/avr5/libgcc.a(_copy_data.o)
                0x0000000000000060                __do_copy_data
 .init4         0x0000000000000076       0x10 /usr/lib/gcc/avr/5.4.0/avr5/libgcc.a(_clear_bss.o)
                0x0000000000000076                __do_clear_bss
 *(.init4)
 *(.init5)
 *(.init5)
 *(.init6)
 *(.init6)
 *(.init7)
 *(.init7)
 *(.init8)
 *(.init8)
 *(.init9)
 .init9         0x0000000000000086        0x8 /usr/lib/gcc/avr/5.4.0/../../../avr/lib/avr5/crtatmega32.o
 *(.init9)
 *(.text)
 .text          0x000000000000008e        0x4 /usr/lib/gcc/avr/5.4.0/../../../avr/lib/avr5/crtatmega32.o
                0x000000000000008e                __vector_1
                0x000000000000008e                __vector_12
                0x000000000000008e                __bad_interrupt
                0x000000000000008e                __vector_6
                0x000000000000008e                __vector_3
                0x000000000000008e                __vector_11
                0x000000000000008e                __vector_13
                0x000000000000008e                __vector_17
                0x000000000000008e                __vector_19
                0x000000000000008e                __vector_5
                0x000000000000008e                __vector_4
                0x000000000000008e                __vector_9
                0x000000000000008e                __vector_2
                0x000000000000008e                __vector_15
                0x000000000000008e                __vector_8
                0x000000000000008e                __vector_14
                0x000000000000008e                __vector_10
                0x000000000000008e                __vector_16
                0x000000000000008e                __vector_18
                0x000000000000008e                __vector_20
 .text          0x0000000000000092        0x0 ./Clock.o
 .text          0x0000000000000092        0x0 ./DIO_Program.o
 .text          0x0000000000000092        0x0 ./KBD_program.o
 .text          0x0000000000000092        0x0 ./LCD_program.o
 .text          0x0000000000000092        0x0 ./croutine.o
 .text          0x0000000000000092        0x0 ./event_groups.o
 .text          0x0000000000000092        0x0 ./heap_1.o
 .text          0x0000000000000092        0x0 ./list.o
 .text          0x0000000000000092        0x0 ./main.o
 .text          0x0000000000000092        0x0 ./port.o
 .text          0x0000000000000092        0x0 ./queue.o
 .text          0x0000000000000092        0x0 ./tasks.o
 .text          0x0000000000000092        0x0 ./timers.o
 .text          0x0000000000000092        0x0 /usr/lib/gcc/avr/5.4.0/avr5/libgcc.a(_udivmodqi4.o)
 .text          0x0000000000000092        0x0 /usr/lib/gcc/avr/5.4.0/avr5/libgcc.a(_udivmodhi4.o)
 .text          0x0000000000000092        0x0 /usr/lib/gcc/avr/5.4.0/avr5/libgcc.a(_divmodhi4.o)
 .text          0x0000000000000092        0x0 /usr/lib/gcc/avr/5.4.0/avr5/libgcc.a(_exit.o)
 .text          0x0000000000000092        0x0 /usr/lib/gcc/avr/5.4.0/avr5/libgcc.a(_copy_data.o)
 .text          0x0000000000000092        0x0 /usr/lib/gcc/avr/5.4.0/avr5/libgcc.a(_clear_bss.o)
 .text          0x0000000000000092        0x0 /usr/lib/gcc/avr/5.4.0/../../../avr/lib/avr5/libc.a(memcpy.o)
                0x0000000000000092                . = ALIGN (0x2)
 *(.text.*)
 .text.Clock_Print_Default_Interface
                0x0000000000000092       0x36 ./Clock.o
                0x0000000000000092                Clock_Print_Default_Interface
 .text.Clock_Second
                0x00000000000000c8       0x84 ./Clock.o
                0x00000000000000c8                Clock_Second
 .text.Clock_Minute
                0x000000000000014c       0x76 ./Clock.o
                0x000000000000014c                Clock_Minute
 .text.Clock_Hours
                0x00000000000001c2       0x82 ./Clock.o
                0x00000000000001c2                Clock_Hours
 .text.Clock_Check_KPD
                0x0000000000000244       0x64 ./Clock.o
                0x0000000000000244                Clock_Check_KPD
 .text.Clock_Enter_Typing_Mode
                0x00000000000002a8      0x228 ./Clock.o
                0x00000000000002a8                Clock_Enter_Typing_Mode
 .text.DIO_voidInitialize
                0x00000000000004d0        0xa ./DIO_Program.o
                0x00000000000004d0                DIO_voidInitialize
 .text.DIO_u8SetPinDirection
                0x00000000000004da       0xe2 ./DIO_Program.o
                0x00000000000004da                DIO_u8SetPinDirection
 .text.DIO_u8SetPinValue
                0x00000000000005bc       0xe2 ./DIO_Program.o
                0x00000000000005bc                DIO_u8SetPinValue
 .text.DIO_u8SetPortDirection
                0x000000000000069e       0x26 ./DIO_Program.o
                0x000000000000069e                DIO_u8SetPortDirection
 .text.DIO_u8SetPortValue
                0x00000000000006c4       0x26 ./DIO_Program.o
                0x00000000000006c4                DIO_u8SetPortValue
 .text.DIO_u8GetPinValue
                0x00000000000006ea       0x42 ./DIO_Program.o
                0x00000000000006ea                DIO_u8GetPinValue
 .text.DIO_u8GetPortValue
                0x000000000000072c       0x2a ./DIO_Program.o
                0x000000000000072c                DIO_u8GetPortValue
 .text.KBD_u8GetKeyPadState
                0x0000000000000756       0xbc ./KBD_program.o
                0x0000000000000756                KBD_u8GetKeyPadState
 .text.KBD_u8Initialize
                0x0000000000000812      0x172 ./KBD_program.o
                0x0000000000000812                KBD_u8Initialize
 .text.KBD_keys_map
                0x0000000000000984       0x20 ./KBD_program.o
                0x0000000000000984                KBD_keys_map
 .text.LCD_Void_Write
                0x00000000000009a4       0x8a ./LCD_program.o
 .text.LCD_Void_Write_Cmd
                0x0000000000000a2e       0x14 ./LCD_program.o
                0x0000000000000a2e                LCD_Void_Write_Cmd
 .text.LCD_Void_Write_Data
                0x0000000000000a42       0x14 ./LCD_program.o
                0x0000000000000a42                LCD_Void_Write_Data
 .text.LCD_initialize
                0x0000000000000a56       0xac ./LCD_program.o
                0x0000000000000a56                LCD_initialize
 .text.LCD_Void_Write_String
                0x0000000000000b02       0x3e ./LCD_program.o
                0x0000000000000b02                LCD_Void_Write_String
 .text.LCD_Void_Clear
                0x0000000000000b40        0x6 ./LCD_program.o
                0x0000000000000b40                LCD_Void_Clear
 .text.LCD_Void_Write_Blinking_String
                0x0000000000000b46       0x38 ./LCD_program.o
                0x0000000000000b46                LCD_Void_Write_Blinking_String
 .text.LCD_Set_Block
                0x0000000000000b7e        0xe ./LCD_program.o
                0x0000000000000b7e                LCD_Set_Block
 .text.LCD_Void_Write_Moving_String
                0x0000000000000b8c       0x4e ./LCD_program.o
                0x0000000000000b8c                LCD_Void_Write_Moving_String
 .text.LCD_Void_Write_CGRAM
                0x0000000000000bda       0x74 ./LCD_program.o
                0x0000000000000bda                LCD_Void_Write_CGRAM
 .text.LCD_Void_Write_Number
                0x0000000000000c4e       0x72 ./LCD_program.o
                0x0000000000000c4e                LCD_Void_Write_Number
 .text.LCD_Void_Write_Number_2
                0x0000000000000cc0       0x1a ./LCD_program.o
                0x0000000000000cc0                LCD_Void_Write_Number_2
 .text.LCD_Void_Write_Number_1
                0x0000000000000cda        0x6 ./LCD_program.o
                0x0000000000000cda                LCD_Void_Write_Number_1
 .text.xEventGroupCreate
                0x0000000000000ce0       0x26 ./event_groups.o
                0x0000000000000ce0                xEventGroupCreate
 .text.xEventGroupWaitBits
                0x0000000000000d06       0xf0 ./event_groups.o
                0x0000000000000d06                xEventGroupWaitBits
 .text.xEventGroupClearBits
                0x0000000000000df6       0x1e ./event_groups.o
                0x0000000000000df6                xEventGroupClearBits
 .text.xEventGroupGetBitsFromISR
                0x0000000000000e14        0x8 ./event_groups.o
                0x0000000000000e14                xEventGroupGetBitsFromISR
 .text.xEventGroupSetBits
                0x0000000000000e1c       0xaa ./event_groups.o
                0x0000000000000e1c                xEventGroupSetBits
 .text.xEventGroupSync
                0x0000000000000ec6       0xd6 ./event_groups.o
                0x0000000000000ec6                xEventGroupSync
 .text.vEventGroupDelete
                0x0000000000000f9c       0x2c ./event_groups.o
                0x0000000000000f9c                vEventGroupDelete
 .text.vEventGroupSetBitsCallback
                0x0000000000000fc8        0x6 ./event_groups.o
                0x0000000000000fc8                vEventGroupSetBitsCallback
 .text.vEventGroupClearBitsCallback
                0x0000000000000fce        0x6 ./event_groups.o
                0x0000000000000fce                vEventGroupClearBitsCallback
 .text.pvPortMalloc
                0x0000000000000fd4       0x64 ./heap_1.o
                0x0000000000000fd4                pvPortMalloc
 .text.vPortFree
                0x0000000000001038        0x2 ./heap_1.o
                0x0000000000001038                vPortFree
 .text.vPortInitialiseBlocks
                0x000000000000103a        0xa ./heap_1.o
                0x000000000000103a                vPortInitialiseBlocks
 .text.xPortGetFreeHeapSize
                0x0000000000001044       0x12 ./heap_1.o
                0x0000000000001044                xPortGetFreeHeapSize
 .text.vListInitialise
                0x0000000000001056       0x1c ./list.o
                0x0000000000001056                vListInitialise
 .text.vListInitialiseItem
                0x0000000000001072        0x8 ./list.o
                0x0000000000001072                vListInitialiseItem
 .text.vListInsertEnd
                0x000000000000107a       0x42 ./list.o
                0x000000000000107a                vListInsertEnd
 .text.vListInsert
                0x00000000000010bc       0x70 ./list.o
                0x00000000000010bc                vListInsert
 .text.uxListRemove
                0x000000000000112c       0x48 ./list.o
                0x000000000000112c                uxListRemove
 .text.startup.main
                0x0000000000001174       0x84 ./main.o
                0x0000000000001174                main
 .text.pxPortInitialiseStack
                0x00000000000011f8       0xd8 ./port.o
                0x00000000000011f8                pxPortInitialiseStack
 .text.xPortStartScheduler
                0x00000000000012d0       0x6c ./port.o
                0x00000000000012d0                xPortStartScheduler
 .text.vPortEndScheduler
                0x000000000000133c        0x2 ./port.o
                0x000000000000133c                vPortEndScheduler
 .text.vPortYield
                0x000000000000133e       0xb2 ./port.o
                0x000000000000133e                vPortYield
 .text.vPortYieldFromTick
                0x00000000000013f0       0xb8 ./port.o
                0x00000000000013f0                vPortYieldFromTick
 .text.__vector_7
                0x00000000000014a8        0x6 ./port.o
                0x00000000000014a8                __vector_7
 .text.prvIsQueueEmpty
                0x00000000000014ae       0x16 ./queue.o
 .text.prvCopyDataToQueue
                0x00000000000014c4       0xa6 ./queue.o
 .text.prvCopyDataFromQueue
                0x000000000000156a       0x34 ./queue.o
 .text.prvUnlockQueue
                0x000000000000159e       0x7c ./queue.o
 .text.xQueueGenericReset
                0x000000000000161a       0x7e ./queue.o
                0x000000000000161a                xQueueGenericReset
 .text.xQueueGenericCreate
                0x0000000000001698       0x50 ./queue.o
                0x0000000000001698                xQueueGenericCreate
 .text.xQueueGenericSend
                0x00000000000016e8      0x12c ./queue.o
                0x00000000000016e8                xQueueGenericSend
 .text.xQueueCreateMutex
                0x0000000000001814       0x34 ./queue.o
                0x0000000000001814                xQueueCreateMutex
 .text.xQueueGenericSendFromISR
                0x0000000000001848       0x5e ./queue.o
                0x0000000000001848                xQueueGenericSendFromISR
 .text.xQueueGiveFromISR
                0x00000000000018a6       0x46 ./queue.o
                0x00000000000018a6                xQueueGiveFromISR
 .text.xQueueReceive
                0x00000000000018ec      0x124 ./queue.o
                0x00000000000018ec                xQueueReceive
 .text.xQueueSemaphoreTake
                0x0000000000001a10      0x184 ./queue.o
                0x0000000000001a10                xQueueSemaphoreTake
 .text.xQueuePeek
                0x0000000000001b94      0x124 ./queue.o
                0x0000000000001b94                xQueuePeek
 .text.xQueueReceiveFromISR
                0x0000000000001cb8       0x5e ./queue.o
                0x0000000000001cb8                xQueueReceiveFromISR
 .text.xQueuePeekFromISR
                0x0000000000001d16       0x2e ./queue.o
                0x0000000000001d16                xQueuePeekFromISR
 .text.uxQueueMessagesWaiting
                0x0000000000001d44       0x10 ./queue.o
                0x0000000000001d44                uxQueueMessagesWaiting
 .text.uxQueueSpacesAvailable
                0x0000000000001d54       0x14 ./queue.o
                0x0000000000001d54                uxQueueSpacesAvailable
 .text.uxQueueMessagesWaitingFromISR
                0x0000000000001d68        0x6 ./queue.o
                0x0000000000001d68                uxQueueMessagesWaitingFromISR
 .text.vQueueDelete
                0x0000000000001d6e        0x4 ./queue.o
                0x0000000000001d6e                vQueueDelete
 .text.xQueueIsQueueEmptyFromISR
                0x0000000000001d72        0xc ./queue.o
                0x0000000000001d72                xQueueIsQueueEmptyFromISR
 .text.xQueueIsQueueFullFromISR
                0x0000000000001d7e        0xe ./queue.o
                0x0000000000001d7e                xQueueIsQueueFullFromISR
 .text.prvResetNextTaskUnblockTime
                0x0000000000001d8c       0x36 ./tasks.o
 .text.prvAddCurrentTaskToDelayedList
                0x0000000000001dc2       0xb8 ./tasks.o
 .text.prvIdleTask
                0x0000000000001e7a       0x58 ./tasks.o
 .text.xTaskCreate
                0x0000000000001ed2      0x204 ./tasks.o
                0x0000000000001ed2                xTaskCreate
 .text.vTaskDelete
                0x00000000000020d6       0xaa ./tasks.o
                0x00000000000020d6                vTaskDelete
 .text.vTaskResume
                0x0000000000002180       0x8e ./tasks.o
                0x0000000000002180                vTaskResume
 .text.xTaskResumeFromISR
                0x000000000000220e       0x90 ./tasks.o
                0x000000000000220e                xTaskResumeFromISR
 .text.vTaskStartScheduler
                0x000000000000229e       0x54 ./tasks.o
                0x000000000000229e                vTaskStartScheduler
 .text.vTaskEndScheduler
                0x00000000000022f2        0xa ./tasks.o
                0x00000000000022f2                vTaskEndScheduler
 .text.vTaskSuspendAll
                0x00000000000022fc        0xc ./tasks.o
                0x00000000000022fc                vTaskSuspendAll
 .text.xTaskGetTickCount
                0x0000000000002308       0x14 ./tasks.o
                0x0000000000002308                xTaskGetTickCount
 .text.xTaskGetTickCountFromISR
                0x000000000000231c        0xa ./tasks.o
                0x000000000000231c                xTaskGetTickCountFromISR
 .text.uxTaskGetNumberOfTasks
                0x0000000000002326        0x6 ./tasks.o
                0x0000000000002326                uxTaskGetNumberOfTasks
 .text.pcTaskGetName
                0x000000000000232c       0x10 ./tasks.o
                0x000000000000232c                pcTaskGetName
 .text.xTaskIncrementTick
                0x000000000000233c      0x158 ./tasks.o
                0x000000000000233c                xTaskIncrementTick
 .text.xTaskResumeAll
                0x0000000000002494       0xde ./tasks.o
                0x0000000000002494                xTaskResumeAll
 .text.vTaskDelayUntil
                0x0000000000002572       0x70 ./tasks.o
                0x0000000000002572                vTaskDelayUntil
 .text.vTaskDelay
                0x00000000000025e2       0x2a ./tasks.o
                0x00000000000025e2                vTaskDelay
 .text.vTaskSwitchContext
                0x000000000000260c       0x86 ./tasks.o
                0x000000000000260c                vTaskSwitchContext
 .text.vTaskSuspend
                0x0000000000002692       0xac ./tasks.o
                0x0000000000002692                vTaskSuspend
 .text.vTaskPlaceOnEventList
                0x000000000000273e       0x22 ./tasks.o
                0x000000000000273e                vTaskPlaceOnEventList
 .text.vTaskPlaceOnUnorderedEventList
                0x0000000000002760       0x30 ./tasks.o
                0x0000000000002760                vTaskPlaceOnUnorderedEventList
 .text.xTaskRemoveFromEventList
                0x0000000000002790       0x80 ./tasks.o
                0x0000000000002790                xTaskRemoveFromEventList
 .text.vTaskRemoveFromUnorderedEventList
                0x0000000000002810       0x64 ./tasks.o
                0x0000000000002810                vTaskRemoveFromUnorderedEventList
 .text.vTaskSetTimeOutState
                0x0000000000002874       0x20 ./tasks.o
                0x0000000000002874                vTaskSetTimeOutState
 .text.vTaskInternalSetTimeOutState
                0x0000000000002894       0x16 ./tasks.o
                0x0000000000002894                vTaskInternalSetTimeOutState
 .text.xTaskCheckForTimeOut
                0x00000000000028aa       0x66 ./tasks.o
                0x00000000000028aa                xTaskCheckForTimeOut
 .text.vTaskMissedYield
                0x0000000000002910        0x8 ./tasks.o
                0x0000000000002910                vTaskMissedYield
 .text.xTaskGetCurrentTaskHandle
                0x0000000000002918        0xa ./tasks.o
                0x0000000000002918                xTaskGetCurrentTaskHandle
 .text.xTaskPriorityInherit
                0x0000000000002922       0xc6 ./tasks.o
                0x0000000000002922                xTaskPriorityInherit
 .text.xTaskPriorityDisinherit
                0x00000000000029e8       0x74 ./tasks.o
                0x00000000000029e8                xTaskPriorityDisinherit
 .text.vTaskPriorityDisinheritAfterTimeout
                0x0000000000002a5c       0x8e ./tasks.o
                0x0000000000002a5c                vTaskPriorityDisinheritAfterTimeout
 .text.uxTaskResetEventItemValue
                0x0000000000002aea       0x2e ./tasks.o
                0x0000000000002aea                uxTaskResetEventItemValue
 .text.pvTaskIncrementMutexHeldCount
                0x0000000000002b18       0x24 ./tasks.o
                0x0000000000002b18                pvTaskIncrementMutexHeldCount
 .text.ulTaskNotifyTake
                0x0000000000002b3c       0xa2 ./tasks.o
                0x0000000000002b3c                ulTaskNotifyTake
 .text.xTaskNotifyWait
                0x0000000000002bde      0x110 ./tasks.o
                0x0000000000002bde                xTaskNotifyWait
 .text.xTaskGenericNotify
                0x0000000000002cee       0xd2 ./tasks.o
                0x0000000000002cee                xTaskGenericNotify
 .text.xTaskGenericNotifyFromISR
                0x0000000000002dc0       0xf4 ./tasks.o
                0x0000000000002dc0                xTaskGenericNotifyFromISR
 .text.vTaskNotifyGiveFromISR
                0x0000000000002eb4       0xa4 ./tasks.o
                0x0000000000002eb4                vTaskNotifyGiveFromISR
 .text.xTaskNotifyStateClear
                0x0000000000002f58       0x28 ./tasks.o
                0x0000000000002f58                xTaskNotifyStateClear
 .text.libgcc.mul
                0x0000000000002f80        0x0 /usr/lib/gcc/avr/5.4.0/avr5/libgcc.a(_udivmodqi4.o)
 .text.libgcc.div
                0x0000000000002f80       0x18 /usr/lib/gcc/avr/5.4.0/avr5/libgcc.a(_udivmodqi4.o)
                0x0000000000002f80                __udivmodqi4
 .text.libgcc   0x0000000000002f98        0x0 /usr/lib/gcc/avr/5.4.0/avr5/libgcc.a(_udivmodqi4.o)
 .text.libgcc.prologue
                0x0000000000002f98        0x0 /usr/lib/gcc/avr/5.4.0/avr5/libgcc.a(_udivmodqi4.o)
 .text.libgcc.builtins
                0x0000000000002f98        0x0 /usr/lib/gcc/avr/5.4.0/avr5/libgcc.a(_udivmodqi4.o)
 .text.libgcc.fmul
                0x0000000000002f98        0x0 /usr/lib/gcc/avr/5.4.0/avr5/libgcc.a(_udivmodqi4.o)
 .text.libgcc.fixed
                0x0000000000002f98        0x0 /usr/lib/gcc/avr/5.4.0/avr5/libgcc.a(_udivmodqi4.o)
 .text.libgcc.mul
                0x0000000000002f98        0x0 /usr/lib/gcc/avr/5.4.0/avr5/libgcc.a(_udivmodhi4.o)
 .text.libgcc.div
                0x0000000000002f98       0x28 /usr/lib/gcc/avr/5.4.0/avr5/libgcc.a(_udivmodhi4.o)
                0x0000000000002f98                __udivmodhi4
 .text.libgcc   0x0000000000002fc0        0x0 /usr/lib/gcc/avr/5.4.0/avr5/libgcc.a(_udivmodhi4.o)
 .text.libgcc.prologue
                0x0000000000002fc0        0x0 /usr/lib/gcc/avr/5.4.0/avr5/libgcc.a(_udivmodhi4.o)
 .text.libgcc.builtins
                0x0000000000002fc0        0x0 /usr/lib/gcc/avr/5.4.0/avr5/libgcc.a(_udivmodhi4.o)
 .text.libgcc.fmul
                0x0000000000002fc0        0x0 /usr/lib/gcc/avr/5.4.0/avr5/libgcc.a(_udivmodhi4.o)
 .text.libgcc.fixed
                0x0000000000002fc0        0x0 /usr/lib/gcc/avr/5.4.0/avr5/libgcc.a(_udivmodhi4.o)
 .text.libgcc.mul
                0x0000000000002fc0        0x0 /usr/lib/gcc/avr/5.4.0/avr5/libgcc.a(_divmodhi4.o)
 .text.libgcc.div
                0x0000000000002fc0       0x28 /usr/lib/gcc/avr/5.4.0/avr5/libgcc.a(_divmodhi4.o)
                0x0000000000002fc0                __divmodhi4
                0x0000000000002fc0                _div
 .text.libgcc   0x0000000000002fe8        0x0 /usr/lib/gcc/avr/5.4.0/avr5/libgcc.a(_divmodhi4.o)
 .text.libgcc.prologue
                0x0000000000002fe8        0x0 /usr/lib/gcc/avr/5.4.0/avr5/libgcc.a(_divmodhi4.o)
 .text.libgcc.builtins
                0x0000000000002fe8        0x0 /usr/lib/gcc/avr/5.4.0/avr5/libgcc.a(_divmodhi4.o)
 .text.libgcc.fmul
                0x0000000000002fe8        0x0 /usr/lib/gcc/avr/5.4.0/avr5/libgcc.a(_divmodhi4.o)
 .text.libgcc.fixed
                0x0000000000002fe8        0x0 /usr/lib/gcc/avr/5.4.0/avr5/libgcc.a(_divmodhi4.o)
 .text.libgcc.mul
                0x0000000000002fe8        0x0 /usr/lib/gcc/avr/5.4.0/avr5/libgcc.a(_exit.o)
 .text.libgcc.div
                0x0000000000002fe8        0x0 /usr/lib/gcc/avr/5.4.0/avr5/libgcc.a(_exit.o)
 .text.libgcc   0x0000000000002fe8        0x0 /usr/lib/gcc/avr/5.4.0/avr5/libgcc.a(_exit.o)
 .text.libgcc.prologue
                0x0000000000002fe8        0x0 /usr/lib/gcc/avr/5.4.0/avr5/libgcc.a(_exit.o)
 .text.libgcc.builtins
                0x0000000000002fe8        0x0 /usr/lib/gcc/avr/5.4.0/avr5/libgcc.a(_exit.o)
 .text.libgcc.fmul
                0x0000000000002fe8        0x0 /usr/lib/gcc/avr/5.4.0/avr5/libgcc.a(_exit.o)
 .text.libgcc.fixed
                0x0000000000002fe8        0x0 /usr/lib/gcc/avr/5.4.0/avr5/libgcc.a(_exit.o)
 .text.libgcc.mul
                0x0000000000002fe8        0x0 /usr/lib/gcc/avr/5.4.0/avr5/libgcc.a(_copy_data.o)
 .text.libgcc.div
                0x0000000000002fe8        0x0 /usr/lib/gcc/avr/5.4.0/avr5/libgcc.a(_copy_data.o)
 .text.libgcc   0x0000000000002fe8        0x0 /usr/lib/gcc/avr/5.4.0/avr5/libgcc.a(_copy_data.o)
 .text.libgcc.prologue
                0x0000000000002fe8        0x0 /usr/lib/gcc/avr/5.4.0/avr5/libgcc.a(_copy_data.o)
 .text.libgcc.builtins
                0x0000000000002fe8        0x0 /usr/lib/gcc/avr/5.4.0/avr5/libgcc.a(_copy_data.o)
 .text.libgcc.fmul
                0x0000000000002fe8        0x0 /usr/lib/gcc/avr/5.4.0/avr5/libgcc.a(_copy_data.o)
 .text.libgcc.fixed
                0x0000000000002fe8        0x0 /usr/lib/gcc/avr/5.4.0/avr5/libgcc.a(_copy_data.o)
 .text.libgcc.mul
                0x0000000000002fe8        0x0 /usr/lib/gcc/avr/5.4.0/avr5/libgcc.a(_clear_bss.o)
 .text.libgcc.div
                0x0000000000002fe8        0x0 /usr/lib/gcc/avr/5.4.0/avr5/libgcc.a(_clear_bss.o)
 .text.libgcc   0x0000000000002fe8        0x0 /usr/lib/gcc/avr/5.4.0/avr5/libgcc.a(_clear_bss.o)
 .text.libgcc.prologue
                0x0000000000002fe8        0x0 /usr/lib/gcc/avr/5.4.0/avr5/libgcc.a(_clear_bss.o)
 .text.libgcc.builtins
                0x0000000000002fe8        0x0 /usr/lib/gcc/avr/5.4.0/avr5/libgcc.a(_clear_bss.o)
 .text.libgcc.fmul
                0x0000000000002fe8        0x0 /usr/lib/gcc/avr/5.4.0/avr5/libgcc.a(_clear_bss.o)
 .text.libgcc.fixed
                0x0000000000002fe8        0x0 /usr/lib/gcc/avr/5.4.0/avr5/libgcc.a(_clear_bss.o)
 .text.avr-libc
                0x0000000000002fe8       0x12 /usr/lib/gcc/avr/5.4.0/../../../avr/lib/avr5/libc.a(memcpy.o)
                0x0000000000002fe8                memcpy
                0x0000000000002ffa                . = ALIGN (0x2)
 *(.fini9)
 .fini9         0x0000000000002ffa        0x0 /usr/lib/gcc/avr/5.4.0/avr5/libgcc.a(_exit.o)
                0x0000000000002ffa                exit
                0x0000000000002ffa                _exit
 *(.fini9)
 *(.fini8)
 *(.fini8)
 *(.fini7)
 *(.fini7)
 *(.fini6)
 *(.fini6)
 *(.fini5)
 *(.fini5)
 *(.fini4)
 *(.fini4)
 *(.fini3)
 *(.fini3)
 *(.fini2)
 *(.fini2)
 *(.fini1)
 *(.fini1)
 *(.fini0)
 .fini0         0x0000000000002ffa        0x4 /usr/lib/gcc/avr/5.4.0/avr5/libgcc.a(_exit.o)
 *(.fini0)
                0x0000000000002ffe                _etext = .

.data           0x0000000000800060       0x48 load address 0x0000000000002ffe
                0x0000000000800060                PROVIDE (__data_start, .)
 *(.data)
 .data          0x0000000000800060        0x0 /usr/lib/gcc/avr/5.4.0/../../../avr/lib/avr5/crtatmega32.o
 .data          0x0000000000800060        0x0 ./Clock.o
 .data          0x0000000000800060        0x0 ./DIO_Program.o
 .data          0x0000000000800060        0x0 ./KBD_program.o
 .data          0x0000000000800060        0x0 ./LCD_program.o
 .data          0x0000000000800060        0x0 ./croutine.o
 .data          0x0000000000800060        0x0 ./event_groups.o
 .data          0x0000000000800060        0x0 ./heap_1.o
 .data          0x0000000000800060        0x0 ./list.o
 .data          0x0000000000800060        0x0 ./main.o
 .data          0x0000000000800060        0x0 ./port.o
 .data          0x0000000000800060        0x0 ./queue.o
 .data          0x0000000000800060        0x0 ./tasks.o
 .data          0x0000000000800060        0x0 ./timers.o
 .data          0x0000000000800060        0x0 /usr/lib/gcc/avr/5.4.0/avr5/libgcc.a(_udivmodqi4.o)
 .data          0x0000000000800060        0x0 /usr/lib/gcc/avr/5.4.0/avr5/libgcc.a(_udivmodhi4.o)
 .data          0x0000000000800060        0x0 /usr/lib/gcc/avr/5.4.0/avr5/libgcc.a(_divmodhi4.o)
 .data          0x0000000000800060        0x0 /usr/lib/gcc/avr/5.4.0/avr5/libgcc.a(_exit.o)
 .data          0x0000000000800060        0x0 /usr/lib/gcc/avr/5.4.0/avr5/libgcc.a(_copy_data.o)
 .data          0x0000000000800060        0x0 /usr/lib/gcc/avr/5.4.0/avr5/libgcc.a(_clear_bss.o)
 .data          0x0000000000800060        0x0 /usr/lib/gcc/avr/5.4.0/../../../avr/lib/avr5/libc.a(memcpy.o)
 *(.data*)
 .data.KPD_Check_frequency
                0x0000000000800060        0x1 ./Clock.o
                0x0000000000800060                KPD_Check_frequency
 .data.key_map  0x0000000000800061       0x10 ./KBD_program.o
                0x0000000000800061                key_map
 *(.rodata)
 *(.rodata*)
 .rodata.str1.1
                0x0000000000800071       0x32 ./main.o
 .rodata.str1.1
                0x00000000008000a3        0x5 ./tasks.o
 *(.gnu.linkonce.d*)
                0x00000000008000a8                . = ALIGN (0x2)
                0x00000000008000a8                _edata = .
                0x00000000008000a8                PROVIDE (__data_end, .)

.bss            0x00000000008000a8      0x65e
                0x00000000008000a8                PROVIDE (__bss_start, .)
 *(.bss)
 .bss           0x00000000008000a8        0x0 /usr/lib/gcc/avr/5.4.0/../../../avr/lib/avr5/crtatmega32.o
 .bss           0x00000000008000a8        0x0 ./Clock.o
 .bss           0x00000000008000a8        0x0 ./DIO_Program.o
 .bss           0x00000000008000a8        0x0 ./KBD_program.o
 .bss           0x00000000008000a8        0x0 ./LCD_program.o
 .bss           0x00000000008000a8        0x0 ./croutine.o
 .bss           0x00000000008000a8        0x0 ./event_groups.o
 .bss           0x00000000008000a8        0x0 ./heap_1.o
 .bss           0x00000000008000a8        0x0 ./list.o
 .bss           0x00000000008000a8        0x0 ./main.o
 .bss           0x00000000008000a8        0x0 ./port.o
 .bss           0x00000000008000a8        0x0 ./queue.o
 .bss           0x00000000008000a8        0x0 ./tasks.o
 .bss           0x00000000008000a8        0x0 ./timers.o
 .bss           0x00000000008000a8        0x0 /usr/lib/gcc/avr/5.4.0/avr5/libgcc.a(_udivmodqi4.o)
 .bss           0x00000000008000a8        0x0 /usr/lib/gcc/avr/5.4.0/avr5/libgcc.a(_udivmodhi4.o)
 .bss           0x00000000008000a8        0x0 /usr/lib/gcc/avr/5.4.0/avr5/libgcc.a(_divmodhi4.o)
 .bss           0x00000000008000a8        0x0 /usr/lib/gcc/avr/5.4.0/avr5/libgcc.a(_exit.o)
 .bss           0x00000000008000a8        0x0 /usr/lib/gcc/avr/5.4.0/avr5/libgcc.a(_copy_data.o)
 .bss           0x00000000008000a8        0x0 /usr/lib/gcc/avr/5.4.0/avr5/libgcc.a(_clear_bss.o)
 .bss           0x00000000008000a8        0x0 /usr/lib/gcc/avr/5.4.0/../../../avr/lib/avr5/libc.a(memcpy.o)
 *(.bss*)
 .bss.KPD_input
                0x00000000008000a8        0x2 ./Clock.o
                0x00000000008000a8                KPD_input
 .bss.Hours     0x00000000008000aa        0x1 ./Clock.o
                0x00000000008000aa                Hours
 .bss.Minutes   0x00000000008000ab        0x1 ./Clock.o
                0x00000000008000ab                Minutes
 .bss.Seconds   0x00000000008000ac        0x1 ./Clock.o
                0x00000000008000ac                Seconds
 .bss.pucAlignedHeap.2085
                0x00000000008000ad        0x2 ./heap_1.o
 .bss.xNextFreeByte
                0x00000000008000af        0x2 ./heap_1.o
 .bss.ucHeap    0x00000000008000b1      0x5dc ./heap_1.o
 .bss.uxSchedulerSuspended
                0x000000000080068d        0x1 ./tasks.o
 .bss.xIdleTaskHandle
                0x000000000080068e        0x2 ./tasks.o
 .bss.xNextTaskUnblockTime
                0x0000000000800690        0x2 ./tasks.o
 .bss.uxTaskNumber
                0x0000000000800692        0x1 ./tasks.o
 .bss.xNumOfOverflows
                0x0000000000800693        0x1 ./tasks.o
 .bss.xYieldPending
                0x0000000000800694        0x1 ./tasks.o
 .bss.uxPendedTicks
                0x0000000000800695        0x1 ./tasks.o
 .bss.xSchedulerRunning
                0x0000000000800696        0x1 ./tasks.o
 .bss.uxTopReadyPriority
                0x0000000000800697        0x1 ./tasks.o
 .bss.xTickCount
                0x0000000000800698        0x2 ./tasks.o
 .bss.uxCurrentNumberOfTasks
                0x000000000080069a        0x1 ./tasks.o
 .bss.xSuspendedTaskList
                0x000000000080069b        0x9 ./tasks.o
 .bss.uxDeletedTasksWaitingCleanUp
                0x00000000008006a4        0x1 ./tasks.o
 .bss.xTasksWaitingTermination
                0x00000000008006a5        0x9 ./tasks.o
 .bss.xPendingReadyList
                0x00000000008006ae        0x9 ./tasks.o
 .bss.pxOverflowDelayedTaskList
                0x00000000008006b7        0x2 ./tasks.o
 .bss.pxDelayedTaskList
                0x00000000008006b9        0x2 ./tasks.o
 .bss.xDelayedTaskList2
                0x00000000008006bb        0x9 ./tasks.o
 .bss.xDelayedTaskList1
                0x00000000008006c4        0x9 ./tasks.o
 .bss.pxReadyTasksLists
                0x00000000008006cd       0x2d ./tasks.o
 .bss.pxCurrentTCB
                0x00000000008006fa        0x2 ./tasks.o
                0x00000000008006fa                pxCurrentTCB
 *(COMMON)
 COMMON         0x00000000008006fc        0x2 ./Clock.o
                0x00000000008006fc                LCD
 COMMON         0x00000000008006fe        0x8 ./KBD_program.o
                0x00000000008006fe                KBD_Au8ColsPins
                0x0000000000800702                KBD_Au8RowsPins
                0x0000000000800706                PROVIDE (__bss_end, .)
                0x0000000000002ffe                __data_load_start = LOADADDR (.data)
                0x0000000000003046                __data_load_end = (__data_load_start + SIZEOF (.data))

.noinit         0x0000000000800706        0x0
                [!provide]                        PROVIDE (__noinit_start, .)
 *(.noinit*)
                [!provide]                        PROVIDE (__noinit_end, .)
                0x0000000000800706                _end = .
                [!provide]                        PROVIDE (__heap_start, .)

.eeprom         0x0000000000810000        0x0
 *(.eeprom*)
                0x0000000000810000                __eeprom_end = .

.fuse
 *(.fuse)
 *(.lfuse)
 *(.hfuse)
 *(.efuse)

.lock
 *(.lock*)

.signature
 *(.signature*)

.user_signatures
 *(.user_signatures*)

.stab
 *(.stab)

.stabstr
 *(.stabstr)

.stab.excl
 *(.stab.excl)

.stab.exclstr
 *(.stab.exclstr)

.stab.index
 *(.stab.index)

.stab.indexstr
 *(.stab.indexstr)

.comment        0x0000000000000000       0x11
 *(.comment)
 .comment       0x0000000000000000       0x11 ./Clock.o
                                         0x12 (size before relaxing)
 .comment       0x0000000000000011       0x12 ./DIO_Program.o
 .comment       0x0000000000000011       0x12 ./KBD_program.o
 .comment       0x0000000000000011       0x12 ./LCD_program.o
 .comment       0x0000000000000011       0x12 ./croutine.o
 .comment       0x0000000000000011       0x12 ./event_groups.o
 .comment       0x0000000000000011       0x12 ./heap_1.o
 .comment       0x0000000000000011       0x12 ./list.o
 .comment       0x0000000000000011       0x12 ./main.o
 .comment       0x0000000000000011       0x12 ./port.o
 .comment       0x0000000000000011       0x12 ./queue.o
 .comment       0x0000000000000011       0x12 ./tasks.o
 .comment       0x0000000000000011       0x12 ./timers.o

.note.gnu.avr.deviceinfo
                0x0000000000000000       0x3c
 .note.gnu.avr.deviceinfo
                0x0000000000000000       0x3c /usr/lib/gcc/avr/5.4.0/../../../avr/lib/avr5/crtatmega32.o

.note.gnu.build-id
 *(.note.gnu.build-id)

.debug
 *(.debug)

.line
 *(.line)

.debug_srcinfo
 *(.debug_srcinfo)

.debug_sfnames
 *(.debug_sfnames)

.debug_aranges
 *(.debug_aranges)

.debug_pubnames
 *(.debug_pubnames)

.debug_info     0x0000000000000000      0x4e6
 *(.debug_info .gnu.linkonce.wi.*)
 .debug_info    0x0000000000000000      0x4e6 /usr/lib/gcc/avr/5.4.0/../../../avr/lib/avr5/crtatmega32.o

.debug_abbrev   0x0000000000000000      0x4a3
 *(.debug_abbrev)
 .debug_abbrev  0x0000000000000000      0x4a3 /usr/lib/gcc/avr/5.4.0/../../../avr/lib/avr5/crtatmega32.o

.debug_line     0x0000000000000000       0x1a
 *(.debug_line .debug_line.* .debug_line_end)
 .debug_line    0x0000000000000000       0x1a /usr/lib/gcc/avr/5.4.0/../../../avr/lib/avr5/crtatmega32.o

.debug_frame
 *(.debug_frame)

.debug_str      0x0000000000000000      0x196
 *(.debug_str)
 .debug_str     0x0000000000000000      0x196 /usr/lib/gcc/avr/5.4.0/../../../avr/lib/avr5/crtatmega32.o

.debug_loc
 *(.debug_loc)

.debug_macinfo
 *(.debug_macinfo)

.debug_weaknames
 *(.debug_weaknames)

.debug_funcnames
 *(.debug_funcnames)

.debug_typenames
 *(.debug_typenames)

.debug_varnames
 *(.debug_varnames)

.debug_pubtypes
 *(.debug_pubtypes)

.debug_ranges
 *(.debug_ranges)

.debug_macro
 *(.debug_macro)
OUTPUT(Home_Clock.elf elf32-avr)
LOAD linker stubs
